******************************************************************************
                  TI ARM Linker Unix v15.12.3                  
******************************************************************************
>> Linked Wed May 31 14:57:02 2017

OUTPUT FILE NAME:   <sensortag_reporter.out>
ENTRY POINT SYMBOL: "ResetISR"  address: 0000a0e1


MEMORY CONFIGURATION

         name            origin    length      used     unused   attr    fill
----------------------  --------  ---------  --------  --------  ----  --------
  IMAGE_HEADER          00001000   00000010  00000010  00000000  R  X
  FLASH                 00001010   00010010  0000f2be  00000d52  R  X
  SRAM                  20000000   00004428  000032f2  00001136  RW X


SEGMENT ALLOCATION MAP

run origin  load origin   length   init length attrs members
----------  ----------- ---------- ----------- ----- -------
00001000    00001000    0000f2d4   0000f2d4    r-x
  00001000    00001000    00000010   00000010    r-- .imgHdr
  00001010    00001010    0000003c   0000003c    r-- .resetVecs
  0000104c    0000104c    0000db2a   0000db2a    r-x .text
  0000eb78    0000eb78    00000b84   00000b84    r-- .const
  0000f700    0000f700    00000bd4   00000bd4    r-- .cinit
20000430    20000430    00000010   00000000    rw-
  20000430    20000430    00000010   00000000    rw- .TI.bound:dmaSpi0RxControlTableEntry$35
20000440    20000440    00000010   00000000    rw-
  20000440    20000440    00000010   00000000    rw- .TI.bound:dmaSpi0TxControlTableEntry$35
20000500    20000500    00000010   00000000    rw-
  20000500    20000500    00000010   00000000    rw- .TI.bound:dmaSpi1RxControlTableEntry$35
20000510    20000510    00002ffa   00000000    rw-
  20000510    20000510    00000010   00000000    rw- .TI.bound:dmaSpi1TxControlTableEntry$35
  20000520    20000520    000020f8   00000000    rw- .data
  20002618    20002618    00000ef2   00000000    rw- .bss
20004228    20004228    00000200   00000000    rw-
  20004228    20004228    00000200   00000000    rw- .stack


SECTION ALLOCATION MAP

 output                                  attributes/
section   page    origin      length       input sections
--------  ----  ----------  ----------   ----------------
.imgHdr    0    00001000    00000010     
                  00001000    00000010     oad_target_external_flash.obj (.imgHdr:retain)

.text      0    0000104c    0000db2a     
                  0000104c    00000314     RFCC26XX_singleMode.obj (.text:fsmActiveState$36)
                  00001360    000002ec     peripheral.obj (.text:gapRole_processGAPMsg$15)
                  0000164c    0000023c     peripheral.obj (.text:GAPRole_SetParameter)
                  00001888    00000228     drivers_cc26xxware.aem3 : PowerCC26XX.oem3 (.text:Power_sleep)
                  00001ab0    00000204     driverlib.lib : sys_ctrl.obj (.text:NOROM_SysCtrlSetRechargeBeforePowerDown)
                  00001cb4    000001f4     rtsv7M3_T_le_eabi.lib : ull_div_t2.obj (.text)
                  00001ea8    000001ec     sensortag.obj (.text:SensorTag_init$41)
                  00002094    000001d0     drivers_cc26xxware.aem3 : PowerCC26XX_calibrateRCOSC.oem3 (.text:calibrateRcoscHf1)
                  00002264    000001a8     PINCC26XX.obj (.text:PIN_init)
                  0000240c    000001a8     RFCC26XX_singleMode.obj (.text:abortCmd$36)
                  000025b4    00000184     drivers_cc26xxware.aem3 : PowerCC26XX_calibrateRCOSC.oem3 (.text:PowerCC26XX_doCalibrate)
                  00002738    00000170     RFCC26XX_singleMode.obj (.text:RF_postCmd)
                  000028a8    00000158     SPICC26XXDMA.obj (.text:SPICC26XXDMA_initIO$35)
                  00002a00    0000014c     SPICC26XXDMA.obj (.text:SPICC26XXDMA_open)
                  00002b4c    00000138     sensortag_factoryreset.obj (.text:SensorTagFactoryReset_storeCurrentImage)
                  00002c84    00000130     driverlib.lib : setup.obj (.text:NOROM_SetupAfterColdResetWakeupFromShutDownCfg3)
                  00002db4    00000120     peripheral.obj (.text:GAPRole_GetParameter)
                  00002ed4    0000011c     drivers_cc26xxware.aem3 : PowerCC26XX.oem3 (.text:Power_init)
                  00002ff0    00000114     RFCC26XX_singleMode.obj (.text:fsmSetupState$36)
                  00003104    00000110     RFCC26XX_singleMode.obj (.text:hwiFxnCpe0Active$36)
                  00003214    000000fc     I2CCC26XX.obj (.text:I2CCC26XX_open)
                  00003310    000000fc     SensorMpu9250.obj (.text:SensorMpu9250_magRead)
                  0000340c    000000fc     sensortag_mov.obj (.text:SensorTagMov_processSensorEvent)
                  00003508    000000fc     peripheral.obj (.text:gapRole_taskFxn$15)
                  00003604    000000fc     rtsv7M3_T_le_eabi.lib : fd_mul_t2.obj (.text)
                  00003700    000000fa                           : fs_add_t2.obj (.text)
                  000037fa    00000002     ble_user_config.obj (.text:DefaultAssertCback)
                  000037fc    000000f8     sysbios.aem3 : BIOS.obj (.text:xdc_runtime_Startup_startMods__I)
                  000038f4    000000f4     SensorBmp280.obj (.text:SensorBmp280_convert)
                  000039e8    000000f0     SPICC26XXDMA.obj (.text:SPICC26XXDMA_transferCancel)
                  00003ad8    000000ec     icall.obj (.text:ICall_primWaitMatch$30)
                  00003bc4    000000ec     RFCC26XX_singleMode.obj (.text:rf_init$36)
                  00003cb0    000000ec     registerservice.obj (.text:sensor_WriteAttrCB$16)
                  00003d9c    000000e8     sensortag.obj (.text:SensorTag_processStateChangeEvt$41)
                  00003e84    000000e0     I2CCC26XX.obj (.text:I2CCC26XX_hwiFxn$39)
                  00003f64    000000dc     SensorMpu9250.obj (.text:SensorMpu9250_enableWom)
                  00004040    000000d4     driverlib.lib : setup.obj (.text:NOROM_SetupAfterColdResetWakeupFromShutDownCfg2)
                  00004114    000000d4     drivers_cc26xxware.aem3 : PowerCC26XX.oem3 (.text:Power_releaseDependency)
                  000041e8    000000d0                             : PowerCC26XX.oem3 (.text:Power_setDependency)
                  000042b8    000000cc     SPICC26XXDMA.obj (.text:SPICC26XXDMA_transfer)
                  00004384    000000cc     driverlib.lib : setup.obj (.text:TrimAfterColdResetWakeupFromShutDown$79)
                  00004450    000000cc     sysbios.aem3 : BIOS.obj (.text:ti_sysbios_knl_Semaphore_pend__E)
                  0000451c    000000cc                  : BIOS.obj (.text:ti_sysbios_knl_Task_Instance_init__E)
                  000045e8    000000c8     SPICC26XXDMA.obj (.text:SPICC26XXDMA_configDMA$35)
                  000046b0    000000c8     RFCC26XX_singleMode.obj (.text:fsmPowerUpState$36)
                  00004778    000000c8     sysbios.aem3 : m3_Hwi_asm.obj (.text:ti_sysbios_family_arm_m3_Hwi_dispatch__I)
                  00004840    000000c4     I2CCC26XX.obj (.text:I2CCC26XX_transfer)
                  00004904    000000c4     sensortag_mov.obj (.text:SensorTagMov_processCharChangeEvt)
                  000049c8    000000c4     irtempservice.obj (.text:sensor_WriteAttrCB$10)
                  00004a8c    000000c4     movementservice.obj (.text:sensor_WriteAttrCB$11)
                  00004b50    000000c4     opticservice.obj (.text:sensor_WriteAttrCB$14)
                  00004c14    000000c4     barometerservice.obj (.text:sensor_WriteAttrCB$2)
                  00004cd8    000000c4     humidityservice.obj (.text:sensor_WriteAttrCB$8)
                  00004d9c    000000c4     RFCC26XX_singleMode.obj (.text:swiFxnHw$36)
                  00004e60    000000c0     RFCC26XX_singleMode.obj (.text:RF_open)
                  00004f20    000000c0     ioservice.obj (.text:io_WriteAttrCB$9)
                  00004fe0    000000bc     power_cc26xx_tirtos.aem3 : PowerCC26XX_tirtos.oem3 (.text:PowerCC26XX_standbyPolicy)
                  0000509c    000000b8     sensortag_bar.obj (.text:sensorTaskFxn$42)
                  00005154    000000b4     PINCC26XX.obj (.text:PINCC26XX_setIoCfg$37)
                  00005208    000000b4     sensortag_factoryreset.obj (.text:SensorTagFactoryReset_hasImage)
                  000052bc    000000b0     sensortag_io.obj (.text:SensorTagIO_processCharChangeEvt)
                  0000536c    000000b0     sensortag_keys.obj (.text:SensorTagKeys_processEvent)
                  0000541c    000000b0     devinfoservice.obj (.text:devInfo_ReadAttrCB$5)
                  000054cc    000000b0     peripheral.obj (.text:gapRole_init$15)
                  0000557c    000000ac     oad.obj (.text:OAD_imgBlockWrite)
                  00005628    000000a8     sensortag.obj (.text:SensorTag_taskFxn$41)
                  000056d0    000000a8     oad.obj (.text:oadWriteAttrCB$12)
                  00005778    000000a8     sensortag_tmp.obj (.text:sensorTaskFxn$54)
                  00005820    000000a4     driverlib.lib : setup.obj (.text:NOROM_SetupTrimDevice)
                  000058c4    000000a4     ccservice.obj (.text:ccService_WriteAttrCB$4)
                  00005968    000000a0     SPICC26XXDMA.obj (.text:SPICC26XXDMA_hwiFxn$35)
                  00005a08    000000a0     auto_init.aem3 : auto_init.oem3 (.text)
                  00005aa8    000000a0     sysbios.aem3 : BIOS.obj (.text:ti_sysbios_knl_Task_setPri__E)
                  00005b48    0000009c     oad.obj (.text:OAD_imgIdentifyWrite)
                  00005be4    0000009c     sensortag_keys.obj (.text:SensorTagKeys_clockHandler$49)
                  00005c80    0000009c     SensorTmp007.obj (.text:SensorTmp007_test)
                  00005d1c    0000009c     rtsv7M3_T_le_eabi.lib : memcpy_t2.obj (.text)
                  00005db8    0000009c     sensortag_hum.obj (.text:sensorTaskFxn$47)
                  00005e54    00000098     PINCC26XX.obj (.text:PIN_open)
                  00005eec    00000098     sysbios.aem3 : BIOS.obj (.text:ti_sysbios_knl_Clock_workFuncDynamic__E)
                  00005f84    00000096     SensorBmp280.obj (.text:SensorBmp280_test)
                  0000601a    00000002     SPICC26XXDMA.obj (.text:SPICC26XXDMA_serviceISR$35)
                  0000601c    00000094     gattservapp_util.obj (.text:GATTServApp_ProcessCharCfg)
                  000060b0    00000094     SPICC26XXDMA.obj (.text:SPICC26XXDMA_control)
                  00006144    00000094     sensortag_opt.obj (.text:SensorTagOpt_processCharChangeEvt)
                  000061d8    00000094     sysbios.aem3 : BIOS.obj (.text:ti_sysbios_family_arm_m3_Hwi_Instance_init__E)
                  0000626c    00000090     I2CCC26XX.obj (.text:I2CCC26XX_primeTransfer$39)
                  000062fc    00000090     oad.obj (.text:crcCalcDL$12)
                  0000638c    00000090     drivers_cc26xxware.aem3 : PowerCC26XX.oem3 (.text:switchXOSCHFclockFunc)
                  0000641c    0000008c     devinfoservice.obj (.text:DevInfo_SetParameter)
                  000064a8    00000088     I2CCC26XX.obj (.text:I2CCC26XX_cancel)
                  00006530    00000088     driverlib.lib : osc.obj (.text:NOROM_OSCHF_GetStartupTime)
                  000065b8    00000088     sensortag_bar.obj (.text:SensorTagBar_processCharChangeEvt)
                  00006640    00000088     sensortag_register.obj (.text:SensorTagRegister_processCharChangeEvt)
                  000066c8    00000088     registerservice.obj (.text:sensor_ReadAttrCB$16)
                  00006750    00000086     rtsv7M3_T_le_eabi.lib : fd_cmp_t2.obj (.text:__aeabi_cdrcmple)
                  000067d6    00000002     RFCC26XX_singleMode.obj (.text:defaultErrCb$36)
                  000067d8    00000084     icall.obj (.text:ICall_heapMalloc)
                  0000685c    00000084     icall.obj (.text:ICall_primSetTimer$30)
                  000068e0    00000084     TRNGCC26XX.obj (.text:TRNGCC26XX_getNumber)
                  00006964    00000084     sensortag_register.obj (.text:readRegister$53)
                  000069e8    00000080     RFCC26XX_singleMode.obj (.text:RF_pendCmd)
                  00006a68    00000080     sensortag_tmp.obj (.text:SensorTagTmp_processCharChangeEvt)
                  00006ae8    00000080     SensorMpu9250.obj (.text:sensorMagInit$23)
                  00006b68    00000080     sysbios.aem3 : BIOS.obj (.text:ti_sysbios_family_arm_m3_Hwi_initNVIC__E)
                  00006be8    00000080                  : BIOS.obj (.text:ti_sysbios_knl_Task_postInit__I)
                  00006c68    00000080                  : BIOS.obj (.text:xdc_runtime_Core_createObject__I)
                  00006ce8    0000007c     sensortag_hum.obj (.text:SensorTagHum_processCharChangeEvt)
                  00006d64    0000007c     drivers_cc26xxware.aem3 : PowerCC26XX.oem3 (.text:disableLFClockQualifiers)
                  00006de0    0000007a     rtsv7M3_T_le_eabi.lib : memset_t2.obj (.text)
                  00006e5a    00000002     drivers_cc26xxware.aem3 : PowerCC26XX.oem3 (.text:emptyClockFunc)
                  00006e5c    00000078     driverlib.lib : setup.obj (.text:NOROM_SetupAfterColdResetWakeupFromShutDownCfg1)
                  00006ed4    00000078     oad.obj (.text:OAD_rejectImage$12)
                  00006f4c    00000078     SensorTagTest.obj (.text:SensorTag_testExecute)
                  00006fc4    00000078     peripheral.obj (.text:gapRole_startConnUpdate$15)
                  0000703c    00000078     sysbios.aem3 : BIOS.obj (.text:ti_sysbios_knl_Clock_walkQueueDynamic__E)
                  000070b4    00000074     icall_cc2650.obj (.text:ICallPlatform_pwrUpdActivityCounter)
                  00007128    00000074     icall.obj (.text:ICall_primSend$30)
                  0000719c    00000074     drivers_cc26xxware.aem3 : PowerCC26XX_calibrateRCOSC.oem3 (.text:PowerCC26XX_auxISR)
                  00007210    00000074     sensortag_register.obj (.text:SensorTagRegister_reset)
                  00007284    00000074     drivers_cc26xxware.aem3 : PowerCC26XX_calibrateRCOSC.oem3 (.text:calibrateRcoscHf2)
                  000072f8    00000072     ExtFlash.obj (.text:ExtFlash_write)
                  0000736a    00000002     sysbios.aem3 : BIOS.obj (.text:ti_sysbios_BIOS_linkedWithIncorrectBootLibrary__E)
                  0000736c    00000070     driverlib.lib : chipinfo.obj (.text:NOROM_ChipInfo_GetHwRevision)
                  000073dc    00000070     SensorI2C.obj (.text:SensorI2C_select)
                  0000744c    00000070     sysbios.aem3 : BIOS.obj (.text:ti_sysbios_knl_Task_sleep__E)
                  000074bc    0000006e     rtsv7M3_T_le_eabi.lib : fd_tos_t2.obj (.text)
                  0000752a    00000002     app_ble_pem3.oem3 (.text:ti_sysbios_BIOS_nullFunc__I)
                  0000752c    0000006c     icall.obj (.text:ICall_createRemoteTasks)
                  00007598    0000006c     icall.obj (.text:ICall_heapInit)
                  00007604    0000006c     driverlib.lib : setup.obj (.text:NOROM_SetupGetTrimForAmpcompCtrl)
                  00007670    0000006c     drivers_cc26xxware.aem3 : PowerCC26XX.oem3 (.text:PowerCC26XX_calibrate)
                  000076dc    0000006c     SensorMpu9250.obj (.text:SensorMpu9250_reset)
                  00007748    0000006c     gattservapp_util.obj (.text:gattServApp_SendNotiInd$7)
                  000077b4    0000006c     movementservice.obj (.text:sensor_ReadAttrCB$11)
                  00007820    0000006c     sysbios.aem3 : BIOS.obj (.text:xdc_runtime_Memory_alloc__E)
                  0000788c    0000006a     rtsv7M3_T_le_eabi.lib : copy_decompress_rle.obj (.text)
                  000078f6    00000002     sysbios.aem3 : BIOS.obj (.text:ti_sysbios_gates_GateHwi_Instance_init__E)
                  000078f8    00000068     driverlib.lib : setup.obj (.text:NOROM_SetupGetTrimForAnabypassValue1)
                  00007960    00000068                   : sys_ctrl.obj (.text:NOROM_SysCtrl_DCDC_VoltageConditionalControl)
                  000079c8    00000068     oad_target_external_flash.obj (.text:OADTarget_getCurrentImageHeader)
                  00007a30    00000068     sensortag_conn_ctrl.obj (.text:SensorTagConnectionControl_update)
                  00007a98    00000068     sensortag_factoryreset.obj (.text:SensorTagFactoryReset_extFlashErase)
                  00007b00    00000068     SensorTmp007.obj (.text:SensorTmp007_read)
                  00007b68    00000068     sensortag_mov.obj (.text:appStateSet$50)
                  00007bd0    00000068     RFCC26XX_singleMode.obj (.text:fsmPowerDownState$36)
                  00007c38    00000068     sysbios.aem3 : BIOS.obj (.text:ti_sysbios_knl_Clock_startI__E)
                  00007ca0    00000068                  : BIOS.obj (.text:ti_sysbios_knl_Swi_restoreHwi__E)
                  00007d08    00000066     SensorHdc1000.obj (.text:SensorHdc1000_test)
                  00007d6e    00000002     sysbios.aem3 : BIOS.obj (.text:ti_sysbios_knl_Clock_logTick__E)
                  00007d70    00000064     I2CCC26XX.obj (.text:I2CCC26XX_close)
                  00007dd4    00000064     PINCC26XX.obj (.text:PIN_add)
                  00007e38    00000064     sensortag_opt.obj (.text:SensorTagOpt_processSensorEvent)
                  00007e9c    00000064     sysbios.aem3 : BIOS.obj (.text:ti_sysbios_family_arm_cc26xx_Timer_start__E)
                  00007f00    00000064                  : BIOS.obj (.text:ti_sysbios_knl_Semaphore_post__E)
                  00007f64    00000062     barometerservice.obj (.text:sensor_ReadAttrCB$2)
                  00007fc6    00000002     sysbios.aem3 : BIOS.obj (.text:ti_sysbios_knl_Clock_triggerFunc__I)
                  00007fc8    00000060     I2CCC26XX.obj (.text:I2CCC26XX_initIO$39)
                  00008028    00000060     icall.obj (.text:ICall_primEnroll$30)
                  00008088    00000060     oad.obj (.text:OAD_sendStatus$12)
                  000080e8    00000060     drivers_cc26xxware.aem3 : PowerCC26XX_calibrateRCOSC.oem3 (.text:PowerCC26XX_RCOSC_clockFunc)
                  00008148    00000060     RFCC26XX_singleMode.obj (.text:RF_getCurrentTime)
                  000081a8    00000060     battservice.obj (.text:battReadAttrCB$3)
                  00008208    00000060     drivers_cc26xxware.aem3 : PowerCC26XX_calibrateRCOSC.oem3 (.text:updateSubSecInc)
                  00008268    0000005c     barometerservice.obj (.text:Barometer_setParameter)
                  000082c4    0000005c     ExtFlash.obj (.text:ExtFlash_erase)
                  00008320    0000005c     icall.obj (.text:ICall_primThreadServes$30)
                  0000837c    0000005c     irtempservice.obj (.text:IRTemp_setParameter)
                  000083d8    0000005c     driverlib.lib : osc.obj (.text:NOROM_OSCHF_AttemptToSwitchToXosc)
                  00008434    0000005c                   : sys_ctrl.obj (.text:NOROM_SysCtrlAdjustRechargeAfterPowerDown)
                  00008490    0000005c     oad_target_external_flash.obj (.text:OADTarget_validateNewImage)
                  000084ec    0000005c     oad.obj (.text:OAD_getNextBlockReq$12)
                  00008548    0000005c     SensorMpu9250.obj (.text:SensorMpu9250_magReset)
                  000085a4    0000005c     SensorMpu9250.obj (.text:SensorMpu9250_test)
                  00008600    0000005c     UDMACC26XX.obj (.text:UDMACC26XX_open)
                  0000865c    0000005c     RFCC26XX_singleMode.obj (.text:applyRfCorePatch$36)
                  000086b8    0000005c     RFCC26XX_singleMode.obj (.text:decActiveClientCnt$36)
                  00008714    0000005c     SensorMpu9250.obj (.text:sensorMpu9250WakeUp$23)
                  00008770    0000005c     sysbios.aem3 : BIOS.obj (.text:ti_sysbios_knl_Task_Module_startup__E)
                  000087cc    0000005c                  : BIOS.obj (.text:ti_sysbios_knl_Task_startCore__E)
                  00008828    0000005a     SPICC26XXDMA.obj (.text:SPICC26XXDMA_close)
                  00008882    0000005a     irtempservice.obj (.text:sensor_ReadAttrCB$10)
                  000088dc    0000005a     opticservice.obj (.text:sensor_ReadAttrCB$14)
                  00008936    0000005a     humidityservice.obj (.text:sensor_ReadAttrCB$8)
                  00008990    00000058     humidityservice.obj (.text:Humidity_setParameter)
                  000089e8    00000058     movementservice.obj (.text:Movement_setParameter)
                  00008a40    00000058     oad.obj (.text:OAD_addService)
                  00008a98    00000058     PINCC26XX.obj (.text:PIN_remove)
                  00008af0    00000058     drivers_cc26xxware.aem3 : PowerCC26XX_calibrateRCOSC.oem3 (.text:PowerCC26XX_initiateCalibration)
                  00008b48    00000058     SPICC26XXDMA.obj (.text:SPICC26XXDMA_initHw$35)
                  00008ba0    00000058     sensortag_keys.obj (.text:processGapStateChange$49)
                  00008bf8    00000058     sysbios.aem3 : BIOS.obj (.text:ti_sysbios_family_arm_m3_Hwi_postInit__I)
                  00008c50    00000058                  : BIOS.obj (.text:ti_sysbios_knl_Swi_Instance_init__E)
                  00008ca8    00000058                  : BIOS.obj (.text:ti_sysbios_knl_Swi_run__I)
                  00008d00    00000056     sensortag.obj (.text:SensorTag_processCharValueChangeEvt$41)
                  00008d56    00000054     I2CCC26XX.obj (.text:I2CCC26XX_swiFxn$39)
                  00008daa    00000002     sysbios.aem3 : BIOS.obj (.text:ti_sysbios_knl_Swi_Instance_finalize__E)
                  00008dac    00000054     opticservice.obj (.text:Optic_setParameter)
                  00008e00    00000054     SensorI2C.obj (.text:SensorI2C_open)
                  00008e54    00000054     sensortag_mov.obj (.text:SensorTagMov_init)
                  00008ea8    00000054     util.obj (.text:Util_rescheduleClock)
                  00008efc    00000054     sensortag_factoryreset.obj (.text:calcImageCRC$46)
                  00008f50    00000054     drivers_cc26xxware.aem3 : PowerCC26XX.oem3 (.text:configureXOSCHF)
                  00008fa4    00000054     RFCC26XX_singleMode.obj (.text:fsmXOSCState$36)
                  00008ff8    00000054     RFCC26XX_singleMode.obj (.text:hwiFxnHw$36)
                  0000904c    00000054     RFCC26XX_singleMode.obj (.text:ratChanFree$36)
                  000090a0    00000054     rtsv7M3_T_le_eabi.lib : exit.obj (.text)
                  000090f4    00000054     sysbios.aem3 : BIOS.obj (.text:ti_sysbios_family_arm_m3_Hwi_dispatchC__I)
                  00009148    00000054                  : BIOS.obj (.text:ti_sysbios_knl_Swi_schedule__I)
                  0000919c    00000052     icall.obj (.text:ICall_primWait$30)
                  000091ee    00000052     SPICC26XXDMA.obj (.text:SPICC26XXDMA_swiFxn$35)
                  00009240    00000052     sensortag_conn_ctrl.obj (.text:SensorTagConnControl_processCharChangeEvt)
                  00009292    00000050     ExtFlash.obj (.text:ExtFlash_read)
                  000092e2    00000002     sysbios.aem3 : BIOS.obj (.text:xdc_runtime_Error_policySpin__E)
                  000092e4    00000050     icall_api.obj (.text:GAP_DeviceInit)
                  00009334    00000050     icall_api.obj (.text:GAP_UpdateAdvertisingData)
                  00009384    00000050     icall.obj (.text:ICall_primRegisterApp$30)
                  000093d4    00000050     driverlib.lib : setup.obj (.text:NOROM_SetupSetCacheModeAccordingToCcfgSetting)
                  00009424    00000050     RFCC26XX_singleMode.obj (.text:RF_getInfo)
                  00009474    00000050     oad.obj (.text:checkDL$12)
                  000094c4    00000050     RFCC26XX_singleMode.obj (.text:syncCb$36)
                  00009514    00000050     sysbios.aem3 : BIOS.obj (.text:ti_sysbios_knl_Swi_runLoop__I)
                  00009564    00000050                  : BIOS.obj (.text:xdc_runtime_Startup_exec__E)
                  000095b4    0000004e     SensorOpt3001.obj (.text:SensorOpt3001_test)
                  00009602    0000004e     ccservice.obj (.text:ccService_ReadAttrCB$4)
                  00009650    0000004e     ioservice.obj (.text:io_ReadAttrCB$9)
                  0000969e    00000002     sysbios.aem3 : BIOS.obj (.text:xdc_runtime_SysCallback_defaultAbort)
                  000096a0    0000004c     ExtFlash.obj (.text:ExtFlash_waitReady$27)
                  000096ec    0000004c     icall.obj (.text:ICall_newTask$30)
                  00009738    0000004c     icall.obj (.text:ICall_primGetEntityId$30)
                  00009784    0000004c     driverlib.lib : osc.obj (.text:NOROM_OSCClockSourceSet)
                  000097d0    0000004c     sensortag_opt.obj (.text:SensorTagOpt_init)
                  0000981c    0000004c     sensortag.obj (.text:SensorTag_setDeviceInfo$41)
                  00009868    0000004c     util.obj (.text:Util_constructClock)
                  000098b4    0000004c     battservice.obj (.text:battWriteAttrCB$3)
                  00009900    0000004c     RFCC26XX_singleMode.obj (.text:dispatchOpWhen$36)
                  0000994c    0000004c     peripheral.obj (.text:gapRole_processStackMsg$15)
                  00009998    0000004c     rtsv7M3_T_le_eabi.lib : cpy_tbl.obj (.text)
                  000099e4    0000004c     sysbios.aem3 : m3_TaskSupport_asm.obj (.text:ti_sysbios_family_arm_m3_TaskSupport_buildTaskStack)
                  00009a30    0000004c                  : BIOS.obj (.text:ti_sysbios_knl_Task_schedule__I)
                  00009a7c    0000004a     gattservapp_util.obj (.text:GATTServApp_ProcessCCCWriteReq)
                  00009ac6    0000004a     SensorOpt3001.obj (.text:SensorOpt3001_read)
                  00009b10    00000048     I2CCC26XX.obj (.text:I2CCC26XX_initHw$39)
                  00009b58    00000048     driverlib.lib : chipinfo.obj (.text:NOROM_ChipInfo_GetChipFamily)
                  00009ba0    00000048                   : ddi.obj (.text:NOROM_DDI16BitfieldWrite)
                  00009be8    00000048     SensorOpt3001.obj (.text:SensorOpt3001_convert)
                  00009c30    00000048     sensortag_oad.obj (.text:SensorTag_processOadWriteCB$51)
                  00009c78    00000048     battservice.obj (.text:battNotify$3)
                  00009cc0    00000048     icall_api.obj (.text:gapSendParamAndPtrCmd$29)
                  00009d08    00000048     icall_api.obj (.text:gattIndNoti$29)
                  00009d50    00000048     drivers_cc26xxware.aem3 : PowerCC26XX.oem3 (.text:notify)
                  00009d98    00000048     sysbios.aem3 : BIOS.obj (.text:ti_sysbios_family_arm_m3_Hwi_Module_startup__E)
                  00009de0    00000048                  : m3_Hwi_asm_switch.obj (.text:ti_sysbios_family_arm_m3_Hwi_initStacks__E)
                  00009e28    00000048     app_ble_pem3.oem3 (.text:ti_sysbios_hal_Hwi_create)
                  00009e70    00000048     sensortag_register.obj (.text:writeRegister$53)
                  00009eb8    00000048     sysbios.aem3 : BIOS.obj (.text:xdc_runtime_Core_assignParams__I)
                  00009f00    00000048                  : BIOS.obj (.text:xdc_runtime_Core_constructObject__I)
                  00009f48    00000044     icall_api.obj (.text:GAP_TerminateLinkReq)
                  00009f8c    00000044     PINCC26XX.obj (.text:PIN_swi$37)
                  00009fd0    00000044     SensorHdc1000.obj (.text:SensorHdc1000_read)
                  0000a014    00000044     SensorMpu9250.obj (.text:SensorMpu9250_accSetRange)
                  0000a058    00000044     sensortag_io.obj (.text:SensorTagIO_blinkLed)
                  0000a09c    00000044     sensortag_io.obj (.text:SensorTagIO_reset)
                  0000a0e0    00000044     boot.aem3 : boot.oem3 (.text)
                  0000a124    00000044     SensorMpu9250.obj (.text:sensorMpu9250SetBypass$23)
                  0000a168    00000044     app_ble_pem3.oem3 (.text:ti_sysbios_family_arm_m3_Hwi_Object__create__S)
                  0000a1ac    00000044     sysbios.aem3 : BIOS.obj (.text:ti_sysbios_family_arm_m3_Hwi_disableInterrupt__E)
                  0000a1f0    00000044                  : BIOS.obj (.text:ti_sysbios_family_arm_m3_Hwi_enableInterrupt__E)
                  0000a234    00000044                  : BIOS.obj (.text:ti_sysbios_knl_Swi_post__E)
                  0000a278    00000044                  : BIOS.obj (.text:ti_sysbios_knl_Task_allBlockedFunction__I)
                  0000a2bc    00000044     app_ble_pem3.oem3 (.text:ti_sysbios_knl_Task_create)
                  0000a300    00000042     icall.obj (.text:ICall_primCreateTask$30)
                  0000a342    00000002     sysbios.aem3 : BIOS.obj (.text:xdc_runtime_SysCallback_defaultExit)
                  0000a344    00000040     ExtFlash.obj (.text:ExtFlash_open)
                  0000a384    00000040     ExtFlash.obj (.text:ExtFlash_readInfo$27)
                  0000a3c4    00000040     peripheral.obj (.text:GAPRole_createTask)
                  0000a404    00000040     driverlib.lib : ddi.obj (.text:NOROM_DDI16BitfieldRead)
                  0000a444    00000040     oad_target_external_flash.obj (.text:OADTarget_storeImageHeader)
                  0000a484    00000040     RFCC26XX_singleMode.obj (.text:RF_getRssi)
                  0000a4c4    00000040     simplekeys.obj (.text:SK_readAttrCB$17)
                  0000a504    00000040     SensorI2C.obj (.text:SensorI2C_read)
                  0000a544    00000040     SensorMpu9250.obj (.text:SensorMpu9250_magTest)
                  0000a584    00000040     sensortag_factoryreset.obj (.text:SensorTagFactoryReset_applyFactoryImage)
                  0000a5c4    00000040     sensortag_oad.obj (.text:SensorTagOad_processEvent)
                  0000a604    00000040     SensorTmp007.obj (.text:SensorTmp007_enable)
                  0000a644    00000040     ExtFlash.obj (.text:extFlashVerifyPart$27)
                  0000a684    00000040     SensorMpu9250.obj (.text:sensorMagEnable$23)
                  0000a6c4    00000040     SensorMpu9250.obj (.text:sensorMpuSleep$23)
                  0000a704    00000040     sysbios.aem3 : BIOS.obj (.text:ti_sysbios_family_arm_m3_Hwi_getStackInfo__E)
                  0000a744    00000040                  : BIOS.obj (.text:xdc_runtime_HeapMin_alloc__E)
                  0000a784    0000003c     icall_api.obj (.text:GAP_GetParamValue)
                  0000a7c0    0000003c     icall_api.obj (.text:GATTServApp_RegisterService)
                  0000a7fc    0000003c     icall_cc2650.obj (.text:ICallPlatform_pwrConfigACAction)
                  0000a838    0000003c     driverlib.lib : osc.obj (.text:NOROM_OSC_HPOSCRelativeFrequencyOffsetGet)
                  0000a874    0000003c                   : rfc.obj (.text:NOROM_RFCSynthPowerDown)
                  0000a8b0    0000003c     PINCC26XX.obj (.text:PINCC26XX_getConfig)
                  0000a8ec    0000003c     RFCC26XX_singleMode.obj (.text:RF_runCmd)
                  0000a928    0000003c     registerservice.obj (.text:Register_setParameter)
                  0000a964    0000003c     SPICC26XXDMA.obj (.text:SPICC26XXDMA_csnCallback$35)
                  0000a9a0    0000003c     SensorBmp280.obj (.text:SensorBmp280_read)
                  0000a9dc    0000003c     SensorI2C.obj (.text:SensorI2C_writeRead)
                  0000aa18    0000003c     SensorMpu9250.obj (.text:SensorMpu9250_accRead)
                  0000aa54    0000003c     SensorMpu9250.obj (.text:SensorMpu9250_accReadRange)
                  0000aa90    0000003c     sensortag_bar.obj (.text:SensorTagBar_createTask)
                  0000aacc    0000003c     sensortag_buzzer.obj (.text:SensorTagBuzzer_open)
                  0000ab08    0000003c     sensortag_buzzer.obj (.text:SensorTagBuzzer_setFrequency)
                  0000ab44    0000003c     sensortag_hum.obj (.text:SensorTagHum_createTask)
                  0000ab80    0000003c     sensortag_tmp.obj (.text:SensorTagTmp_createTask)
                  0000abbc    0000003c     sensortag.obj (.text:SensorTag_createTask)
                  0000abf8    0000003c     oad.obj (.text:oadReadAttrCB$12)
                  0000ac34    0000003c     RFCC26XX_singleMode.obj (.text:postDirImmCmd$36)
                  0000ac70    0000003c     icall_api.obj (.text:profileSetParameter$29)
                  0000acac    0000003c     icall_api.obj (.text:sendWaitMatchCS$29)
                  0000ace8    0000003c     icall_api.obj (.text:sendWaitMatchValueCS$29)
                  0000ad24    0000003c     app_ble_pem3.oem3 (.text:ti_sysbios_family_arm_m3_Hwi_construct)
                  0000ad60    0000003a     SensorMpu9250.obj (.text:SensorMpu9250_irqStatus)
                  0000ad9a    0000003a     sysbios.aem3 : BIOS.obj (.text:ti_sysbios_knl_Task_exit__E)
                  0000add4    00000038     icall_api.obj (.text:GAPBondMgr_LinkEst)
                  0000ae0c    00000038     peripheral.obj (.text:GAPRole_SendUpdateParam)
                  0000ae44    00000038     I2C.obj (.text:I2C_init)
                  0000ae7c    00000038     icall.obj (.text:ICall_primGetMaxMSecs$30)
                  0000aeb4    00000038     SensorI2C.obj (.text:SensorI2C_write)
                  0000aeec    00000038     SensorMpu9250.obj (.text:SensorMpu9250_gyroRead)
                  0000af24    00000038     sensortag_opt.obj (.text:SensorTagOpt_reset)
                  0000af5c    00000038     util.obj (.text:Util_restartClock)
                  0000af94    00000038     battservice.obj (.text:battMeasure$3)
                  0000afcc    00000038     battservice.obj (.text:battNotifyLevel$3)
                  0000b004    00000038     icall_api.obj (.text:linkDB_NumConns)
                  0000b03c    00000038     rtsv7M3_T_le_eabi.lib : fs_tod_t2.obj (.text)
                  0000b074    00000038     sysbios.aem3 : BIOS.obj (.text:ti_sysbios_family_arm_cc26xx_Timer_getCurrentTick__E)
                  0000b0ac    00000038                  : BIOS.obj (.text:ti_sysbios_family_arm_m3_Hwi_Instance_finalize__E)
                  0000b0e4    00000038                  : BIOS.obj (.text:ti_sysbios_knl_Clock_Instance_init__E)
                  0000b11c    00000038     app_ble_pem3.oem3 (.text:ti_sysbios_knl_Clock_create)
                  0000b154    00000038     app_ble_pem3.oem3 (.text:ti_sysbios_knl_Swi_construct)
                  0000b18c    00000038     app_ble_pem3.oem3 (.text:ti_sysbios_knl_Task_construct)
                  0000b1c4    00000038     sysbios.aem3 : BIOS.obj (.text:xdc_runtime_System_atexit__E)
                  0000b1fc    00000036     UDMACC26XX.obj (.text:UDMACC26XX_close)
                  0000b232    00000036     RFCC26XX_singleMode.obj (.text:updateImplicitState$36)
                  0000b268    00000034     icall_api.obj (.text:GAPBondMgr_SetParameter)
                  0000b29c    00000034     icall_api.obj (.text:GAP_SetParamValue)
                  0000b2d0    00000034     icall.obj (.text:ICall_primEntityId2ServiceId$30)
                  0000b304    00000034     icall.obj (.text:ICall_primFetchMsg$30)
                  0000b338    00000034     icall.obj (.text:ICall_primRegisterISR$30)
                  0000b36c    00000034     icall.obj (.text:ICall_primRegisterISR_Ext$30)
                  0000b3a0    00000034     icall.obj (.text:ICall_searchServiceEntity)
                  0000b3d4    00000034     ioservice.obj (.text:Io_setParameter)
                  0000b408    00000034     driverlib.lib : ddi.obj (.text:NOROM_DDI32RegWrite)
                  0000b43c    00000034                   : osc.obj (.text:NOROM_OSCHF_SwitchToRcOscTurnOffXosc)
                  0000b470    00000034     PINCC26XX.obj (.text:PIN_setOutputValue)
                  0000b4a4    00000034     drivers_cc26xxware.aem3 : PowerCC26XX.oem3 (.text:PowerCC26XX_isStableXOSC_HF)
                  0000b4d8    00000034     RFCC26XX_singleMode.obj (.text:Q_push$36)
                  0000b50c    00000034     registerservice.obj (.text:Register_getParameter)
                  0000b540    00000034     SensorBmp280.obj (.text:SensorBmp280_init)
                  0000b574    00000034     SensorMpu9250.obj (.text:SensorMpu9250_enable)
                  0000b5a8    00000034     sensortag_keys.obj (.text:SensorTagKeys_processKeyLeft)
                  0000b5dc    00000034     sensortag_keys.obj (.text:SensorTagKeys_processKeyRight)
                  0000b610    00000034     sensortag_keys.obj (.text:SensorTagKeys_processRelay)
                  0000b644    00000034     peripheral.obj (.text:gapRole_HandleParamUpdateNoSuccess$15)
                  0000b678    00000034     icall_api.obj (.text:osal_snv_read)
                  0000b6ac    00000034     icall_api.obj (.text:osal_snv_write)
                  0000b6e0    00000034     icall_api.obj (.text:profileAddService$29)
                  0000b714    00000034     sysbios.aem3 : BIOS.obj (.text:ti_sysbios_family_arm_cc26xx_Timer_initDevice__I)
                  0000b748    00000034     app_ble_pem3.oem3 (.text:ti_sysbios_knl_Clock_construct)
                  0000b77c    00000034     app_ble_pem3.oem3 (.text:ti_sysbios_knl_Semaphore_create)
                  0000b7b0    00000034     sysbios.aem3 : BIOS.obj (.text:ti_sysbios_knl_Swi_restore__E)
                  0000b7e4    00000034                  : BIOS.obj (.text:ti_sysbios_knl_Task_blockI__E)
                  0000b818    00000032     icall_api.obj (.text:gapSendParamsCmd$29)
                  0000b84a    00000032     icall_api.obj (.text:gapSendPtrParamsCmd$29)
                  0000b87c    00000032     icall_api.obj (.text:matchGapSetGetParamCS$29)
                  0000b8ae    00000032     icall_api.obj (.text:matchGattCmdStatus$29)
                  0000b8e0    00000032     icall_api.obj (.text:matchUtilNvCS$29)
                  0000b912    00000032     sysbios.aem3 : BIOS.obj (.text:ti_sysbios_family_arm_cc26xx_Timer_setNextTick__E)
                  0000b944    00000030     ExtFlash.obj (.text:ExtFlash_close)
                  0000b974    00000030     icall_cc2650.obj (.text:ICallPlatform_pwrNotify$31)
                  0000b9a4    00000030     icall_cc2650.obj (.text:ICallPlatform_pwrRegisterNotify)
                  0000b9d4    00000030     icall.obj (.text:ICall_msecs2Ticks$30)
                  0000ba04    00000030     icall.obj (.text:ICall_searchTask$30)
                  0000ba34    00000030     movementservice.obj (.text:Movement_getParameter)
                  0000ba64    00000030     driverlib.lib : setup.obj (.text:NOROM_SetupSetAonRtcSubSecInc)
                  0000ba94    00000030                   : trng.obj (.text:NOROM_TRNGConfigure)
                  0000bac4    00000030     PINCC26XX.obj (.text:PIN_setInterrupt)
                  0000baf4    00000030     drivers_cc26xxware.aem3 : PowerCC26XX.oem3 (.text:Power_releaseConstraint)
                  0000bb24    00000030                             : PowerCC26XX.oem3 (.text:Power_setConstraint)
                  0000bb54    00000030     SensorMpu9250.obj (.text:SensorMpu9250_powerOn)
                  0000bb84    00000030     ExtFlash.obj (.text:Spi_open$27)
                  0000bbb4    00000030     ExtFlash.obj (.text:Spi_read$27)
                  0000bbe4    00000030     ExtFlash.obj (.text:Spi_write$27)
                  0000bc14    00000030     oad.obj (.text:crc16$12)
                  0000bc44    00000030     sensortag_factoryreset.obj (.text:crc16$46)
                  0000bc74    00000030     oad_target_external_flash.obj (.text:saveImageInfo)
                  0000bca4    00000030     SensorMpu9250.obj (.text:sensorMpu9250SelectAxes$23)
                  0000bcd4    00000030     app_ble_pem3.oem3 (.text:ti_sysbios_BIOS_atExitFunc__I)
                  0000bd04    00000030     app_ble_pem3.oem3 (.text:ti_sysbios_BIOS_startFunc__I)
                  0000bd34    00000030     sysbios.aem3 : BIOS.obj (.text:ti_sysbios_family_arm_cc26xx_Timer_setThreshold__I)
                  0000bd64    00000030     app_ble_pem3.oem3 (.text:ti_sysbios_gates_GateHwi_Object__create__S)
                  0000bd94    00000030     app_ble_pem3.oem3 (.text:ti_sysbios_gates_GateMutex_Object__create__S)
                  0000bdc4    00000030     sysbios.aem3 : BIOS.obj (.text:ti_sysbios_gates_GateMutex_enter__E)
                  0000bdf4    00000030     app_ble_pem3.oem3 (.text:ti_sysbios_knl_Semaphore_construct)
                  0000be24    00000030     sysbios.aem3 : BIOS.obj (.text:ti_sysbios_knl_Task_processVitalTaskFlag__I)
                  0000be54    00000030     app_ble_pem3.oem3 (.text:xdc_runtime_HeapMin_Object__create__S)
                  0000be84    00000030     sysbios.aem3 : BIOS.obj (.text:xdc_runtime_HeapMin_free__E)
                  0000beb4    00000030                  : BIOS.obj (.text:xdc_runtime_System_processAtExit__E)
                  0000bee4    0000002e     icall_cc2650.obj (.text:ICallPlatform_pwrDispenseImpl$31)
                  0000bf12    0000002e     icall_cc2650.obj (.text:ICallPlatform_pwrRequireImpl$31)
                  0000bf40    0000002e     peripheral.obj (.text:ICall_fetchServiceMsg$15)
                  0000bf6e    0000002e     sensortag.obj (.text:ICall_fetchServiceMsg$41)
                  0000bf9c    0000002e     icall.obj (.text:ICall_msgDequeue$30)
                  0000bfca    0000002e     simplekeys.obj (.text:SK_writeAttrCB$17)
                  0000bff8    0000002e     SensorOpt3001.obj (.text:SensorOpt3001_enable)
                  0000c026    0000002e     main.obj (.text:main)
                  0000c054    0000002e     icall_api.obj (.text:matchProfileAddServiceCS$29)
                  0000c082    0000002e     rtsv7M3_T_le_eabi.lib : i_tofd_t2.obj (.text)
                  0000c0b0    0000002e     sysbios.aem3 : BIOS.obj (.text:ti_sysbios_family_arm_m3_TaskSupport_start__E)
                  0000c0de    00000002                  : BIOS.obj (.text:xdc_runtime_System_abortSpin__E)
                  0000c0e0    0000002c     ExtFlash.obj (.text:ExtFlash_writeEnable$27)
                  0000c10c    0000002c     icall_api.obj (.text:GAPBondMgr_Register)
                  0000c138    0000002c     icall.obj (.text:ICall_heapFree)
                  0000c164    0000002c     irtempservice.obj (.text:ICall_malloc$10)
                  0000c190    0000002c     movementservice.obj (.text:ICall_malloc$11)
                  0000c1bc    0000002c     oad.obj (.text:ICall_malloc$12)
                  0000c1e8    0000002c     opticservice.obj (.text:ICall_malloc$14)
                  0000c214    0000002c     simplekeys.obj (.text:ICall_malloc$17)
                  0000c240    0000002c     barometerservice.obj (.text:ICall_malloc$2)
                  0000c26c    0000002c     battservice.obj (.text:ICall_malloc$3)
                  0000c298    0000002c     ccservice.obj (.text:ICall_malloc$4)
                  0000c2c4    0000002c     humidityservice.obj (.text:ICall_malloc$8)
                  0000c2f0    0000002c     ioservice.obj (.text:ICall_malloc$9)
                  0000c31c    0000002c     icall.obj (.text:ICall_msgEnqueue$30)
                  0000c348    0000002c     icall.obj (.text:ICall_primAllocMsg$30)
                  0000c374    0000002c     icall.obj (.text:ICall_primFetchServiceMsg$30)
                  0000c3a0    0000002c     icall_api.obj (.text:ICall_sendServiceMsg$29)
                  0000c3cc    0000002c     driverlib.lib : setup.obj (.text:NOROM_SetupGetTrimForRadcExtCfg)
                  0000c3f8    0000002c     PINCC26XX.obj (.text:PINCC26XX_setMux)
                  0000c424    0000002c     PINCC26XX.obj (.text:PIN_setConfig)
                  0000c450    0000002c     SensorHdc1000.obj (.text:SensorHdc1000_init)
                  0000c47c    0000002c     SensorHdc1000.obj (.text:SensorHdc1000_start)
                  0000c4a8    0000002c     SensorI2C.obj (.text:SensorI2C_writeReg)
                  0000c4d4    0000002c     SensorMpu9250.obj (.text:SensorMpu9250_init)
                  0000c500    0000002c     sensortag_bar.obj (.text:SensorTagBar_init)
                  0000c52c    0000002c     sensortag_batt.obj (.text:SensorTagBatt_init)
                  0000c558    0000002c     sensortag_hum.obj (.text:SensorTagHum_init)
                  0000c584    0000002c     sensortag_mov.obj (.text:SensorTagMov_reset)
                  0000c5b0    0000002c     ExtFlash.obj (.text:extFlashPowerStandby$27)
                  0000c5dc    0000002c     RFCC26XX_singleMode.obj (.text:getCmd$36)
                  0000c608    0000002c     sysbios.aem3 : BIOS.obj (.text:ti_sysbios_hal_Hwi_initStack)
                  0000c634    0000002c                  : BIOS.obj (.text:ti_sysbios_knl_Clock_getTicksUntilInterrupt__E)
                  0000c660    0000002c     app_ble_pem3.oem3 (.text:ti_sysbios_knl_Queue_construct)
                  0000c68c    0000002c     sysbios.aem3 : BIOS.obj (.text:ti_sysbios_knl_Semaphore_pendTimeout__I)
                  0000c6b8    0000002c                  : BIOS.obj (.text:ti_sysbios_knl_Task_unblockI__E)
                  0000c6e4    0000002c     st_util.obj (.text:utilExtractUuid16)
                  0000c710    0000002a     icall_api.obj (.text:ICall_waitMatch$29)
                  0000c73a    0000002a     TRNGCC26XX.obj (.text:TRNGCC26XX_isParamValid)
                  0000c764    0000002a     util.obj (.text:Util_enqueueMsg)
                  0000c78e    0000002a     icall_api.obj (.text:matchProfileCS$29)
                  0000c7b8    00000028     barometerservice.obj (.text:Barometer_addService)
                  0000c7e0    00000028     battservice.obj (.text:Batt_AddService)
                  0000c808    00000028     ccservice.obj (.text:CcService_addService)
                  0000c830    00000028     ccservice.obj (.text:CcService_setParameter)
                  0000c858    00000028     gattservapp_util.obj (.text:GATTServApp_WriteCharCfg)
                  0000c880    00000028     humidityservice.obj (.text:Humidity_addService)
                  0000c8a8    00000028     icall.obj (.text:ICall_init)
                  0000c8d0    00000028     icall.obj (.text:ICall_msgPrepend$30)
                  0000c8f8    00000028     peripheral.obj (.text:ICall_registerApp$15)
                  0000c920    00000028     sensortag.obj (.text:ICall_registerApp$41)
                  0000c948    00000028     sensortag_bar.obj (.text:ICall_registerApp$42)
                  0000c970    00000028     sensortag_hum.obj (.text:ICall_registerApp$47)
                  0000c998    00000028     sensortag_tmp.obj (.text:ICall_registerApp$54)
                  0000c9c0    00000028     irtempservice.obj (.text:IRTemp_addService)
                  0000c9e8    00000028     ioservice.obj (.text:Io_addService)
                  0000ca10    00000028     movementservice.obj (.text:Movement_addService)
                  0000ca38    00000028     driverlib.lib : aon_batmon.obj (.text:NOROM_AONBatMonTemperatureGetDegC)
                  0000ca60    00000028     opticservice.obj (.text:Optic_addService)
                  0000ca88    00000028     PINCC26XX.obj (.text:PINCC26XX_getPinCount)
                  0000cab0    00000028     drivers_cc26xxware.aem3 : PowerCC26XX.oem3 (.text:PowerCC26XX_switchXOSC_HF)
                  0000cad8    00000028                             : PowerCC26XX.oem3 (.text:Power_registerNotify)
                  0000cb00    00000028     simplekeys.obj (.text:SK_AddService)
                  0000cb28    00000028     simplekeys.obj (.text:SK_SetParameter)
                  0000cb50    00000028     SPICC26XXDMA.obj (.text:SPICC26XXDMA_flushFifos$35)
                  0000cb78    00000028     driverlib.lib : adi.obj (.text:SafeHapiVoid)
                  0000cba0    00000028     SensorBmp280.obj (.text:SensorBmp280_enable)
                  0000cbc8    00000028     sensortag_bar.obj (.text:SensorTagBar_reset)
                  0000cbf0    00000028     sensortag_buzzer.obj (.text:SensorTagBuzzer_close)
                  0000cc18    00000028     sensortag_conn_ctrl.obj (.text:SensorTagConnControl_paramUpdateCB)
                  0000cc40    00000028     sensortag_keys.obj (.text:SensorTagKeys_init)
                  0000cc68    00000028     sensortag_oad.obj (.text:SensorTagOad_init)
                  0000cc90    00000028     sensortag_tmp.obj (.text:SensorTagTmp_init)
                  0000ccb8    00000028     sensortag_tmp.obj (.text:SensorTagTmp_reset)
                  0000cce0    00000028     sensortag.obj (.text:SensorTag_enqueueMsg$41)
                  0000cd08    00000028     sensortag.obj (.text:SensorTag_resetAllModules$41)
                  0000cd30    00000028     TRNGCC26XX.obj (.text:TRNGCC26XX_init)
                  0000cd58    00000028     RFCC26XX_singleMode.obj (.text:clkPowerUpFxn$36)
                  0000cd80    00000028     gattservapp_util.obj (.text:gattServApp_FindCharCfgItem$7)
                  0000cda8    00000028     sysbios.aem3 : BIOS.obj (.text:ti_sysbios_family_arm_cc26xx_Timer_getMaxTicks__E)
                  0000cdd0    00000028                  : BIOS.obj (.text:ti_sysbios_knl_Clock_addI__E)
                  0000cdf8    00000028                  : BIOS.obj (.text:ti_sysbios_knl_Task_restore__E)
                  0000ce20    00000026     drivers_cc26xxware.aem3 : List.oem3 (.text:List_put)
                  0000ce46    00000026     sysbios.aem3 : BIOS.obj (.text:ti_sysbios_hal_Hwi_Instance_init__E)
                  0000ce6c    00000024     barometerservice.obj (.text:Barometer_getParameter)
                  0000ce90    00000024     icall_api.obj (.text:GAPBondMgr_LinkTerm)
                  0000ceb4    00000024     I2C.obj (.text:I2C_open)
                  0000ced8    00000024     icall_api.obj (.text:ICall_getLocalMsgEntityId$29)
                  0000cefc    00000024     icall_api.obj (.text:ICall_threadServes$29)
                  0000cf20    00000024     SPI.obj (.text:SPI_open)
                  0000cf44    00000024     SensorMpu9250.obj (.text:SensorMpu9250_powerOff)
                  0000cf68    00000024     sensortag_hum.obj (.text:SensorTagHum_reset)
                  0000cf8c    00000024     sensortag_register.obj (.text:SensorTagRegister_update)
                  0000cfb0    00000024     oad_target_external_flash.obj (.text:getImageFlag)
                  0000cfd4    00000024     drivers_cc26xxware.aem3 : PowerCC26XX_calibrateRCOSC.oem3 (.text:getTdcSemaphore)
                  0000cff8    00000024     RFCC26XX_singleMode.obj (.text:hwiFxnCpe0PowerFsm$36)
                  0000d01c    00000024     app_ble_pem3.oem3 (.text:ti_sysbios_BIOS_registerRTSLock__I)
                  0000d040    00000024     app_ble_pem3.oem3 (.text:ti_sysbios_BIOS_removeRTSLock__I)
                  0000d064    00000024     sysbios.aem3 : BIOS.obj (.text:ti_sysbios_family_arm_cc26xx_Timer_Module_startup__E)
                  0000d088    00000024                  : BIOS.obj (.text:ti_sysbios_family_arm_cc26xx_Timer_startup__E)
                  0000d0ac    00000024                  : BIOS.obj (.text:ti_sysbios_knl_Semaphore_Instance_init__E)
                  0000d0d0    00000024                  : BIOS.obj (.text:ti_sysbios_knl_Swi_Module_startup__E)
                  0000d0f4    00000022     icall.obj (.text:ICall_dispatch$30)
                  0000d116    00000022     sensortag.obj (.text:ICall_malloc$41)
                  0000d138    00000022     sensortag_oad.obj (.text:ICall_malloc$51)
                  0000d15a    00000022     util.obj (.text:ICall_malloc$55)
                  0000d17c    00000022     rtsv7M3_T_le_eabi.lib : memcmp.obj (.text)
                  0000d19e    00000022     sysbios.aem3 : BIOS.obj (.text:ti_sysbios_family_arm_cc26xx_Timer_postInit__I)
                  0000d1c0    00000020     gattservapp_util.obj (.text:GATTServApp_InitCharCfg)
                  0000d1e0    00000020     humidityservice.obj (.text:Humidity_getParameter)
                  0000d200    00000020     icall_api.obj (.text:ICall_allocMsg$29)
                  0000d220    00000020     icall_api.obj (.text:ICall_getEntityId$29)
                  0000d240    00000020     devinfoservice.obj (.text:ICall_malloc$5)
                  0000d260    00000020     icall.obj (.text:ICall_primService$30)
                  0000d280    00000020     icall.obj (.text:ICall_searchService$30)
                  0000d2a0    00000020     irtempservice.obj (.text:IRTemp_getParameter)
                  0000d2c0    00000020     driverlib.lib : rfc.obj (.text:NOROM_RFCDoorbellSendTo)
                  0000d2e0    00000020                   : rfc.obj (.text:NOROM_RFCRfTrimRead)
                  0000d300    00000020                   : setup.obj (.text:NOROM_SetupGetTrimForXoscHfCtl)
                  0000d320    00000020     opticservice.obj (.text:Optic_getParameter)
                  0000d340    00000020     drivers_cc26xxware.aem3 : PowerCC26XX.oem3 (.text:Power_unregisterNotify)
                  0000d360    00000020     sensortag_batt.obj (.text:SensorTagBatt_reset)
                  0000d380    00000020     sensortag_io.obj (.text:SensorTagIO_init)
                  0000d3a0    00000020     sensortag_mov.obj (.text:SensorTagMov_processInterrupt$50)
                  0000d3c0    00000020     sensortag_opt.obj (.text:SensorTagOpt_clockHandler$52)
                  0000d3e0    00000020     UDMACC26XX.obj (.text:UDMACC26XX_initHw$32)
                  0000d400    00000020     RFCC26XX_singleMode.obj (.text:allocCmd$36)
                  0000d420    00000020     sensortag_mov.obj (.text:initCharacteristicValue$50)
                  0000d440    00000020     app_ble_pem3.oem3 (.text:ti_sysbios_BIOS_rtsLock__I)
                  0000d460    00000020     sysbios.aem3 : BIOS.obj (.text:ti_sysbios_family_arm_cc26xx_Timer_dynamicStub__E)
                  0000d480    00000020                  : m3_Hwi_asm.obj (.text:ti_sysbios_family_arm_m3_Hwi_excHandlerAsm__I)
                  0000d4a0    00000020                  : BIOS.obj (.text:ti_sysbios_family_arm_m3_Hwi_excHandler__I)
                  0000d4c0    00000020                  : BIOS.obj (.text:ti_sysbios_knl_Clock_Module_startup__E)
                  0000d4e0    00000020                  : BIOS.obj (.text:ti_sysbios_knl_Clock_getTicks__E)
                  0000d500    00000020                  : BIOS.obj (.text:ti_sysbios_knl_Clock_stop__E)
                  0000d520    00000020                  : BIOS.obj (.text:ti_sysbios_knl_Idle_run__E)
                  0000d540    00000020     app_ble_pem3.oem3 (.text:ti_sysbios_knl_Semaphore_Object__destruct__S)
                  0000d560    00000020     sysbios.aem3 : BIOS.obj (.text:ti_sysbios_knl_Task_restoreHwi__E)
                  0000d580    0000001e     icall.obj (.text:ICall_primSendServiceMsg$30)
                  0000d59e    0000001e     PINCC26XX.obj (.text:PIN_close)
                  0000d5bc    0000001e     drivers_cc26xxware.aem3 : PowerCC26XX.oem3 (.text:Power_getTransitionLatency)
                  0000d5da    0000001e     sysbios.aem3 : m3_Hwi_asm_switch.obj (.text:ti_sysbios_family_xxx_Hwi_switchAndRunFunc)
                  0000d5f8    0000001e     icall_api.obj (.text:waitMatchCS$29)
                  0000d616    00000002     sysbios.aem3 : BIOS.obj (.text:xdc_runtime_System_exitSpin__E)
                  0000d618    0000001c     battservice.obj (.text:Batt_MeasLevel)
                  0000d634    0000001c     icall_api.obj (.text:GATT_bm_alloc)
                  0000d650    0000001c     icall_api.obj (.text:GATT_bm_free)
                  0000d66c    0000001c     icall.obj (.text:ICall_initPrim$30)
                  0000d688    0000001c     peripheral.obj (.text:ICall_wait$15)
                  0000d6a4    0000001c     sensortag.obj (.text:ICall_wait$41)
                  0000d6c0    0000001c     driverlib.lib : osc.obj (.text:NOROM_OSCClockSourceGet)
                  0000d6dc    0000001c                   : setup.obj (.text:NOROM_SetupGetTrimForAmpcompTh2)
                  0000d6f8    0000001c                   : setup.obj (.text:NOROM_SetupGetTrimForRcOscLfRtuneCtuneTrim)
                  0000d714    0000001c     PINCC26XX.obj (.text:PINCC26XX_setIoCfgMux$37)
                  0000d730    0000001c     PINCC26XX.obj (.text:PIN_hwi$37)
                  0000d74c    0000001c     RFCC26XX_singleMode.obj (.text:RF_runDirectCmd)
                  0000d768    0000001c     RFCC26XX_singleMode.obj (.text:RF_runImmediateCmd)
                  0000d784    0000001c     SPI.obj (.text:SPI_Params_init)
                  0000d7a0    0000001c     sensortag_batt.obj (.text:SensorTagBatt_processCharChangeEvt)
                  0000d7bc    0000001c     sensortag.obj (.text:SensorTag_processAppMsg$41)
                  0000d7d8    0000001c     TRNGCC26XX.obj (.text:TRNGCC26XX_open)
                  0000d7f4    0000001c     icall_api.obj (.text:getStatusValueFromErrNo$29)
                  0000d810    0000001c     TRNGCC26XX.obj (.text:openTRNG)
                  0000d82c    0000001c     app_ble_pem3.oem3 (.text:ti_sysbios_family_arm_m3_Hwi_Object__destruct__S)
                  0000d848    0000001c     sysbios.aem3 : BIOS.obj (.text:ti_sysbios_family_arm_m3_Hwi_setPriority__E)
                  0000d864    0000001c                  : BIOS.obj (.text:ti_sysbios_gates_GateMutex_Instance_init__E)
                  0000d880    0000001c     app_ble_pem3.oem3 (.text:ti_sysbios_hal_Hwi_HwiProxy_create)
                  0000d89c    0000001c     sysbios.aem3 : BIOS.obj (.text:ti_sysbios_knl_Clock_scheduleNextTick__E)
                  0000d8b8    0000001c     app_ble_pem3.oem3 (.text:ti_sysbios_knl_Queue_Object__destruct__S)
                  0000d8d4    0000001c     sysbios.aem3 : BIOS.obj (.text:ti_sysbios_knl_Queue_get__E)
                  0000d8f0    0000001c                  : BIOS.obj (.text:ti_sysbios_knl_Queue_put__E)
                  0000d90c    0000001c     app_ble_pem3.oem3 (.text:ti_sysbios_knl_Swi_Object__destruct__S)
                  0000d928    0000001c     sysbios.aem3 : BIOS.obj (.text:ti_sysbios_knl_Task_enter__I)
                  0000d944    0000001c                  : BIOS.obj (.text:xdc_runtime_Error_check__E)
                  0000d960    0000001c                  : BIOS.obj (.text:xdc_runtime_Error_raiseX__E)
                  0000d97c    0000001c                  : BIOS.obj (.text:xdc_runtime_Memory_valloc__E)
                  0000d998    0000001c                  : BIOS.obj (.text:xdc_runtime_System_abort__E)
                  0000d9b4    0000001a     icall_api.obj (.text:GATT_Notification)
                  0000d9ce    0000001a     icall.obj (.text:ICall_enterCSImpl)
                  0000d9e8    0000001a     icall.obj (.text:ICall_primSetTimerMSecs$30)
                  0000da02    0000001a     drivers_cc26xxware.aem3 : List.oem3 (.text:List_remove)
                  0000da1c    0000001a     util.obj (.text:Util_dequeueMsg)
                  0000da36    0000001a     ExtFlash.obj (.text:extFlashPowerDown$27)
                  0000da50    0000001a     icall_api.obj (.text:matchGattIndNotiCS$29)
                  0000da6a    0000001a     sysbios.aem3 : m3_Hwi_asm.obj (.text:ti_sysbios_family_arm_m3_Hwi_pendSV__I)
                  0000da84    0000001a                  : BIOS.obj (.text:ti_sysbios_knl_Task_sleepTimeout__I)
                  0000da9e    00000002     --HOLE-- [fill = 0]
                  0000daa0    00000018     barometerservice.obj (.text:Barometer_registerAppCBs)
                  0000dab8    00000018     battservice.obj (.text:Batt_SetParameter)
                  0000dad0    00000018     oad.obj (.text:CheckImageDownloadCount$12)
                  0000dae8    00000018     peripheral.obj (.text:GAPRole_StartDevice)
                  0000db00    00000018     peripheral.obj (.text:GAPRole_TerminateConnection)
                  0000db18    00000018     humidityservice.obj (.text:Humidity_registerAppCBs)
                  0000db30    00000018     I2C.obj (.text:I2C_Params_init)
                  0000db48    00000018     icall_cc2650.obj (.text:ICallPlatform_pwrDispense)
                  0000db60    00000018     icall_cc2650.obj (.text:ICallPlatform_pwrRequire)
                  0000db78    00000018     oad.obj (.text:ICall_free$12)
                  0000db90    00000018     sensortag.obj (.text:ICall_free$41)
                  0000dba8    00000018     sensortag_oad.obj (.text:ICall_free$51)
                  0000dbc0    00000018     util.obj (.text:ICall_free$55)
                  0000dbd8    00000018     devinfoservice.obj (.text:ICall_free$5)
                  0000dbf0    00000018     peripheral.obj (.text:ICall_freeMsg$15)
                  0000dc08    00000018     icall_api.obj (.text:ICall_freeMsg$29)
                  0000dc20    00000018     icall.obj (.text:ICall_freeMsg$30)
                  0000dc38    00000018     sensortag.obj (.text:ICall_freeMsg$41)
                  0000dc50    00000018     icall.obj (.text:ICall_primMalloc$30)
                  0000dc68    00000018     irtempservice.obj (.text:IRTemp_registerAppCBs)
                  0000dc80    00000018     movementservice.obj (.text:Movement_registerAppCBs)
                  0000dc98    00000018     driverlib.lib : aon_rtc.obj (.text:NOROM_AONRTCCurrentCompareValueGet)
                  0000dcb0    00000018                   : chipinfo.obj (.text:NOROM_ChipInfo_GetPackageType)
                  0000dcc8    00000018                   : osc.obj (.text:NOROM_OSCHF_TurnOnXosc)
                  0000dce0    00000018                   : rfc.obj (.text:NOROM_RFCCpeIntGetAndClear)
                  0000dcf8    00000018                   : setup.obj (.text:NOROM_SetupGetTrimForAdcShModeEn)
                  0000dd10    00000018                   : setup.obj (.text:NOROM_SetupGetTrimForAdcShVbufEn)
                  0000dd28    00000018                   : setup.obj (.text:NOROM_SetupGetTrimForAmpcompTh1)
                  0000dd40    00000018                   : setup.obj (.text:NOROM_SetupGetTrimForDblrLoopFilterResetVoltage)
                  0000dd58    00000018                   : setup.obj (.text:NOROM_SetupGetTrimForRcOscLfIBiasTrim)
                  0000dd70    00000018                   : setup.obj (.text:NOROM_SetupGetTrimForXoscLfRegulatorAndCmirrwrRatio)
                  0000dd88    00000018     oad_target_external_flash.obj (.text:OADTarget_close)
                  0000dda0    00000018     oad_target_external_flash.obj (.text:OADTarget_open)
                  0000ddb8    00000018     oad.obj (.text:OAD_register)
                  0000ddd0    00000018     opticservice.obj (.text:Optic_registerAppCBs)
                  0000dde8    00000018     PINCC26XX.obj (.text:PIN_getConfig)
                  0000de00    00000018     drivers_cc26xxware.aem3 : PowerCC26XX.oem3 (.text:Power_idleFunc)
                  0000de18    00000018     RFCC26XX_singleMode.obj (.text:Q_pop$36)
                  0000de30    00000018     registerservice.obj (.text:Register_registerAppCBs)
                  0000de48    00000018     sensortag_batt.obj (.text:SensorTagBatt_clockHandler$43)
                  0000de60    00000018     sensortag_mov.obj (.text:SensorTagMov_clockHandler$50)
                  0000de78    00000018     sensortag.obj (.text:SensorTag_callback$41)
                  0000de90    00000018     sensortag.obj (.text:SensorTag_clockHandler$41)
                  0000dea8    00000018     sensortag.obj (.text:SensorTag_updateAdvertisingData)
                  0000dec0    00000018     ExtFlash.obj (.text:Spi_close$27)
                  0000ded8    00000018     ExtFlash.obj (.text:Spi_flash$27)
                  0000def0    00000018     drivers_cc26xxware.aem3 : PowerCC26XX.oem3 (.text:configureRFCoreClocks)
                  0000df08    00000018     peripheral.obj (.text:gapRole_setEvent$15)
                  0000df20    00000018     sensortag_bar.obj (.text:initCharacteristicValue$42)
                  0000df38    00000018     sensortag_hum.obj (.text:initCharacteristicValue$47)
                  0000df50    00000018     sensortag_opt.obj (.text:initCharacteristicValue$52)
                  0000df68    00000018     sensortag_tmp.obj (.text:initCharacteristicValue$54)
                  0000df80    00000018     rtsv7M3_T_le_eabi.lib : args_main.obj (.text)
                  0000df98    00000018                           : ll_mul_t2.obj (.text)
                  0000dfb0    00000018     RFCC26XX_singleMode.obj (.text:swiFxnFsm$36)
                  0000dfc8    00000018     app_ble_pem3.oem3 (.text:ti_sysbios_BIOS_rtsUnlock__I)
                  0000dfe0    00000018     app_ble_pem3.oem3 (.text:ti_sysbios_family_arm_cc26xx_Timer_Module__startupDone__F)
                  0000dff8    00000018     app_ble_pem3.oem3 (.text:ti_sysbios_family_arm_m3_Hwi_Module__startupDone__F)
                  0000e010    00000018     sysbios.aem3 : BIOS.obj (.text:ti_sysbios_family_arm_m3_Hwi_plug__E)
                  0000e028    00000018                  : BIOS.obj (.text:ti_sysbios_gates_GateMutex_leave__E)
                  0000e040    00000018                  : BIOS.obj (.text:ti_sysbios_knl_Swi_or__E)
                  0000e058    00000018                  : BIOS.obj (.text:ti_sysbios_knl_Task_unblock__E)
                  0000e070    00000018                  : BIOS.obj (.text:xdc_runtime_Core_destructObject__I)
                  0000e088    00000018                  : BIOS.obj (.text:xdc_runtime_System_exit__E)
                  0000e0a0    00000016     main.obj (.text:AssertHandler)
                  0000e0b6    00000016     icall.obj (.text:ICall_abort$30)
                  0000e0cc    00000016     icall.obj (.text:ICall_leaveCSImpl)
                  0000e0e2    00000016     icall.obj (.text:ICall_primStopTimer$30)
                  0000e0f8    00000016     ble_user_config.obj (.text:driverTable_fnSpinlock)
                  0000e10e    00000016     app_ble_pem3.oem3 (.text:ti_sysbios_BIOS_exitFunc__I)
                  0000e124    00000016     sysbios.aem3 : BIOS.obj (.text:ti_sysbios_knl_Clock_start__E)
                  0000e13a    00000002     --HOLE-- [fill = 0]
                  0000e13c    00000014     battservice.obj (.text:Batt_Register)
                  0000e150    00000014     ccservice.obj (.text:CcService_registerAppCBs)
                  0000e164    00000014     devinfoservice.obj (.text:DevInfo_AddService)
                  0000e178    00000014     ExtFlash.obj (.text:ExtFlash_powerDown$27)
                  0000e18c    00000014     ioservice.obj (.text:Io_getParameter)
                  0000e1a0    00000014     ioservice.obj (.text:Io_registerAppCBs)
                  0000e1b4    00000014     driverlib.lib : aon_rtc.obj (.text:NOROM_AONRTCCurrent64BitValueGet)
                  0000e1c8    00000014                   : chipinfo.obj (.text:NOROM_ThisCodeIsBuiltForCC26xxHwRev22AndLater_HaltIfViolated)
                  0000e1dc    00000014     oad_target_external_flash.obj (.text:OADTarget_writeFlash)
                  0000e1f0    00000014     PINCC26XX.obj (.text:PINCC26XX_getInputValue$37)
                  0000e204    00000014     PINCC26XX.obj (.text:PINCC26XX_getOutputValue$37)
                  0000e218    00000014     RFCC26XX_singleMode.obj (.text:RF_Params_init)
                  0000e22c    00000014     registerservice.obj (.text:Register_addService)
                  0000e240    00000014     SensorMpu9250.obj (.text:SensorMpu9250_Callback$23)
                  0000e254    00000014     SensorMpu9250.obj (.text:SensorMpu9250_powerIsOn)
                  0000e268    00000014     SensorMpu9250.obj (.text:SensorMpu9250_registerCallback)
                  0000e27c    00000014     sensortag_batt.obj (.text:SensorTagBatt_processSensorEvent)
                  0000e290    00000014     sensortag_keys.obj (.text:SensorTagKeys_reset)
                  0000e2a4    00000014     SensorUtil.obj (.text:SensorUtil_convertToLe)
                  0000e2b8    00000014     ExtFlash.obj (.text:extFlashDeselect$27)
                  0000e2cc    00000014     ExtFlash.obj (.text:extFlashSelect$27)
                  0000e2e0    00000014     rtsv7M3_T_le_eabi.lib : _lock.obj (.text)
                  0000e2f4    00000014                           : strlen.obj (.text)
                  0000e308    00000014     icall_api.obj (.text:setICallCmdEvtHdr$29)
                  0000e31c    00000014     app_ble_pem3.oem3 (.text:ti_sysbios_family_arm_m3_Hwi_Object__get__S)
                  0000e330    00000014     sysbios.aem3 : BIOS.obj (.text:ti_sysbios_family_arm_m3_Hwi_switchFromBootStack__E)
                  0000e344    00000014     app_ble_pem3.oem3 (.text:ti_sysbios_knl_Clock_doTick__I)
                  0000e358    00000014     app_ble_pem3.oem3 (.text:ti_sysbios_knl_Swi_Object__get__S)
                  0000e36c    00000012     ExtFlash.obj (.text:ExtFlash_test)
                  0000e37e    00000012     gattservapp_util.obj (.text:GATTServApp_FindAttr)
                  0000e390    00000012     RFCC26XX_singleMode.obj (.text:RF_getCmdOp)
                  0000e3a2    00000012     sysbios.aem3 : BIOS.obj (.text:ti_sysbios_hal_Hwi_Module_startup__E)
                  0000e3b4    00000012     app_ble_pem3.oem3 (.text:xdc_runtime_Startup_exec__I)
                  0000e3c6    00000002     --HOLE-- [fill = 0]
                  0000e3c8    00000010     ccservice.obj (.text:CcService_getParameter)
                  0000e3d8    00000010     RFCC26XX_singleMode.obj (.text:FsmDispatch$36)
                  0000e3e8    00000010     peripheral.obj (.text:GAPRole_RegisterAppCBs)
                  0000e3f8    00000010     icall_api.obj (.text:GAP_EndDiscoverable)
                  0000e408    00000010     gattservapp_util.obj (.text:GATTServApp_ReadCharCfg)
                  0000e418    00000010     icall_cc2650.obj (.text:ICallPlatform_pwrGetXOSCStartupTime)
                  0000e428    00000010     icall.obj (.text:ICall_primGetTickPeriod$30)
                  0000e438    00000010     icall.obj (.text:ICall_taskEntry$30)
                  0000e448    00000010     driverlib.lib : rfc.obj (.text:NOROM_RFCRfTrimSet)
                  0000e458    00000010                   : setup.obj (.text:NOROM_SetupGetTrimForXoscHfFastStart)
                  0000e468    00000010                   : setup.obj (.text:NOROM_SetupGetTrimForXoscHfIbiastherm)
                  0000e478    00000010     oad_target_external_flash.obj (.text:OADTarget_getCrc)
                  0000e488    00000010     oad_target_external_flash.obj (.text:OADTarget_setCrc)
                  0000e498    00000010     oad_target_external_flash.obj (.text:OADTarget_systemReset)
                  0000e4a8    00000010     ble_user_config.obj (.text:RegisterAssertCback)
                  0000e4b8    00000010     sensortag_register.obj (.text:SensorTagRegister_init)
                  0000e4c8    00000010     util.obj (.text:Util_isActive)
                  0000e4d8    00000010     I2CCC26XX.obj (.text:i2cPostNotify$39)
                  0000e4e8    00000010     sysbios.aem3 : BIOS.obj (.text:ti_sysbios_BIOS_exit__E)
                  0000e4f8    00000010                  : BIOS.obj (.text:ti_sysbios_BIOS_getCpuFreq__E)
                  0000e508    00000010                  : BIOS.obj (.text:ti_sysbios_BIOS_setThreadType__E)
                  0000e518    00000010                  : BIOS.obj (.text:ti_sysbios_BIOS_start__E)
                  0000e528    00000010                  : BIOS.obj (.text:ti_sysbios_family_arm_m3_Hwi_post__E)
                  0000e538    00000010                  : m3_TaskSupport_asm.obj (.text:ti_sysbios_family_arm_m3_TaskSupport_glue)
                  0000e548    00000010                  : m3_TaskSupport_asm.obj (.text:ti_sysbios_family_arm_m3_TaskSupport_swap__E)
                  0000e558    00000010     app_ble_pem3.oem3 (.text:ti_sysbios_hal_Hwi_HwiProxy_Object__create__S)
                  0000e568    00000010     sysbios.aem3 : BIOS.obj (.text:ti_sysbios_knl_Semaphore_Instance_finalize__E)
                  0000e578    00000010                  : BIOS.obj (.text:ti_sysbios_knl_Swi_disable__E)
                  0000e588    00000010                  : BIOS.obj (.text:ti_sysbios_knl_Swi_enabled__E)
                  0000e598    00000010     app_ble_pem3.oem3 (.text:ti_sysbios_knl_Task_Object__get__S)
                  0000e5a8    00000010     sysbios.aem3 : BIOS.obj (.text:ti_sysbios_knl_Task_disable__E)
                  0000e5b8    00000010                  : BIOS.obj (.text:xdc_runtime_Gate_leaveSystem__E)
                  0000e5c8    00000010                  : BIOS.obj (.text:xdc_runtime_SysCallback_abort__E)
                  0000e5d8    00000010                  : BIOS.obj (.text:xdc_runtime_SysCallback_exit__E)
                  0000e5e8    0000000e     icall_api.obj (.text:GATT_Indication)
                  0000e5f6    0000000e     icall_cc2650.obj (.text:ICallPlatform_pwrGetTransitionState)
                  0000e604    0000000e     icall_cc2650.obj (.text:ICallPlatform_pwrIsStableXOSCHF)
                  0000e612    0000000e     icall.obj (.text:ICall_primDisableMInt$30)
                  0000e620    0000000e     icall.obj (.text:ICall_primEnableMInt$30)
                  0000e62e    0000000e     icall.obj (.text:ICall_primFreeMsg$30)
                  0000e63c    0000000e     icall.obj (.text:ICall_primGetTicks$30)
                  0000e64a    0000000e     driverlib.lib : setup.obj (.text:NOROM_SetupSignExtendVddrTrimValue)
                  0000e658    0000000e                   : vims.obj (.text:NOROM_VIMSModeGet)
                  0000e666    0000000e     oad_target_external_flash.obj (.text:OADTarget_imageAddress)
                  0000e674    0000000e     SPICC26XXDMA.obj (.text:SPICC26XXDMA_init)
                  0000e682    0000000e     SensorI2C.obj (.text:SensorI2C_readReg)
                  0000e690    0000000e     util.obj (.text:Util_constructQueue)
                  0000e69e    0000000e     rtsv7M3_T_le_eabi.lib : copy_decompress_none.obj (.text:decompress:none)
                  0000e6ac    0000000e     icall_api.obj (.text:matchGSARegisterServiceCS$29)
                  0000e6ba    0000000e     icall_api.obj (.text:matchGapLinkEstCS$29)
                  0000e6c8    0000000e     icall_api.obj (.text:matchLinkDBNumConnsCS$29)
                  0000e6d6    0000000e     icall_api.obj (.text:setDispatchCmdEvtHdr$29)
                  0000e6e4    0000000e     sysbios.aem3 : BIOS.obj (.text:ti_sysbios_knl_Queue_empty__E)
                  0000e6f2    0000000e                  : BIOS.obj (.text:ti_sysbios_knl_Queue_remove__E)
                  0000e700    0000000e                  : BIOS.obj (.text:xdc_runtime_HeapMin_Instance_init__E)
                  0000e70e    00000002     --HOLE-- [fill = 0]
                  0000e710    0000000c     RFCC26XX_singleMode.obj (.text:FsmNextState$36)
                  0000e71c    0000000c     icall_api.obj (.text:GAP_MakeDiscoverable)
                  0000e728    0000000c     icall_api.obj (.text:GAP_TerminateAuth)
                  0000e734    0000000c     icall_api.obj (.text:GAP_UpdateLinkParamReq)
                  0000e740    0000000c     icall_api.obj (.text:GAP_UpdateLinkParamReqReply)
                  0000e74c    0000000c     icall_api.obj (.text:GGS_SetParameter)
                  0000e758    0000000c     icall.obj (.text:ICall_clockFunc$30)
                  0000e764    0000000c     icall.obj (.text:ICall_primDisableInt$30)
                  0000e770    0000000c     icall.obj (.text:ICall_primEnableInt$30)
                  0000e77c    0000000c     icall.obj (.text:ICall_primFree$30)
                  0000e788    0000000c     icall.obj (.text:ICall_primSignal$30)
                  0000e794    0000000c     driverlib.lib : cpu.obj (.text:NOROM_CPUcpsid)
                  0000e7a0    0000000c                   : cpu.obj (.text:NOROM_CPUcpsie)
                  0000e7ac    0000000c     drivers_cc26xxware.aem3 : PowerCC26XX.oem3 (.text:Power_getConstraintMask)
                  0000e7b8    0000000c                             : PowerCC26XX.oem3 (.text:Power_getDependencyCount)
                  0000e7c4    0000000c                             : PowerCC26XX.oem3 (.text:Power_getTransitionState)
                  0000e7d0    0000000c     SensorI2C.obj (.text:SensorI2C_deselect)
                  0000e7dc    0000000c     sensortag_conn_ctrl.obj (.text:SensorTagConnectionControl_init)
                  0000e7e8    0000000c     sensortag.obj (.text:SensorTag_processGATTMsg$41)
                  0000e7f4    0000000c     sensortag.obj (.text:SensorTag_processStackMsg$41)
                  0000e800    0000000c     sensortag.obj (.text:SensorTag_testResult)
                  0000e80c    0000000c     icall_api.obj (.text:matchProfileSetParamCS$29)
                  0000e818    0000000c     SPICC26XXDMA.obj (.text:spiPostNotify$35)
                  0000e824    0000000c     sysbios.aem3 : BIOS.obj (.text:ti_sysbios_BIOS_getThreadType__E)
                  0000e830    0000000c     app_ble_pem3.oem3 (.text:ti_sysbios_family_arm_m3_Hwi_Params__init__S)
                  0000e83c    0000000c     sysbios.aem3 : BIOS.obj (.text:ti_sysbios_family_arm_m3_Hwi_disableFxn__E)
                  0000e848    0000000c                  : BIOS.obj (.text:ti_sysbios_family_arm_m3_Hwi_enableFxn__E)
                  0000e854    0000000c                  : BIOS.obj (.text:ti_sysbios_family_arm_m3_TaskSupport_getStackAlignment__E)
                  0000e860    0000000c                  : BIOS.obj (.text:ti_sysbios_gates_GateHwi_enter__E)
                  0000e86c    0000000c     app_ble_pem3.oem3 (.text:ti_sysbios_hal_Hwi_Params__init__S)
                  0000e878    0000000c     app_ble_pem3.oem3 (.text:ti_sysbios_knl_Clock_Params__init__S)
                  0000e884    0000000c     app_ble_pem3.oem3 (.text:ti_sysbios_knl_Queue_Object__get__S)
                  0000e890    0000000c     sysbios.aem3 : BIOS.obj (.text:ti_sysbios_knl_Queue_dequeue__E)
                  0000e89c    0000000c                  : BIOS.obj (.text:ti_sysbios_knl_Queue_enqueue__E)
                  0000e8a8    0000000c     app_ble_pem3.oem3 (.text:ti_sysbios_knl_Semaphore_Params__init__S)
                  0000e8b4    0000000c     app_ble_pem3.oem3 (.text:ti_sysbios_knl_Swi_Params__init__S)
                  0000e8c0    0000000c     sysbios.aem3 : BIOS.obj (.text:ti_sysbios_knl_Swi_getTrigger__E)
                  0000e8cc    0000000c     app_ble_pem3.oem3 (.text:ti_sysbios_knl_Task_Params__init__S)
                  0000e8d8    0000000c     sysbios.aem3 : BIOS.obj (.text:ti_sysbios_knl_Task_self__E)
                  0000e8e4    0000000c                  : BIOS.obj (.text:xdc_runtime_Gate_enterSystem__E)
                  0000e8f0    0000000c                  : BIOS.obj (.text:xdc_runtime_HeapMin_getStats__E)
                  0000e8fc    0000000c                  : BIOS.obj (.text:xdc_runtime_Memory_calloc__E)
                  0000e908    0000000c                  : BIOS.obj (.text:xdc_runtime_Memory_getMaxDefaultTypeAlign__E)
                  0000e914    0000000c                  : BIOS.obj (.text:xdc_runtime_Startup_rtsDone__E)
                  0000e920    0000000a     I2CCC26XX.obj (.text:I2CCC26XX_init)
                  0000e92a    0000000a     I2C.obj (.text:I2C_close)
                  0000e934    0000000a     I2C.obj (.text:I2C_transfer)
                  0000e93e    0000000a     icall_cc2650.obj (.text:ICallPlatform_pwrSwitchXOSCHF)
                  0000e948    0000000a     icall.obj (.text:ICall_primE2S$30)
                  0000e952    0000000a     drivers_cc26xxware.aem3 : List.oem3 (.text:List_empty)
[...]
0000f6de  devInfoHardwareRevUUID                                      
0000f6e0  devInfoMfrNameUUID                                          
0000f6e2  devInfoModelNumberUUID                                      
0000f6e4  devInfoPnpIdUUID                                            
0000f6e6  devInfoSerialNumberUUID                                     
0000f6e8  devInfoServUUID                                             
0000f6ea  devInfoSoftwareRevUUID                                      
0000f6ec  devInfoSystemIdUUID                                         
0000f6ee  keyPressedUUID                                              
0000f6f0  skServUUID                                                  
0000f6f4  ti_sysbios_family_arm_m3_Hwi_Module__id__C                  
0000f6f6  xdc_runtime_HeapMin_Module__id__C                           
0000f6f8  xdc_runtime_HeapMin_freeError__C                            
0000f6fa  xdc_runtime_Memory_Module__id__C                            
0000f700  __TI_static_base__                                          
0001029c  __TI_Handler_Table_Base                                     
000102a4  __TI_CINIT_Base                                             
000102a4  __TI_Handler_Table_Limit                                    
000102d4  __TI_CINIT_Limit                                            
10014c00  A1_rw                                                       
10014c00  __checksum_begin_CommonROM                                  
10014c01  COMMON_ROM_BASE_ADDR                                        
10014c04  P1_ro                                                       
10014c05  SCALARMUL_init                                              
10014ced  SCALARMUL_core                                              
10015019  SCALARMUL_final                                             
100150e5  SCALARMUL                                                   
10015101  SAVEPOINT                                                   
10015141  GETBIT                                                      
10015155  GETDIGIT                                                    
100151a5  GETDIGITL2R                                                 
10015215  SelectReg                                                   
10015229  ATOMICPATTERN                                               
100154f5  JACADD                                                      
1001568d  INVERT                                                      
10015821  SQUAREMULTIPLYWORD                                          
1001588c  LUTOPCODE                                                   
10015894  LUTOPSIGN                                                   
100158ac  LUTC                                                        
100158c4  LUTSE                                                       
100158dc  LUTINCI                                                     
100158f4  LUTJ                                                        
1001596c  LUTSTATE                                                    
100159a9  IMPORTLENGTH                                                
100159ad  IMPORTMODULUS                                               
100159d1  IMPORTOPERAND                                               
10015a11  EXPORTOPERAND                                               
10015a35  IMPORTDATA                                                  
10015a51  SETOPERAND                                                  
10015a6d  COPY                                                        
10015a85  ZERO                                                        
10015a91  SETWORD                                                     
10015a9d  mSET                                                        
10015bcd  zSET                                                        
10015bd5  mINVK                                                       
10015d19  zADD                                                        
10015d5d  zSUB                                                        
10015de9  zMACC32                                                     
10015e69  zSUB32                                                      
10015eb5  zADD32                                                      
10015f0d  zMULT32                                                     
10015f81  mMULT                                                       
10016551  mADD                                                        
1001664d  mSUB                                                        
10016749  mOUT                                                        
10016975  ssp_KeyInit_Sw                                              
10016979  sspAesEncrypt_Sw                                            
10016985  sspKeyExpansion_Sw                                          
10016a99  sspAesEncryptKeyExp_Sw                                      
10016af5  sspAesEncryptBasic_Sw                                       
10016b79  RoundKey_Sw                                                 
10016c29  AddRoundKeySubBytes_Sw                                      
10016c45  ShiftRows_Sw                                                
10016c79  MixColumns_Sw                                               
10016d05  FFMult_Sw                                                   
10016d29  sspAesDecrypt_Sw                                            
10016da1  InvAddRoundKey_Sw                                           
10016dc9  InvRoundKey_Sw                                              
10016e8d  InvSubBytes_Sw                                              
10016ea1  InvShiftRows_Sw                                             
10016ed5  InvMixColumns_Sw                                            
10016f58  FFMult2                                                     
10017058  FFMult3                                                     
10017158  RCon                                                        
10017164  Sbox                                                        
10017264  InvSbox                                                     
10017365  SSP_CCM_Auth_Sw                                             
100174fd  SSP_CCM_Encrypt_Sw                                          
100175ed  SSP_CTR_Encrypt_Sw                                          
1001767d  SSP_CCM_Decrypt_Sw                                          
10017771  SSP_CTR_Decrypt_Sw                                          
10017839  SSP_CCM_InvAuth_Sw                                          
10017895  SSP_CCM_Auth_Encrypt_Sw                                     
100178f5  SSP_CCM_InvAuth_Decrypt_Sw                                  
10017959  ECC_allocWorkzone                                           
10017961  ECC_setWin                                                  
10017969  ECDSA_sign                                                  
10017b01  ECDSA_verif                                                 
10017dbd  eccRom_genKeys                                              
10017ded  eccRom_genSharedSecret                                      
10017e39  SHA256_updateW                                              
10017e75  SHA256_round                                                
10017ef1  SHA256_nextState                                            
10017f49  SHA256_saveBuffer                                           
10017ffd  SHA256_init                                                 
10018019  SHA256_process                                              
10018089  SHA256_final                                                
10018129  SHA256_full                                                 
100182ad  RFHAL_InitRfHal                                             
10018315  RFHAL_AllocRatChan                                          
1001833d  RFHAL_FreeRatChan                                           
10018369  RFHAL_MapRatChansToInt                                      
10018391  RFHAL_RegisterRatChanCallback                               
100183b9  RFHAL_InitDataQueue                                         
100183c5  RFHAL_QueueRFDataEntries                                    
10018415  RFHAL_AddTxDataEntry                                        
10018485  RFHAL_FreeNextTxDataEntry                                   
100184a9  RFHAL_AllocDataEntryQueue                                   
100184c5  RFHAL_FreeDataEntryQueue                                    
100184cd  RFHAL_GetNextDataEntry                                      
100184d1  RFHAL_GetTempDataEntry                                      
100184d5  RFHAL_NextDataEntryDone                                     
100184f9  RFHAL_AllocDataEntry                                        
10018549  RFHAL_FreeDataEntry                                         
10018551  RFHAL_BuildRingBuffer                                       
100185e1  RFHAL_BuildDataEntryRingBuffer                              
10018669  RFHAL_BuildLinkedBuffer                                     
10018755  MB_Init                                                     
10018799  MB_EnableInts                                               
100187f5  MB_DisableInts                                              
10018825  MB_ClearInts                                                
10018835  MB_EnableHWInts                                             
10018865  MB_SendCommand                                              
100188a5  MB_SendCommandSynch                                         
10018935  MB_ReadMailboxStatus                                        
1001893d  MB_RegisterIsrCback                                         
10018945  MB_FwDebugDump                                              
10018949  mbCmdAckIsr                                                 
1001895d  mbCpe0Isr                                                   
10018985  mbCpe1Isr                                                   
100189e5  mbHwIsr                                                     
10018a19  AesCcm_authEncrypt_Sw                                       
10018a35  AesCcm_decryptAuth_Sw                                       
10018a99  Aes_encrypt_Sw                                              
10018ac5  Aes_decrypt_Sw                                              
10018b09  AesCcm_getNumBlocks_Sw                                      
10018b0c  NIST_Curve_P256_p                                           
10018b30  NIST_Curve_P256_r                                           
10018b54  NIST_Curve_P256_a                                           
10018b78  NIST_Curve_P256_b                                           
10018b9c  NIST_Curve_P256_Gx                                          
10018bc0  NIST_Curve_P256_Gy                                          
10018ced  __exit                                                      
10018d6c  Fill1                                                       
10019ffc  A3_rw                                                       
10019ffd  __checksum_end_CommonROM                                    
10019ffe  A2_rw                                                       
10019ffe  P1_ro_2                                                     
10019ffe  __checksum_CommonROM                                        
20000000  ti_sysbios_family_arm_m3_Hwi_ramVectors                     
20000520  gapProfileState                                             
20000521  selfEntityMain                                              
20000528  sem                                                         
2000052c  hGpioPin                                                    
20000548  pinGpioState                                                
200008d8  linkDBNumConns                                              
200009ec  gapRoleTask                                                 
20000a3c  gapRoleTaskStack                                            
20001934  PowerCC26XX_module                                          
20001a44  ICall_dispatcher                                            
20001a4c  ICall_enterCriticalSection                                  
20001a50  ICall_leaveCriticalSection                                  
20001a68  HEAPMGR_SIZE                                                
200020f4  rfRegTbl                                                    
20002190  ti_sysbios_knl_Task_Object__table__V                        
200021e0  ti_sysbios_family_arm_cc26xx_Timer_Object__table__V         
20002228  ti_sysbios_knl_Task_Module__state__V                        
200022a0  ti_sysbios_family_arm_m3_Hwi_Module__state__V               
20002304  ti_sysbios_knl_Swi_Module_State_0_readyQ__A                 
20002334  ti_sysbios_knl_Swi_Object__table__V                         
20002364  ti_sysbios_knl_Task_Module_State_0_readyQ__A                
20002394  user0Cfg                                                    
2000241c  ti_sysbios_knl_Clock_Module__state__V                       
20002448  ti_sysbios_BIOS_Module__state__V                            
2000246c  ti_sysbios_knl_Clock_Object__table__V                       
2000248c  ti_sysbios_gates_GateMutex_Object__table__V                 
200024a8  ti_sysbios_knl_Swi_Module__state__V                         
200024dc  ti_sysbios_family_arm_m3_Hwi_Object__table__V               
20002518  xdc_runtime_HeapMin_Object__table__V                        
20002528  __TI_cleanup_ptr                                            
2000252c  __TI_dtors_ptr                                              
20002530  __TI_enable_exit_profile_output                             
20002534  lastAppOpcodeSent                                           
20002538  pfnBMAlloc                                                  
2000253c  pfnBMFree                                                   
2000255c  _lock                                                       
20002560  _unlock                                                     
2000256c  ti_sysbios_family_arm_cc26xx_Timer_Module__state__V         
20002574  ti_sysbios_family_arm_m3_Hwi_Module__root__V                
2000257c  ti_sysbios_gates_GateHwi_Module__root__V                    
20002584  ti_sysbios_gates_GateMutex_Module__root__V                  
2000258c  ti_sysbios_hal_Hwi_Module__root__V                          
20002594  ti_sysbios_knl_Clock_Module__root__V                        
2000259c  ti_sysbios_knl_Queue_Module__root__V                        
200025a4  ti_sysbios_knl_Semaphore_Module__root__V                    
200025ac  ti_sysbios_knl_Swi_Module__root__V                          
200025b4  ti_sysbios_knl_Task_Module__root__V                         
200025bc  xdc_runtime_HeapMin_Module__root__V                         
200025c4  xdc_runtime_Startup_Module__state__V                        
200025cc  xdc_runtime_System_Module__state__V                         
200025d8  appAssertCback                                              
200025dc  main_func_sp                                                
200025e8  ti_sysbios_family_arm_m3_Hwi_Module_State_0_excContext__A   
200025ec  ti_sysbios_family_arm_m3_Hwi_Module_State_0_excStack__A     
200025f0  ti_sysbios_gates_GateHwi_Object__table__V                   
200025f4  ti_sysbios_knl_Task_Module_State_0_idleTask__A              
200025f8  xdc_runtime_Memory_Module__state__V                         
20002614  ti_sysbios_family_arm_m3_Hwi_Module_State_0_excActive__A    
20002618  xdc_runtime_HeapMin_Instance_State_0_buf__A                 
20002c9c  trngCC26XXObjects                                           
20002ca0  ti_sysbios_knl_Task_Instance_State_0_stack__A               
20002ea0  spiCC26XXDMAObjects                                         
20003058  PIN_NumPins                                                 
200030ec  PIN_HandleTable                                             
20003278  i2cCC26xxObjects                                            
20003358  ti_sysbios_family_arm_m3_Hwi_dispatchTable                  
20003498  udmaObjects                                                 
20003509  driverlib_release_0_46593                                   
2000350a  heapStart                                                   
20004228  __stack                                                     
20004228  heapEnd                                                     
20004428  __STACK_END                                                 
20004428  __STACK_TOP                                                 
20004f2c  A4_rw                                                       
20004f2c  COMMON_RAM_BASE_ADDR                                        
20004f40  P2_rw                                                       
20004f40  P2_s0                                                       
20004f40  eccRom_windowSize                                           
20004f44  eccRom_workzone                                             
20004f48  eccRom_param_p                                              
20004f4c  eccRom_param_r                                              
20004f50  eccRom_param_a                                              
20004f54  inScalar                                                    
20004f58  inPointX                                                    
20004f5c  inPointY                                                    
20004f60  outPointX                                                   
20004f64  outPointY                                                   
20004f68  SCAL                                                        
20004f6c  EXPX                                                        
20004f70  EXPY                                                        
20004f74  EXPZ                                                        
20004f78  EXPW                                                        
20004f7c  ACCX                                                        
20004f80  ACCY                                                        
20004f84  ACCZ                                                        
20004f88  TMP1                                                        
20004f8c  TMP2                                                        
20004f90  TMP3                                                        
20004f94  TMP4                                                        
20004f98  TMP5                                                        
20004f9c  TMP6                                                        
20004fa0  eccRom_param_Gx                                             
20004fa4  eccRom_param_Gy                                             
20004fa8  eccRom_param_b                                              
20004fac  P2_zi                                                       
20004fac  ratChanInfo                                                 
20004fcc  fwInfoCmd                                                   
20004fd8  MSBMOD                                                      
20004fdc  aux64                                                       
20004fe4  MOD                                                         
20004fe8  LEN                                                         
20004ffc  pSspAesEncrypt_Sw                                           
e000e000  ti_sysbios_family_arm_m3_Hwi_nvic                           
ffffffff  __TI_pprof_out_hndl                                         
ffffffff  __TI_prof_data_size                                         
ffffffff  __TI_prof_data_start                                        
ffffffff  __binit__                                                   
ffffffff  __c_args__                                                  
ffffffff  binit                                                       
UNDEFED   SHT$$INIT_ARRAY$$Base                                       
UNDEFED   SHT$$INIT_ARRAY$$Limit                                      

[1076 symbols]
