******************************************************************************
                  TI ARM Linker Unix v15.12.3                  
******************************************************************************
>> Linked Fri Oct 21 10:21:49 2016

OUTPUT FILE NAME:   <sensortag_reporter.out>
ENTRY POINT SYMBOL: "ResetISR"  address: 0000914d


MEMORY CONFIGURATION

         name            origin    length      used     unused   attr    fill
----------------------  --------  ---------  --------  --------  ----  --------
  FLASH                 00000000   00011000  0000e314  00002cec  R  X
  FLASH_LAST_PAGE       0001f000   00001000  00000058  00000fa8  R  X
  SRAM                  20000000   00004450  0000331e  00001132  RW X


SEGMENT ALLOCATION MAP

run origin  load origin   length   init length attrs members
----------  ----------- ---------- ----------- ----- -------
00000000    00000000    0000e324   0000e324    r-x
  00000000    00000000    0000003c   0000003c    r-- .resetVecs
  0000003c    0000003c    000000c4   000000c4    r-x .text.1
  00000100    00000100    0000003c   0000003c    r-- .const:ti_sysbios_knl_Task_Object__PARAMS__C
  0000013c    0000013c    00000034   00000034    r-- .const:ti_sysbios_knl_Mailbox_Object__PARAMS__C
  00000170    00000170    00000030   00000030    r-- .const:ti_sysbios_family_arm_m3_Hwi_Object__PARAMS__C
  000001a0    000001a0    0000002c   0000002c    r-- .const:ti_sysbios_hal_Hwi_Object__PARAMS__C
  000001cc    000001cc    00000028   00000028    r-- .const:ti_sysbios_heaps_HeapMem_Module__FXNS__C
  000001f4    000001f4    00000028   00000028    r-- .const:ti_sysbios_knl_Swi_Object__PARAMS__C
  0000021c    0000021c    00000024   00000024    r-- .const:ti_sysbios_gates_GateHwi_Module__FXNS__C
  00000240    00000240    00000024   00000024    r-- .const:ti_sysbios_gates_GateMutex_Module__FXNS__C
  00000264    00000264    00000024   00000024    r-- .const:ti_sysbios_heaps_HeapMem_Object__PARAMS__C
  00000288    00000288    00000024   00000024    r-- .const:ti_sysbios_knl_Clock_Object__PARAMS__C
  000002ac    000002ac    00000024   00000024    r-- .const:ti_sysbios_knl_Semaphore_Object__PARAMS__C
  000002d0    000002d0    00000020   00000020    r-- .const:ti_sysbios_family_arm_m3_Hwi_Object__DESC__C
  000002f0    000002f0    00000020   00000020    r-- .const:ti_sysbios_gates_GateHwi_Object__DESC__C
  00000310    00000310    00000020   00000020    r-- .const:ti_sysbios_gates_GateMutex_Object__DESC__C
  00000330    00000330    00000020   00000020    r-- .const:ti_sysbios_hal_Hwi_Object__DESC__C
  00000350    00000350    00000020   00000020    r-- .const:ti_sysbios_heaps_HeapMem_Object__DESC__C
  00000370    00000370    00000020   00000020    r-- .const:ti_sysbios_knl_Clock_Object__DESC__C
  00000390    00000390    00000020   00000020    r-- .const:ti_sysbios_knl_Mailbox_Object__DESC__C
  000003b0    000003b0    00000020   00000020    r-- .const:ti_sysbios_knl_Queue_Object__DESC__C
  000003d0    000003d0    00000020   00000020    r-- .const:ti_sysbios_knl_Semaphore_Object__DESC__C
  000003f0    000003f0    00000020   00000020    r-- .const:ti_sysbios_knl_Swi_Object__DESC__C
  00000410    00000410    00000020   00000020    r-- .const:ti_sysbios_knl_Task_Object__DESC__C
  00000430    00000430    00000018   00000018    r-- .const:ti_sysbios_gates_GateHwi_Object__PARAMS__C
  00000448    00000448    00000018   00000018    r-- .const:ti_sysbios_gates_GateMutex_Object__PARAMS__C
  00000460    00000460    00000018   00000018    r-- .const:ti_sysbios_knl_Queue_Object__PARAMS__C
  00000478    00000478    00000008   00000008    r-- .const:ti_sysbios_knl_Idle_funcList__C
  00000480    00000480    00000004   00000004    r-x .text.2
  00000484    00000484    00000004   00000004    r-- .const:ti_sysbios_family_arm_cc26xx_Timer_startupNeeded__C
  00000488    00000488    00000004   00000004    r-- .const:ti_sysbios_family_arm_m3_Hwi_E_alreadyDefined__C
  0000048c    0000048c    00000004   00000004    r-- .const:ti_sysbios_family_arm_m3_Hwi_E_hwiLimitExceeded__C
  00000490    00000490    00000004   00000004    r-- .const:ti_sysbios_family_arm_m3_Hwi_NUM_INTERRUPTS__C
  00000494    00000494    00000004   00000004    r-- .const:ti_sysbios_family_arm_m3_Hwi_Object__count__C
  00000498    00000498    00000004   00000004    r-- .const:ti_sysbios_family_arm_m3_Hwi_Object__table__C
  0000049c    0000049c    00000004   00000004    r-- .const:ti_sysbios_family_arm_m3_Hwi_ccr__C
  000004a0    000004a0    00000004   00000004    r-- .const:ti_sysbios_family_arm_m3_Hwi_excHandlerFunc__C
  000004a4    000004a4    00000004   00000004    r-- .const:ti_sysbios_family_arm_m3_Hwi_nullIsrFunc__C
  000004a8    000004a8    00000004   00000004    r-- .const:ti_sysbios_family_arm_m3_Hwi_numSparseInterrupts__C
  000004ac    000004ac    00000004   00000004    r-- .const:ti_sysbios_family_arm_m3_Hwi_priGroup__C
  000004b0    000004b0    00000004   00000004    r-- .const:ti_sysbios_family_arm_m3_TaskSupport_stackAlignment__C
  000004b4    000004b4    00000004   00000004    r-- .const:ti_sysbios_heaps_HeapMem_E_memory__C
  000004b8    000004b8    00000004   00000004    r-- .const:ti_sysbios_heaps_HeapMem_Module__gateObj__C
  000004bc    000004bc    00000004   00000004    r-- .const:ti_sysbios_heaps_HeapMem_Object__count__C
  000004c0    000004c0    00000004   00000004    r-- .const:ti_sysbios_heaps_HeapMem_Object__table__C
  000004c4    000004c4    00000004   00000004    r-- .const:ti_sysbios_heaps_HeapMem_reqAlign__C
  000004c8    000004c8    00000004   00000004    r-- .const:ti_sysbios_knl_Clock_serviceMargin__C
  000004cc    000004cc    00000004   00000004    r-- .const:ti_sysbios_knl_Mailbox_Object__count__C
  000004d0    000004d0    00000004   00000004    r-- .const:ti_sysbios_knl_Mailbox_Object__table__C
  000004d4    000004d4    00000004   00000004    r-- .const:ti_sysbios_knl_Queue_Object__count__C
  000004d8    000004d8    00000004   00000004    r-- .const:ti_sysbios_knl_Queue_Object__table__C
  000004dc    000004dc    00000004   00000004    r-- .const:ti_sysbios_knl_Swi_Object__count__C
  000004e0    000004e0    00000004   00000004    r-- .const:ti_sysbios_knl_Swi_Object__table__C
  000004e4    000004e4    00000004   00000004    r-- .const:ti_sysbios_knl_Swi_numPriorities__C
  000004e8    000004e8    00000004   00000004    r-- .const:ti_sysbios_knl_Task_Object__count__C
  000004ec    000004ec    00000004   00000004    r-- .const:ti_sysbios_knl_Task_Object__table__C
  000004f0    000004f0    00000004   00000004    r-- .const:ti_sysbios_knl_Task_allBlockedFunc__C
  000004f4    000004f4    00000004   00000004    r-- .const:ti_sysbios_knl_Task_defaultStackHeap__C
  000004f8    000004f8    00000004   00000004    r-- .const:ti_sysbios_knl_Task_defaultStackSize__C
  000004fc    000004fc    00000004   00000004    r-- .const:ti_sysbios_knl_Task_numConstructedTasks__C
  00000500    00000500    00000002   00000002    r-x .text.3
  00000502    00000502    00000002   00000002    r-- .const:ti_sysbios_family_arm_cc26xx_Timer_Module__id__C
  00000504    00000504    00000002   00000002    r-- .const:ti_sysbios_family_arm_cc26xx_TimestampProvider_useClockTimer__C
  00000506    00000506    00000002   00000002    r-- .const:ti_sysbios_family_arm_m3_Hwi_Module__id__C
  00000508    00000508    00000002   00000002    r-- .const:ti_sysbios_gates_GateHwi_Module__id__C
  0000050a    0000050a    00000002   00000002    r-- .const:ti_sysbios_gates_GateMutex_Module__id__C
  0000050c    0000050c    00000002   00000002    r-- .const:ti_sysbios_heaps_HeapMem_Module__id__C
  0000050e    0000050e    00000002   00000002    r-- .const:ti_sysbios_knl_Task_initStackFlag__C
  00000510    00000510    00000001   00000001    r-- .const:ti_sysbios_knl_Clock_tickMode__C
  00000514    00000514    00000008   00000008    r-- .const:xdc_runtime_Startup_firstFxns__C
  0000051c    0000051c    00000008   00000008    r-- .const:xdc_runtime_Startup_lastFxns__C
  00000524    00000524    00000004   00000004    r-- .const:xdc_runtime_Assert_E_assertFailed__C
  00000528    00000528    00000004   00000004    r-- .const:xdc_runtime_Error_E_memory__C
  0000052c    0000052c    00000004   00000004    r-- .const:xdc_runtime_Error_policyFxn__C
  00000530    00000530    00000004   00000004    r-- .const:xdc_runtime_IGateProvider_Interface__BASE__C
  00000534    00000534    00000004   00000004    r-- .const:xdc_runtime_IHeap_Interface__BASE__C
  00000538    00000538    00000004   00000004    r-- .const:xdc_runtime_IModule_Interface__BASE__C
  0000053c    0000053c    00000004   00000004    r-- .const:xdc_runtime_Main_Module__diagsEnabled__C
  00000540    00000540    00000004   00000004    r-- .const:xdc_runtime_Main_Module__diagsIncluded__C
  00000544    00000544    00000004   00000004    r-- .const:xdc_runtime_Main_Module__diagsMask__C
  00000548    00000548    00000004   00000004    r-- .const:xdc_runtime_Memory_defaultHeapInstance__C
  0000054c    0000054c    00000004   00000004    r-- .const:xdc_runtime_Startup_execImpl__C
  00000550    00000550    00000004   00000004    r-- .const:xdc_runtime_Startup_maxPasses__C
  00000554    00000554    00000004   00000004    r-- .const:xdc_runtime_Startup_sfxnRts__C
  00000558    00000558    00000004   00000004    r-- .const:xdc_runtime_Startup_sfxnTab__C
  0000055c    0000055c    00000004   00000004    r-- .const:xdc_runtime_Startup_startModsFxn__C
  00000560    00000560    00000004   00000004    r-- .const:xdc_runtime_SysCallback_abortFxn__C
  00000564    00000564    00000004   00000004    r-- .const:xdc_runtime_SysCallback_exitFxn__C
  00000568    00000568    00000004   00000004    r-- .const:xdc_runtime_System_abortFxn__C
  0000056c    0000056c    00000004   00000004    r-- .const:xdc_runtime_System_exitFxn__C
  00000570    00000570    00000004   00000004    r-- .const:xdc_runtime_System_maxAtexitHandlers__C
  00000574    00000574    00000004   00000004    r-- .const:xdc_runtime_Text_charTab__C
  00000578    00000578    00000004   00000004    r-- .const:xdc_runtime_Text_nameEmpty__C
  0000057c    0000057c    00000004   00000004    r-- .const:xdc_runtime_Text_nameStatic__C
  00000580    00000580    00000004   00000004    r-- .const:xdc_runtime_Text_nameUnknown__C
  00000584    00000584    00000002   00000002    r-- .const:xdc_runtime_Main_Module__id__C
  00000586    00000586    00000002   00000002    r-- .const:xdc_runtime_Memory_Module__id__C
  00000588    00000588    00000002   00000002    r-- .const:xdc_runtime_Text_charCnt__C
  0000058a    0000058a    00000002   00000002    r-- .const:xdc_runtime_Text_isLoaded__C
  0000058c    0000058c    00000001   00000001    r-- .const:xdc_runtime_Error_policy__C
  00000590    00000590    00000004   00000004    r-- .const:ti_sysbios_rom_ROM_AONRTCChannelEnable
  00000594    00000594    00000004   00000004    r-- .const:ti_sysbios_rom_ROM_AONRTCCompareValueSet
  00000598    00000598    00000004   00000004    r-- .const:ti_sysbios_rom_ROM_AONRTCCurrentCompareValueGet
  0000059c    0000059c    00000004   00000004    r-- .const:ti_sysbios_rom_ROM_AONRTCEventClear
  000005a0    000005a0    00000004   00000004    r-- .const:ti_sysbios_rom_ROM_ti_sysbios_family_arm_cc26xx_Timer_getCount64__E
  000005a4    000005a4    00000004   00000004    r-- .const:ti_sysbios_rom_ROM_ti_sysbios_family_arm_cc26xx_Timer_getCurrentTick__E
  000005a8    000005a8    00000004   00000004    r-- .const:ti_sysbios_rom_ROM_ti_sysbios_family_arm_cc26xx_Timer_getMaxTicks__E
  000005ac    000005ac    00000004   00000004    r-- .const:ti_sysbios_rom_ROM_ti_sysbios_family_arm_cc26xx_Timer_initDevice__I
  000005b0    000005b0    00000004   00000004    r-- .const:ti_sysbios_rom_ROM_ti_sysbios_family_arm_cc26xx_Timer_setNextTick__E
  000005b4    000005b4    00000004   00000004    r-- .const:ti_sysbios_rom_ROM_ti_sysbios_family_arm_cc26xx_Timer_setThreshold__I
  000005b8    000005b8    00000004   00000004    r-- .const:ti_sysbios_rom_ROM_ti_sysbios_family_arm_cc26xx_Timer_start__E
  000005bc    000005bc    00000004   00000004    r-- .const:ti_sysbios_rom_ROM_ti_sysbios_family_arm_cc26xx_TimestampProvider_get32__E
  000005c0    000005c0    00000004   00000004    r-- .const:ti_sysbios_rom_ROM_xdc_runtime_Startup_getState__I
  000005c4    000005c4    00000004   00000004    r-- .const:ti_sysbios_rom_ROM_xdc_runtime_System_SupportProxy_abort__E
  000005c8    000005c8    00000004   00000004    r-- .const:ti_sysbios_rom_ROM_xdc_runtime_System_SupportProxy_exit__E
  000005cc    000005cc    00000004   00000004    r-- .const:ti_sysbios_gates_GateMutex_Instance_State_sem__O
  000005d0    000005d0    00000004   00000004    r-- .const:ti_sysbios_knl_Clock_Module_State_clockQ__O
  000005d4    000005d4    00000004   00000004    r-- .const:ti_sysbios_knl_Mailbox_Instance_State_dataQue__O
  000005d8    000005d8    00000004   00000004    r-- .const:ti_sysbios_knl_Mailbox_Instance_State_dataSem__O
  000005dc    000005dc    00000004   00000004    r-- .const:ti_sysbios_knl_Mailbox_Instance_State_freeQue__O
  000005e0    000005e0    00000004   00000004    r-- .const:ti_sysbios_knl_Mailbox_Instance_State_freeSem__O
  000005e4    000005e4    00000004   00000004    r-- .const:ti_sysbios_knl_Semaphore_Instance_State_pendQ__O
  000005e8    000005e8    00000004   00000004    r-- .const:ti_sysbios_knl_Task_Module_State_inactiveQ__O
  000005ec    000005ec    0000bae8   0000bae8    r-x .text.4
  0000c0d8    0000c0d8    0000171a   0000171a    r-- .const
  0000d7f8    0000d7f8    00000b2c   00000b2c    r-- .cinit
0001ffa8    0001ffa8    00000058   00000058    r--
  0001ffa8    0001ffa8    00000058   00000058    r-- .ccfg
20000000    20000000    000000c8   00000000    rw-
  20000000    20000000    000000c8   00000000    rw- .vecs
20000100    20000100    00000104   00000000    rw-
  20000100    20000100    00000044   00000000    rw- .data:ti_sysbios_knl_Task_Module__state__V
  20000144    20000144    00000034   00000000    rw- .data:ti_sysbios_family_arm_m3_Hwi_Module__state__V
  20000178    20000178    0000002c   00000000    rw- .data:ti_sysbios_knl_Clock_Module__state__V
  200001a4    200001a4    00000024   00000000    rw- .data:ti_sysbios_BIOS_Module__state__V
  200001c8    200001c8    0000001c   00000000    rw- .data:ti_sysbios_knl_Swi_Module__state__V
  200001e4    200001e4    00000008   00000000    rw- .data:ti_sysbios_family_arm_cc26xx_Timer_Module__state__V
  200001ec    200001ec    00000004   00000000    rw- .data:ti_sysbios_family_arm_cc26xx_TimestampProvider_Module__state__V
  200001f0    200001f0    00000008   00000000    rw- .data:xdc_runtime_Startup_Module__state__V
  200001f8    200001f8    00000008   00000000    rw- .data:xdc_runtime_System_Module__state__V
  20000200    20000200    00000004   00000000    rw- .data:xdc_runtime_Memory_Module__state__V
20000430    20000430    00000010   00000000    rw-
  20000430    20000430    00000010   00000000    rw- .TI.bound:dmaRxControlTableEntry0
20000440    20000440    00000010   00000000    rw-
  20000440    20000440    00000010   00000000    rw- .TI.bound:dmaTxControlTableEntry0
20000500    20000500    00000010   00000000    rw-
  20000500    20000500    00000010   00000000    rw- .TI.bound:dmaRxControlTableEntry1
20000510    20000510    00002d22   00000000    rw-
  20000510    20000510    00000010   00000000    rw- .TI.bound:dmaTxControlTableEntry1
  20000520    20000520    00001f35   00000000    rw- .data
  20002458    20002458    00000dda   00000000    rw- .bss
20004050    20004050    00000400   00000000    rw-
  20004050    20004050    00000400   00000000    rw- .stack


SECTION ALLOCATION MAP

 output                                  attributes/
section   page    origin      length       input sections
--------  ----  ----------  ----------   ----------------
.resetVecs 
*          0    00000000    0000003c     
                  00000000    0000003c     app_ble_pem3.oem3 (.resetVecs)

.const:ti_sysbios_knl_Task_Object__PARAMS__C 
*          0    00000100    0000003c     
                  00000100    0000003c     app_ble_pem3.oem3 (.const:ti_sysbios_knl_Task_Object__PARAMS__C)

.const:ti_sysbios_knl_Mailbox_Object__PARAMS__C 
*          0    0000013c    00000034     
                  0000013c    00000034     app_ble_pem3.oem3 (.const:ti_sysbios_knl_Mailbox_Object__PARAMS__C)

.const:ti_sysbios_family_arm_m3_Hwi_Object__PARAMS__C 
*          0    00000170    00000030     
                  00000170    00000030     app_ble_pem3.oem3 (.const:ti_sysbios_family_arm_m3_Hwi_Object__PARAMS__C)

.const:ti_sysbios_hal_Hwi_Object__PARAMS__C 
*          0    000001a0    0000002c     
                  000001a0    0000002c     app_ble_pem3.oem3 (.const:ti_sysbios_hal_Hwi_Object__PARAMS__C)

.const:ti_sysbios_heaps_HeapMem_Module__FXNS__C 
*          0    000001cc    00000028     
                  000001cc    00000028     app_ble_pem3.oem3 (.const:ti_sysbios_heaps_HeapMem_Module__FXNS__C)

.const:ti_sysbios_knl_Swi_Object__PARAMS__C 
*          0    000001f4    00000028     
                  000001f4    00000028     app_ble_pem3.oem3 (.const:ti_sysbios_knl_Swi_Object__PARAMS__C)

.const:ti_sysbios_gates_GateHwi_Module__FXNS__C 
*          0    0000021c    00000024     
                  0000021c    00000024     app_ble_pem3.oem3 (.const:ti_sysbios_gates_GateHwi_Module__FXNS__C)

.const:ti_sysbios_gates_GateMutex_Module__FXNS__C 
*          0    00000240    00000024     
                  00000240    00000024     app_ble_pem3.oem3 (.const:ti_sysbios_gates_GateMutex_Module__FXNS__C)

.const:ti_sysbios_heaps_HeapMem_Object__PARAMS__C 
*          0    00000264    00000024     
                  00000264    00000024     app_ble_pem3.oem3 (.const:ti_sysbios_heaps_HeapMem_Object__PARAMS__C)

.const:ti_sysbios_knl_Clock_Object__PARAMS__C 
*          0    00000288    00000024     
                  00000288    00000024     app_ble_pem3.oem3 (.const:ti_sysbios_knl_Clock_Object__PARAMS__C)

.const:ti_sysbios_knl_Semaphore_Object__PARAMS__C 
*          0    000002ac    00000024     
                  000002ac    00000024     app_ble_pem3.oem3 (.const:ti_sysbios_knl_Semaphore_Object__PARAMS__C)

.const:ti_sysbios_family_arm_m3_Hwi_Object__DESC__C 
*          0    000002d0    00000020     
                  000002d0    00000020     app_ble_pem3.oem3 (.const:ti_sysbios_family_arm_m3_Hwi_Object__DESC__C)

.const:ti_sysbios_gates_GateHwi_Object__DESC__C 
*          0    000002f0    00000020     
                  000002f0    00000020     app_ble_pem3.oem3 (.const:ti_sysbios_gates_GateHwi_Object__DESC__C)

.const:ti_sysbios_gates_GateMutex_Object__DESC__C 
*          0    00000310    00000020     
                  00000310    00000020     app_ble_pem3.oem3 (.const:ti_sysbios_gates_GateMutex_Object__DESC__C)

.const:ti_sysbios_hal_Hwi_Object__DESC__C 
*          0    00000330    00000020     
                  00000330    00000020     app_ble_pem3.oem3 (.const:ti_sysbios_hal_Hwi_Object__DESC__C)

.const:ti_sysbios_heaps_HeapMem_Object__DESC__C 
*          0    00000350    00000020     
                  00000350    00000020     app_ble_pem3.oem3 (.const:ti_sysbios_heaps_HeapMem_Object__DESC__C)

.const:ti_sysbios_knl_Clock_Object__DESC__C 
*          0    00000370    00000020     
                  00000370    00000020     app_ble_pem3.oem3 (.const:ti_sysbios_knl_Clock_Object__DESC__C)

.const:ti_sysbios_knl_Mailbox_Object__DESC__C 
*          0    00000390    00000020     
                  00000390    00000020     app_ble_pem3.oem3 (.const:ti_sysbios_knl_Mailbox_Object__DESC__C)

.const:ti_sysbios_knl_Queue_Object__DESC__C 
*          0    000003b0    00000020     
                  000003b0    00000020     app_ble_pem3.oem3 (.const:ti_sysbios_knl_Queue_Object__DESC__C)

.const:ti_sysbios_knl_Semaphore_Object__DESC__C 
*          0    000003d0    00000020     
                  000003d0    00000020     app_ble_pem3.oem3 (.const:ti_sysbios_knl_Semaphore_Object__DESC__C)

.const:ti_sysbios_knl_Swi_Object__DESC__C 
*          0    000003f0    00000020     
                  000003f0    00000020     app_ble_pem3.oem3 (.const:ti_sysbios_knl_Swi_Object__DESC__C)

.const:ti_sysbios_knl_Task_Object__DESC__C 
*          0    00000410    00000020     
                  00000410    00000020     app_ble_pem3.oem3 (.const:ti_sysbios_knl_Task_Object__DESC__C)

.const:ti_sysbios_gates_GateHwi_Object__PARAMS__C 
*          0    00000430    00000018     
                  00000430    00000018     app_ble_pem3.oem3 (.const:ti_sysbios_gates_GateHwi_Object__PARAMS__C)

.const:ti_sysbios_gates_GateMutex_Object__PARAMS__C 
*          0    00000448    00000018     
                  00000448    00000018     app_ble_pem3.oem3 (.const:ti_sysbios_gates_GateMutex_Object__PARAMS__C)

.const:ti_sysbios_knl_Queue_Object__PARAMS__C 
*          0    00000460    00000018     
                  00000460    00000018     app_ble_pem3.oem3 (.const:ti_sysbios_knl_Queue_Object__PARAMS__C)

.const:ti_sysbios_knl_Idle_funcList__C 
*          0    00000478    00000008     
                  00000478    00000008     app_ble_pem3.oem3 (.const:ti_sysbios_knl_Idle_funcList__C)

.const:ti_sysbios_family_arm_cc26xx_Timer_startupNeeded__C 
*          0    00000484    00000004     
                  00000484    00000004     app_ble_pem3.oem3 (.const:ti_sysbios_family_arm_cc26xx_Timer_startupNeeded__C)

.const:ti_sysbios_family_arm_m3_Hwi_E_alreadyDefined__C 
*          0    00000488    00000004     
                  00000488    00000004     app_ble_pem3.oem3 (.const:ti_sysbios_family_arm_m3_Hwi_E_alreadyDefined__C)

.const:ti_sysbios_family_arm_m3_Hwi_E_hwiLimitExceeded__C 
*          0    0000048c    00000004     
                  0000048c    00000004     app_ble_pem3.oem3 (.const:ti_sysbios_family_arm_m3_Hwi_E_hwiLimitExceeded__C)

.const:ti_sysbios_family_arm_m3_Hwi_NUM_INTERRUPTS__C 
*          0    00000490    00000004     
                  00000490    00000004     app_ble_pem3.oem3 (.const:ti_sysbios_family_arm_m3_Hwi_NUM_INTERRUPTS__C)

.const:ti_sysbios_family_arm_m3_Hwi_Object__count__C 
*          0    00000494    00000004     
                  00000494    00000004     app_ble_pem3.oem3 (.const:ti_sysbios_family_arm_m3_Hwi_Object__count__C)

.const:ti_sysbios_family_arm_m3_Hwi_Object__table__C 
*          0    00000498    00000004     
                  00000498    00000004     app_ble_pem3.oem3 (.const:ti_sysbios_family_arm_m3_Hwi_Object__table__C)

.const:ti_sysbios_family_arm_m3_Hwi_ccr__C 
*          0    0000049c    00000004     
                  0000049c    00000004     app_ble_pem3.oem3 (.const:ti_sysbios_family_arm_m3_Hwi_ccr__C)

.const:ti_sysbios_family_arm_m3_Hwi_excHandlerFunc__C 
*          0    000004a0    00000004     
                  000004a0    00000004     app_ble_pem3.oem3 (.const:ti_sysbios_family_arm_m3_Hwi_excHandlerFunc__C)

.const:ti_sysbios_family_arm_m3_Hwi_nullIsrFunc__C 
*          0    000004a4    00000004     
                  000004a4    00000004     app_ble_pem3.oem3 (.const:ti_sysbios_family_arm_m3_Hwi_nullIsrFunc__C)

.const:ti_sysbios_family_arm_m3_Hwi_numSparseInterrupts__C 
*          0    000004a8    00000004     
                  000004a8    00000004     app_ble_pem3.oem3 (.const:ti_sysbios_family_arm_m3_Hwi_numSparseInterrupts__C)

.const:ti_sysbios_family_arm_m3_Hwi_priGroup__C 
*          0    000004ac    00000004     
                  000004ac    00000004     app_ble_pem3.oem3 (.const:ti_sysbios_family_arm_m3_Hwi_priGroup__C)

.const:ti_sysbios_family_arm_m3_TaskSupport_stackAlignment__C 
*          0    000004b0    00000004     
                  000004b0    00000004     app_ble_pem3.oem3 (.const:ti_sysbios_family_arm_m3_TaskSupport_stackAlignment__C)

.const:ti_sysbios_heaps_HeapMem_E_memory__C 
*          0    000004b4    00000004     
                  000004b4    00000004     app_ble_pem3.oem3 (.const:ti_sysbios_heaps_HeapMem_E_memory__C)

.const:ti_sysbios_heaps_HeapMem_Module__gateObj__C 
*          0    000004b8    00000004     
                  000004b8    00000004     app_ble_pem3.oem3 (.const:ti_sysbios_heaps_HeapMem_Module__gateObj__C)

.const:ti_sysbios_heaps_HeapMem_Object__count__C 
*          0    000004bc    00000004     
                  000004bc    00000004     app_ble_pem3.oem3 (.const:ti_sysbios_heaps_HeapMem_Object__count__C)

.const:ti_sysbios_heaps_HeapMem_Object__table__C 
*          0    000004c0    00000004     
                  000004c0    00000004     app_ble_pem3.oem3 (.const:ti_sysbios_heaps_HeapMem_Object__table__C)

.const:ti_sysbios_heaps_HeapMem_reqAlign__C 
*          0    000004c4    00000004     
                  000004c4    00000004     app_ble_pem3.oem3 (.const:ti_sysbios_heaps_HeapMem_reqAlign__C)

.const:ti_sysbios_knl_Clock_serviceMargin__C 
*          0    000004c8    00000004     
                  000004c8    00000004     app_ble_pem3.oem3 (.const:ti_sysbios_knl_Clock_serviceMargin__C)

.const:ti_sysbios_knl_Mailbox_Object__count__C 
*          0    000004cc    00000004     
                  000004cc    00000004     app_ble_pem3.oem3 (.const:ti_sysbios_knl_Mailbox_Object__count__C)

.const:ti_sysbios_knl_Mailbox_Object__table__C 
*          0    000004d0    00000004     
                  000004d0    00000004     app_ble_pem3.oem3 (.const:ti_sysbios_knl_Mailbox_Object__table__C)

.const:ti_sysbios_knl_Queue_Object__count__C 
*          0    000004d4    00000004     
                  000004d4    00000004     app_ble_pem3.oem3 (.const:ti_sysbios_knl_Queue_Object__count__C)

.const:ti_sysbios_knl_Queue_Object__table__C 
*          0    000004d8    00000004     
                  000004d8    00000004     app_ble_pem3.oem3 (.const:ti_sysbios_knl_Queue_Object__table__C)

.const:ti_sysbios_knl_Swi_Object__count__C 
*          0    000004dc    00000004     
                  000004dc    00000004     app_ble_pem3.oem3 (.const:ti_sysbios_knl_Swi_Object__count__C)

.const:ti_sysbios_knl_Swi_Object__table__C 
*          0    000004e0    00000004     
                  000004e0    00000004     app_ble_pem3.oem3 (.const:ti_sysbios_knl_Swi_Object__table__C)

.const:ti_sysbios_knl_Swi_numPriorities__C 
*          0    000004e4    00000004     
                  000004e4    00000004     app_ble_pem3.oem3 (.const:ti_sysbios_knl_Swi_numPriorities__C)

.const:ti_sysbios_knl_Task_Object__count__C 
*          0    000004e8    00000004     
                  000004e8    00000004     app_ble_pem3.oem3 (.const:ti_sysbios_knl_Task_Object__count__C)

.const:ti_sysbios_knl_Task_Object__table__C 
*          0    000004ec    00000004     
                  000004ec    00000004     app_ble_pem3.oem3 (.const:ti_sysbios_knl_Task_Object__table__C)

.const:ti_sysbios_knl_Task_allBlockedFunc__C 
*          0    000004f0    00000004     
                  000004f0    00000004     app_ble_pem3.oem3 (.const:ti_sysbios_knl_Task_allBlockedFunc__C)

.const:ti_sysbios_knl_Task_defaultStackHeap__C 
*          0    000004f4    00000004     
                  000004f4    00000004     app_ble_pem3.oem3 (.const:ti_sysbios_knl_Task_defaultStackHeap__C)

.const:ti_sysbios_knl_Task_defaultStackSize__C 
*          0    000004f8    00000004     
                  000004f8    00000004     app_ble_pem3.oem3 (.const:ti_sysbios_knl_Task_defaultStackSize__C)

.const:ti_sysbios_knl_Task_numConstructedTasks__C 
*          0    000004fc    00000004     
                  000004fc    00000004     app_ble_pem3.oem3 (.const:ti_sysbios_knl_Task_numConstructedTasks__C)

.const:ti_sysbios_family_arm_cc26xx_Timer_Module__id__C 
*          0    00000502    00000002     
                  00000502    00000002     app_ble_pem3.oem3 (.const:ti_sysbios_family_arm_cc26xx_Timer_Module__id__C)

.const:ti_sysbios_family_arm_cc26xx_TimestampProvider_useClockTimer__C 
*          0    00000504    00000002     
                  00000504    00000002     app_ble_pem3.oem3 (.const:ti_sysbios_family_arm_cc26xx_TimestampProvider_useClockTimer__C)

.const:ti_sysbios_family_arm_m3_Hwi_Module__id__C 
*          0    00000506    00000002     
                  00000506    00000002     app_ble_pem3.oem3 (.const:ti_sysbios_family_arm_m3_Hwi_Module__id__C)

.const:ti_sysbios_gates_GateHwi_Module__id__C 
*          0    00000508    00000002     
                  00000508    00000002     app_ble_pem3.oem3 (.const:ti_sysbios_gates_GateHwi_Module__id__C)

.const:ti_sysbios_gates_GateMutex_Module__id__C 
*          0    0000050a    00000002     
                  0000050a    00000002     app_ble_pem3.oem3 (.const:ti_sysbios_gates_GateMutex_Module__id__C)

.const:ti_sysbios_heaps_HeapMem_Module__id__C 
*          0    0000050c    00000002     
                  0000050c    00000002     app_ble_pem3.oem3 (.const:ti_sysbios_heaps_HeapMem_Module__id__C)

.const:ti_sysbios_knl_Task_initStackFlag__C 
*          0    0000050e    00000002     
                  0000050e    00000002     app_ble_pem3.oem3 (.const:ti_sysbios_knl_Task_initStackFlag__C)

.const:ti_sysbios_knl_Clock_tickMode__C 
*          0    00000510    00000001     
                  00000510    00000001     app_ble_pem3.oem3 (.const:ti_sysbios_knl_Clock_tickMode__C)

.const:xdc_runtime_Startup_firstFxns__C 
*          0    00000514    00000008     
                  00000514    00000008     app_ble_pem3.oem3 (.const:xdc_runtime_Startup_firstFxns__C)

.const:xdc_runtime_Startup_lastFxns__C 
*          0    0000051c    00000008     
                  0000051c    00000008     app_ble_pem3.oem3 (.const:xdc_runtime_Startup_lastFxns__C)

.const:xdc_runtime_Assert_E_assertFailed__C 
*          0    00000524    00000004     
                  00000524    00000004     app_ble_pem3.oem3 (.const:xdc_runtime_Assert_E_assertFailed__C)

.const:xdc_runtime_Error_E_memory__C 
*          0    00000528    00000004     
                  00000528    00000004     app_ble_pem3.oem3 (.const:xdc_runtime_Error_E_memory__C)

.const:xdc_runtime_Error_policyFxn__C 
*          0    0000052c    00000004     
                  0000052c    00000004     app_ble_pem3.oem3 (.const:xdc_runtime_Error_policyFxn__C)

.const:xdc_runtime_IGateProvider_Interface__BASE__C 
*          0    00000530    00000004     
                  00000530    00000004     app_ble_pem3.oem3 (.const:xdc_runtime_IGateProvider_Interface__BASE__C)

.const:xdc_runtime_IHeap_Interface__BASE__C 
*          0    00000534    00000004     
                  00000534    00000004     app_ble_pem3.oem3 (.const:xdc_runtime_IHeap_Interface__BASE__C)

.const:xdc_runtime_IModule_Interface__BASE__C 
*          0    00000538    00000004     
                  00000538    00000004     app_ble_pem3.oem3 (.const:xdc_runtime_IModule_Interface__BASE__C)

.const:xdc_runtime_Main_Module__diagsEnabled__C 
*          0    0000053c    00000004     
                  0000053c    00000004     app_ble_pem3.oem3 (.const:xdc_runtime_Main_Module__diagsEnabled__C)

.const:xdc_runtime_Main_Module__diagsIncluded__C 
*          0    00000540    00000004     
                  00000540    00000004     app_ble_pem3.oem3 (.const:xdc_runtime_Main_Module__diagsIncluded__C)

.const:xdc_runtime_Main_Module__diagsMask__C 
*          0    00000544    00000004     
                  00000544    00000004     app_ble_pem3.oem3 (.const:xdc_runtime_Main_Module__diagsMask__C)

.const:xdc_runtime_Memory_defaultHeapInstance__C 
*          0    00000548    00000004     
                  00000548    00000004     app_ble_pem3.oem3 (.const:xdc_runtime_Memory_defaultHeapInstance__C)

.const:xdc_runtime_Startup_execImpl__C 
*          0    0000054c    00000004     
                  0000054c    00000004     app_ble_pem3.oem3 (.const:xdc_runtime_Startup_execImpl__C)

.const:xdc_runtime_Startup_maxPasses__C 
*          0    00000550    00000004     
                  00000550    00000004     app_ble_pem3.oem3 (.const:xdc_runtime_Startup_maxPasses__C)

.const:xdc_runtime_Startup_sfxnRts__C 
*          0    00000554    00000004     
                  00000554    00000004     app_ble_pem3.oem3 (.const:xdc_runtime_Startup_sfxnRts__C)

.const:xdc_runtime_Startup_sfxnTab__C 
*          0    00000558    00000004     
                  00000558    00000004     app_ble_pem3.oem3 (.const:xdc_runtime_Startup_sfxnTab__C)

.const:xdc_runtime_Startup_startModsFxn__C 
*          0    0000055c    00000004     
                  0000055c    00000004     app_ble_pem3.oem3 (.const:xdc_runtime_Startup_startModsFxn__C)

.const:xdc_runtime_SysCallback_abortFxn__C 
*          0    00000560    00000004     
                  00000560    00000004     app_ble_pem3.oem3 (.const:xdc_runtime_SysCallback_abortFxn__C)

.const:xdc_runtime_SysCallback_exitFxn__C 
*          0    00000564    00000004     
                  00000564    00000004     app_ble_pem3.oem3 (.const:xdc_runtime_SysCallback_exitFxn__C)

.const:xdc_runtime_System_abortFxn__C 
*          0    00000568    00000004     
                  00000568    00000004     app_ble_pem3.oem3 (.const:xdc_runtime_System_abortFxn__C)

.const:xdc_runtime_System_exitFxn__C 
*          0    0000056c    00000004     
                  0000056c    00000004     app_ble_pem3.oem3 (.const:xdc_runtime_System_exitFxn__C)

.const:xdc_runtime_System_maxAtexitHandlers__C 
*          0    00000570    00000004     
                  00000570    00000004     app_ble_pem3.oem3 (.const:xdc_runtime_System_maxAtexitHandlers__C)

.const:xdc_runtime_Text_charTab__C 
*          0    00000574    00000004     
                  00000574    00000004     app_ble_pem3.oem3 (.const:xdc_runtime_Text_charTab__C)

.const:xdc_runtime_Text_nameEmpty__C 
*          0    00000578    00000004     
                  00000578    00000004     app_ble_pem3.oem3 (.const:xdc_runtime_Text_nameEmpty__C)

.const:xdc_runtime_Text_nameStatic__C 
*          0    0000057c    00000004     
                  0000057c    00000004     app_ble_pem3.oem3 (.const:xdc_runtime_Text_nameStatic__C)

.const:xdc_runtime_Text_nameUnknown__C 
*          0    00000580    00000004     
                  00000580    00000004     app_ble_pem3.oem3 (.const:xdc_runtime_Text_nameUnknown__C)

.const:xdc_runtime_Main_Module__id__C 
*          0    00000584    00000002     
                  00000584    00000002     app_ble_pem3.oem3 (.const:xdc_runtime_Main_Module__id__C)

.const:xdc_runtime_Memory_Module__id__C 
*          0    00000586    00000002     
                  00000586    00000002     app_ble_pem3.oem3 (.const:xdc_runtime_Memory_Module__id__C)

.const:xdc_runtime_Text_charCnt__C 
*          0    00000588    00000002     
                  00000588    00000002     app_ble_pem3.oem3 (.const:xdc_runtime_Text_charCnt__C)

.const:xdc_runtime_Text_isLoaded__C 
*          0    0000058a    00000002     
                  0000058a    00000002     app_ble_pem3.oem3 (.const:xdc_runtime_Text_isLoaded__C)

.const:xdc_runtime_Error_policy__C 
*          0    0000058c    00000001     
                  0000058c    00000001     app_ble_pem3.oem3 (.const:xdc_runtime_Error_policy__C)

.const:ti_sysbios_rom_ROM_AONRTCChannelEnable 
*          0    00000590    00000004     
                  00000590    00000004     app_ble_pem3.oem3 (.const:ti_sysbios_rom_ROM_AONRTCChannelEnable)

.const:ti_sysbios_rom_ROM_AONRTCCompareValueSet 
*          0    00000594    00000004     
                  00000594    00000004     app_ble_pem3.oem3 (.const:ti_sysbios_rom_ROM_AONRTCCompareValueSet)

.const:ti_sysbios_rom_ROM_AONRTCCurrentCompareValueGet 
*          0    00000598    00000004     
                  00000598    00000004     app_ble_pem3.oem3 (.const:ti_sysbios_rom_ROM_AONRTCCurrentCompareValueGet)

.const:ti_sysbios_rom_ROM_AONRTCEventClear 
*          0    0000059c    00000004     
                  0000059c    00000004     app_ble_pem3.oem3 (.const:ti_sysbios_rom_ROM_AONRTCEventClear)

.const:ti_sysbios_rom_ROM_ti_sysbios_family_arm_cc26xx_Timer_getCount64__E 
*          0    000005a0    00000004     
                  000005a0    00000004     app_ble_pem3.oem3 (.const:ti_sysbios_rom_ROM_ti_sysbios_family_arm_cc26xx_Timer_getCount64__E)

.const:ti_sysbios_rom_ROM_ti_sysbios_family_arm_cc26xx_Timer_getCurrentTick__E 
*          0    000005a4    00000004     
                  000005a4    00000004     app_ble_pem3.oem3 (.const:ti_sysbios_rom_ROM_ti_sysbios_family_arm_cc26xx_Timer_getCurrentTick__E)

.const:ti_sysbios_rom_ROM_ti_sysbios_family_arm_cc26xx_Timer_getMaxTicks__E 
*          0    000005a8    00000004     
                  000005a8    00000004     app_ble_pem3.oem3 (.const:ti_sysbios_rom_ROM_ti_sysbios_family_arm_cc26xx_Timer_getMaxTicks__E)

.const:ti_sysbios_rom_ROM_ti_sysbios_family_arm_cc26xx_Timer_initDevice__I 
*          0    000005ac    00000004     
                  000005ac    00000004     app_ble_pem3.oem3 (.const:ti_sysbios_rom_ROM_ti_sysbios_family_arm_cc26xx_Timer_initDevice__I)

.const:ti_sysbios_rom_ROM_ti_sysbios_family_arm_cc26xx_Timer_setNextTick__E 
*          0    000005b0    00000004     
                  000005b0    00000004     app_ble_pem3.oem3 (.const:ti_sysbios_rom_ROM_ti_sysbios_family_arm_cc26xx_Timer_setNextTick__E)

.const:ti_sysbios_rom_ROM_ti_sysbios_family_arm_cc26xx_Timer_setThreshold__I 
*          0    000005b4    00000004     
                  000005b4    00000004     app_ble_pem3.oem3 (.const:ti_sysbios_rom_ROM_ti_sysbios_family_arm_cc26xx_Timer_setThreshold__I)

.const:ti_sysbios_rom_ROM_ti_sysbios_family_arm_cc26xx_Timer_start__E 
*          0    000005b8    00000004     
                  000005b8    00000004     app_ble_pem3.oem3 (.const:ti_sysbios_rom_ROM_ti_sysbios_family_arm_cc26xx_Timer_start__E)

.const:ti_sysbios_rom_ROM_ti_sysbios_family_arm_cc26xx_TimestampProvider_get32__E 
*          0    000005bc    00000004     
                  000005bc    00000004     app_ble_pem3.oem3 (.const:ti_sysbios_rom_ROM_ti_sysbios_family_arm_cc26xx_TimestampProvider_get32__E)

.const:ti_sysbios_rom_ROM_xdc_runtime_Startup_getState__I 
*          0    000005c0    00000004     
                  000005c0    00000004     app_ble_pem3.oem3 (.const:ti_sysbios_rom_ROM_xdc_runtime_Startup_getState__I)

.const:ti_sysbios_rom_ROM_xdc_runtime_System_SupportProxy_abort__E 
*          0    000005c4    00000004     
                  000005c4    00000004     app_ble_pem3.oem3 (.const:ti_sysbios_rom_ROM_xdc_runtime_System_SupportProxy_abort__E)

.const:ti_sysbios_rom_ROM_xdc_runtime_System_SupportProxy_exit__E 
*          0    000005c8    00000004     
                  000005c8    00000004     app_ble_pem3.oem3 (.const:ti_sysbios_rom_ROM_xdc_runtime_System_SupportProxy_exit__E)

.const:ti_sysbios_gates_GateMutex_Instance_State_sem__O 
*          0    000005cc    00000004     
                  000005cc    00000004     app_ble_pem3.oem3 (.const:ti_sysbios_gates_GateMutex_Instance_State_sem__O)

.const:ti_sysbios_knl_Clock_Module_State_clockQ__O 
*          0    000005d0    00000004     
                  000005d0    00000004     app_ble_pem3.oem3 (.const:ti_sysbios_knl_Clock_Module_State_clockQ__O)

.const:ti_sysbios_knl_Mailbox_Instance_State_dataQue__O 
*          0    000005d4    00000004     
                  000005d4    00000004     app_ble_pem3.oem3 (.const:ti_sysbios_knl_Mailbox_Instance_State_dataQue__O)

.const:ti_sysbios_knl_Mailbox_Instance_State_dataSem__O 
*          0    000005d8    00000004     
                  000005d8    00000004     app_ble_pem3.oem3 (.const:ti_sysbios_knl_Mailbox_Instance_State_dataSem__O)

.const:ti_sysbios_knl_Mailbox_Instance_State_freeQue__O 
*          0    000005dc    00000004     
                  000005dc    00000004     app_ble_pem3.oem3 (.const:ti_sysbios_knl_Mailbox_Instance_State_freeQue__O)

.const:ti_sysbios_knl_Mailbox_Instance_State_freeSem__O 
*          0    000005e0    00000004     
                  000005e0    00000004     app_ble_pem3.oem3 (.const:ti_sysbios_knl_Mailbox_Instance_State_freeSem__O)

.const:ti_sysbios_knl_Semaphore_Instance_State_pendQ__O 
*          0    000005e4    00000004     
                  000005e4    00000004     app_ble_pem3.oem3 (.const:ti_sysbios_knl_Semaphore_Instance_State_pendQ__O)

.const:ti_sysbios_knl_Task_Module_State_inactiveQ__O 
*          0    000005e8    00000004     
                  000005e8    00000004     app_ble_pem3.oem3 (.const:ti_sysbios_knl_Task_Module_State_inactiveQ__O)

.cinit     0    0000d7f8    00000b2c     
                  0000d7f8    0000092d     (.cinit..data.load) [load image, compression = rle]
                  0000e125    00000003     --HOLE-- [fill = 0]
                  0000e128    0000002d     (.cinit..data:ti_sysbios_family_arm_m3_Hwi_Module__state__V.load) [load image, compression = rle]
                  0000e155    00000003     --HOLE-- [fill = 0]
                  0000e158    0000002c     (.cinit..data:ti_sysbios_knl_Task_Module__state__V.load) [load image, compression = rle]
                  0000e184    00000004     --HOLE-- [fill = 0]
                  0000e188    00000021     (.cinit..data:ti_sysbios_knl_Clock_Module__state__V.load) [load image, compression = rle]
                  0000e1a9    00000007     --HOLE-- [fill = 0]
                  0000e1b0    0000001f     (.cinit..data:ti_sysbios_BIOS_Module__state__V.load) [load image, compression = rle]
                  0000e1cf    00000001     --HOLE-- [fill = 0]
                  0000e1d0    00000011     (.cinit..data:ti_sysbios_knl_Swi_Module__state__V.load) [load image, compression = rle]
                  0000e1e1    00000007     --HOLE-- [fill = 0]
                  0000e1e8    0000000d     (.cinit..data:ti_sysbios_family_arm_cc26xx_Timer_Module__state__V.load) [load image, compression = rle]
                  0000e1f5    00000003     --HOLE-- [fill = 0]
                  0000e1f8    0000000b     (.cinit..bss.load) [load image, compression = rle]
                  0000e203    00000005     --HOLE-- [fill = 0]
                  0000e208    0000000a     (.cinit..data:xdc_runtime_Memory_Module__state__V.load) [load image, compression = rle]
                  0000e212    00000006     --HOLE-- [fill = 0]
                  0000e218    00000009     (.cinit..TI.bound:dmaRxControlTableEntry0.load) [load image, compression = rle]
                  0000e221    00000007     --HOLE-- [fill = 0]
                  0000e228    00000009     (.cinit..TI.bound:dmaRxControlTableEntry1.load) [load image, compression = rle]
                  0000e231    00000007     --HOLE-- [fill = 0]
                  0000e238    00000009     (.cinit..TI.bound:dmaTxControlTableEntry0.load) [load image, compression = rle]
                  0000e241    00000007     --HOLE-- [fill = 0]
                  0000e248    00000009     (.cinit..TI.bound:dmaTxControlTableEntry1.load) [load image, compression = rle]
                  0000e251    00000007     --HOLE-- [fill = 0]
                  0000e258    00000009     (.cinit..data:ti_sysbios_family_arm_cc26xx_TimestampProvider_Module__state__V.load) [load image, compression = rle]
                  0000e261    00000007     --HOLE-- [fill = 0]
                  0000e268    00000009     (.cinit..data:xdc_runtime_Startup_Module__state__V.load) [load image, compression = rle]
                  0000e271    00000007     --HOLE-- [fill = 0]
                  0000e278    00000009     (.cinit..data:xdc_runtime_System_Module__state__V.load) [load image, compression = rle]
                  0000e281    00000007     --HOLE-- [fill = 0]
                  0000e288    00000009     (.cinit..vecs.load) [load image, compression = rle]
                  0000e291    00000003     --HOLE-- [fill = 0]
                  0000e294    00000008     (__TI_handler_table)
                  0000e29c    00000088     (__TI_cinit_table)

.init_array 
*          0    00000000    00000000     UNINITIALIZED

.ccfg      0    0001ffa8    00000058     
                  0001ffa8    00000058     ccfg_app_ble.obj (.ccfg:retain)

.data:ti_sysbios_knl_Task_Module__state__V 
*          0    20000100    00000044     UNINITIALIZED
                  20000100    00000044     app_ble_pem3.oem3 (.data:ti_sysbios_knl_Task_Module__state__V)

.data:ti_sysbios_family_arm_m3_Hwi_Module__state__V 
*          0    20000144    00000034     UNINITIALIZED
                  20000144    00000034     app_ble_pem3.oem3 (.data:ti_sysbios_family_arm_m3_Hwi_Module__state__V)

.data:ti_sysbios_knl_Clock_Module__state__V 
*          0    20000178    0000002c     UNINITIALIZED
                  20000178    0000002c     app_ble_pem3.oem3 (.data:ti_sysbios_knl_Clock_Module__state__V)

.data:ti_sysbios_BIOS_Module__state__V 
*          0    200001a4    00000024     UNINITIALIZED
                  200001a4    00000024     app_ble_pem3.oem3 (.data:ti_sysbios_BIOS_Module__state__V)

.data:ti_sysbios_knl_Swi_Module__state__V 
*          0    200001c8    0000001c     UNINITIALIZED
                  200001c8    0000001c     app_ble_pem3.oem3 (.data:ti_sysbios_knl_Swi_Module__state__V)

.data:ti_sysbios_family_arm_cc26xx_Timer_Module__state__V 
*          0    200001e4    00000008     UNINITIALIZED
                  200001e4    00000008     app_ble_pem3.oem3 (.data:ti_sysbios_family_arm_cc26xx_Timer_Module__state__V)

.data:ti_sysbios_family_arm_cc26xx_TimestampProvider_Module__state__V 
*          0    200001ec    00000004     UNINITIALIZED
                  200001ec    00000004     app_ble_pem3.oem3 (.data:ti_sysbios_family_arm_cc26xx_TimestampProvider_Module__state__V)

.data:xdc_runtime_Startup_Module__state__V 
*          0    200001f0    00000008     UNINITIALIZED
                  200001f0    00000008     app_ble_pem3.oem3 (.data:xdc_runtime_Startup_Module__state__V)

.data:xdc_runtime_System_Module__state__V 
*          0    200001f8    00000008     UNINITIALIZED
                  200001f8    00000008     app_ble_pem3.oem3 (.data:xdc_runtime_System_Module__state__V)

.data:xdc_runtime_Memory_Module__state__V 
*          0    20000200    00000004     UNINITIALIZED
                  20000200    00000004     app_ble_pem3.oem3 (.data:xdc_runtime_Memory_Module__state__V)

.TI.bound:dmaRxControlTableEntry0 
*          0    20000430    00000010     UNINITIALIZED
                  20000430    00000010     SPICC26XXDMA.obj (.TI.bound:dmaRxControlTableEntry0)

.TI.bound:dmaRxControlTableEntry1 
*          0    20000500    00000010     UNINITIALIZED
                  20000500    00000010     SPICC26XXDMA.obj (.TI.bound:dmaRxControlTableEntry1)

.data      0    20000520    00001f35     UNINITIALIZED
                  20000520    000003e4     peripheral.obj (.data:$O1$$)
                  20000904    000003b0     sensortag.obj (.data:$O1$$)
                  20000cb4    000002bc     sensortag_hum.obj (.data:$O1$$)
                  20000f70    000002b4     sensortag_bar.obj (.data:$O1$$)
                  20001224    000002b4     sensortag_tmp.obj (.data:$O1$$)
                  200014d8    00000278     RF.obj (.data:$O1$$)
                  20001750    000001d4     devinfoservice.obj (.data:$O1$$)
                  20001924    0000010c     icall.obj (.data:$O1$$)
                  20001a30    0000010c     drivers_cc26xxware.aem3 : PowerCC26XX.oem3 (.data:PowerCC26XX_module)
                  20001b3c    000000a0     movementservice.obj (.data:$O1$$)
                  20001bdc    00000094     barometerservice.obj (.data:$O1$$)
                  20001c70    00000090     humidityservice.obj (.data:$O1$$)
                  20001d00    00000090     irtempservice.obj (.data:$O1$$)
                  20001d90    00000090     registerservice.obj (.data:$O1$$)
                  20001e20    0000008c     opticservice.obj (.data:$O1$$)
                  20001eac    00000078     battservice.obj (.data:$O1$$)
                  20001f24    0000006c     ExtFlash.obj (.data:$O1$$)
                  20001f90    0000005c     ioservice.obj (.data:$O1$$)
                  20001fec    00000058     simplekeys.obj (.data:$O1$$)
                  20002044    00000050     ble_user_config.obj (.data:rfRegTbl)
                  20002094    0000004c     sensortag_mov.obj (.data:$O1$$)
                  200020e0    0000004c     app_ble_pem3.oem3 (.data:ti_sysbios_knl_Task_Object__table__V)
                  2000212c    00000004     I2C.obj (.data)
                  20002130    00000048     app_ble_pem3.oem3 (.data:ti_sysbios_family_arm_cc26xx_Timer_Object__table__V)
                  20002178    00000038     app_ble_pem3.oem3 (.data:ti_sysbios_gates_GateMutex_Object__table__V)
                  200021b0    00000034     SensorMpu9250.obj (.data:$O1$$)
                  200021e4    00000030     sensortag_register.obj (.data:$O1$$)
                  20002214    00000030     app_ble_pem3.oem3 (.data:ti_sysbios_knl_Swi_Module_State_0_readyQ__A)
                  20002244    00000030     app_ble_pem3.oem3 (.data:ti_sysbios_knl_Swi_Object__table__V)
                  20002274    00000030     app_ble_pem3.oem3 (.data:ti_sysbios_knl_Task_Module_State_0_readyQ__A)
                  200022a4    0000002c     sensortag_keys.obj (.data:$O1$$)
                  200022d0    0000002c     sensortag_opt.obj (.data:$O1$$)
                  200022fc    00000028     main.obj (.data:user0Cfg)
                  20002324    00000020     app_ble_pem3.oem3 (.data:ti_sysbios_knl_Clock_Object__table__V)
                  20002344    00000018     app_ble_pem3.oem3 (.data:ti_sysbios_family_arm_m3_Hwi_Object__table__V)
                  2000235c    00000018     app_ble_pem3.oem3 (.data:ti_sysbios_heaps_HeapMem_Object__table__V)
                  20002374    00000010     simplekeys.obj (.data:skCharUserDesp)
                  20002384    0000000c     icall_api.obj (.data:$O1$$)
                  20002390    0000000c     rtsv7M3_T_le_eabi.lib : exit.obj (.data:$O1$$)
                  2000239c    00000009     devinfoservice.obj (.data)
                  200023a5    00000003     barometerservice.obj (.data)
                  200023a8    00000008     icall_cc2650.obj (.data:$O1$$)
                  200023b0    00000008     rtsv7M3_T_le_eabi.lib : _lock.obj (.data:$O1$$)
                  200023b8    00000008     sensortag_io.obj (.data:$O1$$)
                  200023c0    00000008     battservice.obj (.data:battLevelPresentation)
                  200023c8    00000008     app_ble_pem3.oem3 (.data:ti_sysbios_family_arm_m3_Hwi_Module__root__V)
                  200023d0    00000008     app_ble_pem3.oem3 (.data:ti_sysbios_gates_GateHwi_Module__root__V)
                  200023d8    00000008     app_ble_pem3.oem3 (.data:ti_sysbios_gates_GateMutex_Module__root__V)
                  200023e0    00000008     app_ble_pem3.oem3 (.data:ti_sysbios_hal_Hwi_Module__root__V)
                  200023e8    00000008     app_ble_pem3.oem3 (.data:ti_sysbios_heaps_HeapMem_Module__root__V)
                  200023f0    00000008     app_ble_pem3.oem3 (.data:ti_sysbios_knl_Clock_Module__root__V)
                  200023f8    00000008     app_ble_pem3.oem3 (.data:ti_sysbios_knl_Mailbox_Module__root__V)
                  20002400    00000008     app_ble_pem3.oem3 (.data:ti_sysbios_knl_Queue_Module__root__V)
                  20002408    00000008     app_ble_pem3.oem3 (.data:ti_sysbios_knl_Semaphore_Module__root__V)
                  20002410    00000008     app_ble_pem3.oem3 (.data:ti_sysbios_knl_Swi_Module__root__V)
                  20002418    00000008     app_ble_pem3.oem3 (.data:ti_sysbios_knl_Task_Module__root__V)
                  20002420    00000004     SPI.obj (.data)
                  20002424    00000004     ble_user_config.obj (.data)
                  20002428    00000004     rtsv7M3_T_le_eabi.lib : errno.obj (.data)
                  2000242c    00000004                           : stkdepth_vars.obj (.data)
                  20002430    00000004     sensortag_buzzer.obj (.data)
                  20002434    00000004     app_ble_pem3.oem3 (.data:ti_sysbios_family_arm_m3_Hwi_Module_State_0_excContext__A)
                  20002438    00000004     app_ble_pem3.oem3 (.data:ti_sysbios_family_arm_m3_Hwi_Module_State_0_excStack__A)
                  2000243c    00000004     app_ble_pem3.oem3 (.data:ti_sysbios_knl_Task_Module_State_0_idleTask__A)
                  20002440    00000003     humidityservice.obj (.data)
                  20002443    00000003     irtempservice.obj (.data)
                  20002446    00000003     movementservice.obj (.data)
                  20002449    00000003     opticservice.obj (.data)
                  2000244c    00000003     registerservice.obj (.data)
                  2000244f    00000002     ioservice.obj (.data)
                  20002451    00000001     battservice.obj (.data)
                  20002452    00000002     app_ble_pem3.oem3 (.data:ti_sysbios_family_arm_m3_Hwi_Module_State_0_excActive__A)
                  20002454    00000001     simplekeys.obj (.data)

.bss       0    20002458    00000dda     UNINITIALIZED
                  20002458    00000680     (.common:ti_sysbios_heaps_HeapMem_Instance_State_0_buf__A)
                  20002ad8    00000200     app_ble_pem3.oem3 (.bss:taskStackSection)
                  20002cd8    000001b8     (.common:spiCC26XXDMAObjects)
                  20002e90    00000110     PINCC26XX.obj (.bss:$O1$$)
                  20002fa0    000000e0     (.common:i2cCC26xxObjects)
                  20003080    000000c8     (.common:ti_sysbios_family_arm_m3_Hwi_dispatchTable)
                  20003148    00000050     SensorI2C.obj (.bss:$O1$$)
                  20003198    00000028     sensortag_batt.obj (.bss:$O1$$)
                  200031c0    00000020     (.common:udmaObjects)
                  200031e0    00000018     SensorBmp280.obj (.bss:calData)
                  200031f8    00000014     (.common:oscHfGlobals)
                  2000320c    00000008     SensorHdc1000.obj (.bss:$O1$$)
                  20003214    00000008     SensorTmp007.obj (.bss:$O1$$)
                  2000321c    00000008     RF.obj (.bss)
                  20003224    00000008     (.common:powerQualGlobals)
                  2000322c    00000002     SensorI2C.obj (.bss)
                  2000322e    00000002     sensortag_mov.obj (.bss)
                  20003230    00000001     SensorTagTest.obj (.bss)
                  20003231    00000001     (.common:driverlib_release_0_45566)

.vtable    0    20003232    00000000     UNINITIALIZED

.vtable_ram 
*          0    20003232    00000000     UNINITIALIZED

vtable_ram 
*          0    20003232    00000000     UNINITIALIZED

.sysmem    0    20003232    00000000     UNINITIALIZED

.nonretenvar 
*          0    20003232    00000000     UNINITIALIZED

.stack     0    20004050    00000400     UNINITIALIZED
                  20004050    00000400     --HOLE--

.bootVecs 
*          0    00000000    00000008     DSECT
                  00000000    00000008     boot.aem3 : boot.oem3 (.bootVecs)

.vecs      0    20000000    000000c8     UNINITIALIZED
                  20000000    000000c8     app_ble_pem3.oem3 (.vecs)

xdc.meta   0    00000000    0000010b     COPY SECTION
                  00000000    0000010b     app_ble_pem3.oem3 (xdc.meta)

xdc.noload 
*          0    00000000    00000000     COPY SECTION

.TI.bound:dmaTxControlTableEntry0 
*          0    20000440    00000010     UNINITIALIZED
                  20000440    00000010     SPICC26XXDMA.obj (.TI.bound:dmaTxControlTableEntry0)

.TI.bound:dmaTxControlTableEntry1 
*          0    20000510    00000010     UNINITIALIZED
                  20000510    00000010     SPICC26XXDMA.obj (.TI.bound:dmaTxControlTableEntry1)

.text.1    0    0000003c    000000c4     
                  0000003c    000000c0     sensortag_register.obj (.text:SensorTagRegister_processCharChangeEvt)
                  000000fc    00000004     icall.obj (.text:ICall_primAbort)

.text.2    0    00000480    00000004     
                  00000480    00000004     drivers_cc26xxware.aem3 : List.oem3 (.text:List_head)

.text.3    0    00000500    00000002     
                  00000500    00000002     ble_user_config.obj (.text:DefaultAssertCback)

.text.4    0    000005ec    0000bae8     
                  000005ec    000004e0     peripheral.obj (.text:gapRole_taskFxn)
                  00000acc    000004c6     sensortag.obj (.text:SensorTag_taskFxn)
                  00000f92    00000002     driverlib.lib : rfc.obj (.text:NOROM_RFCRTrim)
                  00000f94    000003d0                   : setup.obj (.text:HapiTrimDeviceShutDown)
                  00001364    000002d0     RF.obj (.text:fsmActiveState)
                  00001634    000002ac     peripheral.obj (.text:GAPRole_SetParameter)
                  000018e0    00000228     drivers_cc26xxware.aem3 : PowerCC26XX.oem3 (.text:Power_sleep)
                  00001b08    00000204     driverlib.lib : sys_ctrl.obj (.text:SysCtrlSetRechargeBeforePowerDown)
                  00001d0c    000001f8     rtsv7M3_T_le_eabi.lib : s_exp2.obj (.text)
                  00001f04    000001f4                           : ull_div_t2.obj (.text)
                  000020f8    000001e4     RF.obj (.text:abortCmd)
                  000022dc    000001d0     PINCC26XX.obj (.text:PIN_init)
                  000024ac    000001d0     drivers_cc26xxware.aem3 : PowerCC26XX_calibrateRCOSC.oem3 (.text:calibrateRcoscHf1)
                  0000267c    000001b6     rtsv7M3_T_le_eabi.lib : fd_add_t2.obj (.text)
                  00002832    00000002     SPICC26XXDMA.obj (.text:SPICC26XXDMA_serviceISR)
                  00002834    000001a0     RF.obj (.text:RF_postCmd)
                  000029d4    00000194     SPICC26XXDMA.obj (.text:SPICC26XXDMA_transfer)
                  00002b68    00000180     drivers_cc26xxware.aem3 : PowerCC26XX_calibrateRCOSC.oem3 (.text:PowerCC26XX_doCalibrate)
                  00002ce8    00000160     SPICC26XXDMA.obj (.text:SPICC26XXDMA_initIO)
                  00002e48    00000154     I2CCC26XX.obj (.text:I2CCC26XX_open)
                  00002f9c    0000014c     SPICC26XXDMA.obj (.text:SPICC26XXDMA_open)
                  000030e8    00000138     peripheral.obj (.text:GAPRole_GetParameter)
                  00003220    00000130     RF.obj (.text:fsmSetupState)
                  00003350    00000118     devinfoservice.obj (.text:DevInfo_SetParameter)
                  00003468    00000118     drivers_cc26xxware.aem3 : PowerCC26XX.oem3 (.text:Power_init)
                  00003580    0000010c     sensortag_mov.obj (.text:SensorTagMov_processSensorEvent)
                  0000368c    0000010c     RF.obj (.text:hwiFxnCpe0Active)
                  00003798    0000010a     icall.obj (.text:ICall_primWaitMatch)
                  000038a2    00000002     drivers_cc26xxware.aem3 : PowerCC26XX.oem3 (.text:emptyClockFunc)
                  000038a4    00000100     RF.obj (.text:rf_init)
                  000039a4    000000fc     SensorMpu9250.obj (.text:SensorMpu9250_magRead)
                  00003aa0    000000fc     rtsv7M3_T_le_eabi.lib : fd_mul_t2.obj (.text)
                  00003b9c    000000fa                           : fs_add_t2.obj (.text)
                  00003c96    00000002     app_ble_pem3.oem3 (.text:ti_sysbios_BIOS_nullFunc__I)
                  00003c98    000000f4     I2CCC26XX.obj (.text:I2CCC26XX_hwiFxn)
                  00003d8c    000000f0     SPICC26XXDMA.obj (.text:SPICC26XXDMA_transferCancel)
                  00003e7c    000000f0     SensorBmp280.obj (.text:SensorBmp280_convert)
                  00003f6c    000000ec     RF.obj (.text:RF_close)
                  00004058    000000e8     registerservice.obj (.text:sensor_WriteAttrCB)
                  00004140    000000e0     sensortag_bar.obj (.text:sensorTaskFxn)
                  00004220    000000dc     SensorMpu9250.obj (.text:SensorMpu9250_enableWom)
                  000042fc    000000d4     drivers_cc26xxware.aem3 : PowerCC26XX.oem3 (.text:Power_releaseDependency)
                  000043d0    000000d4     SensorMpu9250.obj (.text:SensorMpu9250_reset)
                  000044a4    000000d0     drivers_cc26xxware.aem3 : PowerCC26XX.oem3 (.text:Power_setDependency)
                  00004574    000000d0     SensorMpu9250.obj (.text:SensorMpu9250_enable)
                  00004644    000000cc     sensortag_tmp.obj (.text:sensorTaskFxn)
                  00004710    000000c8     ioservice.obj (.text:io_WriteAttrCB)
                  000047d8    000000c4     sensortag_hum.obj (.text:sensorTaskFxn)
                  0000489c    000000c2     I2CCC26XX.obj (.text:I2CCC26XX_transfer)
                  0000495e    00000002     rom_sysbios.aem3 : rom_sysbios.obj (.text:ti_sysbios_knl_Clock_triggerFunc__I)
                  00004960    000000c0     sensortag_mov.obj (.text:SensorTagMov_processCharChangeEvt)
                  00004a20    000000c0     barometerservice.obj (.text:sensor_WriteAttrCB)
                  00004ae0    000000c0     humidityservice.obj (.text:sensor_WriteAttrCB)
                  00004ba0    000000c0     irtempservice.obj (.text:sensor_WriteAttrCB)
                  00004c60    000000c0     movementservice.obj (.text:sensor_WriteAttrCB)
                  00004d20    000000c0     opticservice.obj (.text:sensor_WriteAttrCB)
                  00004de0    000000c0     RF.obj (.text:swiFxnHw)
                  00004ea0    000000bc     power_cc26xx_tirtos.aem3 : PowerCC26XX_tirtos.oem3 (.text:PowerCC26XX_standbyPolicy)
                  00004f5c    000000bc     RF.obj (.text:RF_open)
                  00005018    000000b8     ExtFlash.obj (.text:ExtFlash_open)
                  000050d0    000000b8     PINCC26XX.obj (.text:PINCC26XX_setIoCfg)
                  00005188    000000b8     RF.obj (.text:RF_pendCmd)
                  00005240    000000b8     SensorTagTest.obj (.text:SensorTag_testExecute)
                  000052f8    000000b4     devinfoservice.obj (.text:devInfo_ReadAttrCB)
                  000053ac    000000b0     gattservapp_util.obj (.text:GATTServApp_ProcessCharCfg)
                  0000545c    000000b0     sensortag_io.obj (.text:SensorTagIO_processCharChangeEvt)
                  0000550c    000000b0     RF.obj (.text:fsmPowerUpState)
                  000055bc    000000a2     SPICC26XXDMA.obj (.text:SPICC26XXDMA_hwiFxn)
                  0000565e    00000002     app_ble_pem3.oem3 (.text:ti_sysbios_rom_cortexm_cc26xx_CC26xx_badRomRevision__E)
                  00005660    000000a0     SPICC26XXDMA.obj (.text:SPICC26XXDMA_control)
                  00005700    000000a0     auto_init.aem3 : auto_init.oem3 (.text)
                  000057a0    000000a0     rom_sysbios.aem3 : rom_sysbios.obj (.text:ti_sysbios_knl_Task_setPri__E)
                  00005840    000000a0     driverlib.lib : setup.obj (.text:trimDevice)
                  000058e0    0000009c     icall.obj (.text:ICall_primSetTimer)
                  0000597c    0000009c     RF.obj (.text:RF_ratCapture)
                  00005a18    0000009c     SensorTmp007.obj (.text:SensorTmp007_test)
                  00005ab4    0000009c     rtsv7M3_T_le_eabi.lib : memcpy_t2.obj (.text)
                  00005b50    00000098     PINCC26XX.obj (.text:PIN_open)
                  00005be8    00000098     sensortag_keys.obj (.text:SensorTagKeys_clockHandler)
                  00005c80    00000098     sensortag_keys.obj (.text:SensorTagKeys_processEvent)
                  00005d18    00000098     rom_sysbios.aem3 : rom_sysbios.obj (.text:ti_sysbios_knl_Clock_workFuncDynamic__E)
                  00005db0    00000096     SensorBmp280.obj (.text:SensorBmp280_test)
                  00005e46    00000002     rom_sysbios.aem3 : rom_sysbios.obj (.text:xdc_runtime_SysCallback_defaultAbort)
                  00005e48    00000094     sensortag_opt.obj (.text:SensorTagOpt_processCharChangeEvt)
                  00005edc    00000090     sensortag_register.obj (.text:SensorTagRegister_update)
                  00005f6c    00000090     drivers_cc26xxware.aem3 : PowerCC26XX.oem3 (.text:switchXOSCHFclockFunc)
                  00005ffc    0000008c     I2CCC26XX.obj (.text:I2CCC26XX_primeTransfer)
                  00006088    0000008c     driverlib.lib : osc.obj (.text:OSCHF_GetStartupTime)
                  00006114    00000088     sensortag_bar.obj (.text:SensorTagBar_processCharChangeEvt)
                  0000619c    00000086     rtsv7M3_T_le_eabi.lib : fd_cmp_t2.obj (.text:__aeabi_cdcmple)
                  00006222    00000086                           : fd_cmp_t2.obj (.text:__aeabi_cdrcmple)
                  000062a8    00000084     icall.obj (.text:ICall_heapMalloc)
                  0000632c    00000084     sensortag_tmp.obj (.text:SensorTagTmp_processCharChangeEvt)
                  000063b0    00000080     SensorI2C.obj (.text:SensorI2C_select)
                  00006430    0000007c     RF.obj (.text:RF_ratDisableChannel)
                  000064ac    0000007c     sensortag_hum.obj (.text:SensorTagHum_processCharChangeEvt)
                  00006528    0000007c     drivers_cc26xxware.aem3 : PowerCC26XX.oem3 (.text:disableLFClockQualifiers)
                  000065a4    0000007c     gattservapp_util.obj (.text:gattServApp_SendNotiInd)
                  00006620    0000007c     registerservice.obj (.text:sensor_ReadAttrCB)
                  0000669c    0000007a     rtsv7M3_T_le_eabi.lib : memset_t2.obj (.text)
                  00006716    00000002     rom_sysbios.aem3 : rom_sysbios.obj (.text:xdc_runtime_SysCallback_defaultExit)
                  00006718    00000078     barometerservice.obj (.text:Barometer_setParameter)
                  00006790    00000078     SensorTmp007.obj (.text:SensorTmp007_read)
                  00006808    00000078     battservice.obj (.text:battNotifyLevel)
                  00006880    00000074     humidityservice.obj (.text:Humidity_setParameter)
                  000068f4    00000074     icall_cc2650.obj (.text:ICallPlatform_pwrUpdActivityCounter)
                  00006968    00000074     icall.obj (.text:ICall_primSend)
                  000069dc    00000074     irtempservice.obj (.text:IRTemp_setParameter)
                  00006a50    00000074     movementservice.obj (.text:Movement_setParameter)
                  00006ac4    00000074     drivers_cc26xxware.aem3 : PowerCC26XX_calibrateRCOSC.oem3 (.text:PowerCC26XX_auxISR)
                  00006b38    00000074     sensortag_register.obj (.text:SensorTagRegister_reset)
                  00006bac    00000074     drivers_cc26xxware.aem3 : PowerCC26XX_calibrateRCOSC.oem3 (.text:calibrateRcoscHf2)
                  00006c20    00000074     peripheral.obj (.text:gapRole_startConnUpdate)
                  00006c94    00000070     driverlib.lib : chipinfo.obj (.text:ChipInfo_GetHwRevision)
                  00006d04    00000070     icall.obj (.text:ICall_heapInit)
                  00006d74    00000070     opticservice.obj (.text:Optic_setParameter)
                  00006de4    0000006e     rtsv7M3_T_le_eabi.lib : fd_tos_t2.obj (.text)
                  00006e52    0000006e     movementservice.obj (.text:sensor_ReadAttrCB)
                  00006ec0    0000006c     driverlib.lib : setup.obj (.text:GetTrimForAmpcompCtrl)
                  00006f2c    0000006c     icall.obj (.text:ICall_createRemoteTasks)
                  00006f98    0000006c     drivers_cc26xxware.aem3 : PowerCC26XX.oem3 (.text:PowerCC26XX_calibrate)
                  00007004    0000006c     UDMACC26XX.obj (.text:UDMACC26XX_open)
                  00007070    0000006a     rtsv7M3_T_le_eabi.lib : copy_decompress_rle.obj (.text)
                  000070da    00000002     --HOLE-- [fill = 0]
                  000070dc    00000068     RF.obj (.text:RF_yield)
                  00007144    00000068     simplekeys.obj (.text:SK_AddService)
                  000071ac    00000068     driverlib.lib : sys_ctrl.obj (.text:SysCtrl_DCDC_VoltageConditionalControl)
                  00007214    00000068     sensortag_mov.obj (.text:appStateSet)
                  0000727c    00000068     RF.obj (.text:fsmPatchState)
                  000072e4    00000066     SensorHdc1000.obj (.text:SensorHdc1000_test)
                  0000734a    00000066     barometerservice.obj (.text:sensor_ReadAttrCB)
                  000073b0    00000064     driverlib.lib : setup.obj (.text:GetTrimForAnabypassValue1)
                  00007414    00000064     I2CCC26XX.obj (.text:I2CCC26XX_close)
                  00007478    00000064     PINCC26XX.obj (.text:PIN_add)
                  000074dc    00000064     sensortag_opt.obj (.text:SensorTagOpt_processSensorEvent)
                  00007540    00000064     RF.obj (.text:fsmPowerDownState)
                  000075a4    00000064     rom_sysbios.aem3 : rom_sysbios.obj (.text:ti_sysbios_family_arm_cc26xx_Timer_start__E)
                  00007608    00000060     icall.obj (.text:ICall_primEnroll)
                  00007668    00000060     RF.obj (.text:RF_getCurrentTime)
                  000076c8    00000060     RF.obj (.text:RF_ratCompare)
                  00007728    00000060     SensorI2C.obj (.text:SensorI2C_open)
                  00007788    00000060     SensorOpt3001.obj (.text:SensorOpt3001_read)
                  000077e8    00000060     sensortag_mov.obj (.text:SensorTagMov_init)
                  00007848    00000060     battservice.obj (.text:battReadAttrCB)
                  000078a8    00000060     drivers_cc26xxware.aem3 : PowerCC26XX_calibrateRCOSC.oem3 (.text:updateSubSecInc)
                  00007908    0000005c     barometerservice.obj (.text:Barometer_addService)
                  00007964    0000005c     battservice.obj (.text:Batt_AddService)
                  000079c0    0000005c     ExtFlash.obj (.text:ExtFlash_close)
                  00007a1c    0000005c     ExtFlash.obj (.text:ExtFlash_waitReady)
                  00007a78    0000005c     humidityservice.obj (.text:Humidity_addService)
                  00007ad4    0000005c     icall.obj (.text:ICall_newTask)
                  00007b30    0000005c     icall.obj (.text:ICall_primThreadServes)
                  00007b8c    0000005c     irtempservice.obj (.text:IRTemp_addService)
                  00007be8    0000005c     ioservice.obj (.text:Io_addService)
                  00007c44    0000005c     movementservice.obj (.text:Movement_addService)
                  00007ca0    0000005c     driverlib.lib : osc.obj (.text:OSCHF_AttemptToSwitchToXosc)
                  00007cfc    0000005c     opticservice.obj (.text:Optic_addService)
                  00007d58    0000005c     drivers_cc26xxware.aem3 : PowerCC26XX_calibrateRCOSC.oem3 (.text:PowerCC26XX_RCOSC_clockFunc)
                  00007db4    0000005c     SensorMpu9250.obj (.text:SensorMpu9250_magReset)
                  00007e10    0000005c     SensorMpu9250.obj (.text:SensorMpu9250_test)
                  00007e6c    0000005c     driverlib.lib : sys_ctrl.obj (.text:SysCtrlAdjustRechargeAfterPowerDown)
                  00007ec8    0000005c     humidityservice.obj (.text:sensor_ReadAttrCB)
                  00007f24    0000005c     irtempservice.obj (.text:sensor_ReadAttrCB)
                  00007f80    0000005c     opticservice.obj (.text:sensor_ReadAttrCB)
                  00007fdc    0000005c     app_ble_pem3.oem3 (.text:xdc_runtime_Startup_getState__I)
                  00008038    0000005a     SPICC26XXDMA.obj (.text:SPICC26XXDMA_close)
                  00008092    00000058     I2CCC26XX.obj (.text:I2CCC26XX_swiFxn)
                  000080ea    00000002     --HOLE-- [fill = 0]
                  000080ec    00000058     drivers_cc26xxware.aem3 : PowerCC26XX_calibrateRCOSC.oem3 (.text:PowerCC26XX_initiateCalibration)
                  00008144    00000058     RF.obj (.text:RF_getInfo)
                  0000819c    00000058     SPICC26XXDMA.obj (.text:SPICC26XXDMA_initHw)
                  000081f4    00000058     util.obj (.text:Util_constructClock)
                  0000824c    00000058     RF.obj (.text:decActiveClientCnt)
                  000082a4    00000058     sensortag_keys.obj (.text:processGapStateChange)
                  000082fc    00000056     gattservapp_util.obj (.text:GATTServApp_ProcessCCCWriteReq)
                  00008352    00000054     icall.obj (.text:ICall_primFetchMsg)
                  000083a6    00000002     --HOLE-- [fill = 0]
                  000083a8    00000054     ioservice.obj (.text:Io_setParameter)
                  000083fc    00000054     PINCC26XX.obj (.text:PIN_remove)
                  00008450    00000054     SPICC26XXDMA.obj (.text:SPICC26XXDMA_swiFxn)
                  000084a4    00000054     sensortag_buzzer.obj (.text:SensorTagBuzzer_setFrequency)
                  000084f8    00000054     util.obj (.text:Util_enqueueMsg)
                  0000854c    00000054     util.obj (.text:Util_rescheduleClock)
                  000085a0    00000054     drivers_cc26xxware.aem3 : PowerCC26XX.oem3 (.text:configureXOSCHF)
                  000085f4    00000054     RF.obj (.text:hwiFxnHw)
                  00008648    00000054     RF.obj (.text:ratChanAlloc)
                  0000869c    00000054     RF.obj (.text:ratChanFree)
                  000086f0    00000054     rtsv7M3_T_le_eabi.lib : exit.obj (.text)
                  00008744    00000052     icall.obj (.text:ICall_primWait)
                  00008796    00000002     --HOLE-- [fill = 0]
                  00008798    00000050     icall_api.obj (.text:GAPBondMgr_LinkEst)
                  000087e8    00000050     icall_api.obj (.text:GAP_DeviceInit)
                  00008838    00000050     icall.obj (.text:ICall_primRegisterApp)
                  00008888    00000050     SensorHdc1000.obj (.text:SensorHdc1000_read)
                  000088d8    00000050     sensortag.obj (.text:SensorTag_charValueChangeCB)
                  00008928    00000050     driverlib.lib : setup.obj (.text:SetupCacheModeAccordingToCcfgSetting)
                  00008978    00000050     battservice.obj (.text:battWriteAttrCB)
                  000089c8    00000050     RF.obj (.text:fsmXOSCState)
                  00008a18    00000050     ioservice.obj (.text:io_ReadAttrCB)
                  00008a68    00000050     RF.obj (.text:syncCb)
                  00008ab8    0000004e     SensorOpt3001.obj (.text:SensorOpt3001_test)
                  00008b06    00000002     --HOLE-- [fill = 0]
                  00008b08    0000004c     icall.obj (.text:ICall_primFetchServiceMsg)
                  00008b54    0000004c     icall.obj (.text:ICall_primGetEntityId)
                  00008ba0    0000004c     driverlib.lib : osc.obj (.text:NOROM_OSCClockSourceSet)
                  00008bec    0000004c     SensorMpu9250.obj (.text:SensorMpu9250_accSetRange)
                  00008c38    0000004c     sensortag_io.obj (.text:SensorTagIO_blinkLed)
                  00008c84    0000004c     sensortag_opt.obj (.text:SensorTagOpt_init)
                  00008cd0    0000004c     sensortag.obj (.text:SensorTag_stateChangeCB)
                  00008d1c    0000004c     RF.obj (.text:dispatchOpWhen)
                  00008d68    0000004c     icall_api.obj (.text:gattIndNoti)
                  00008db4    0000004c     rtsv7M3_T_le_eabi.lib : cpy_tbl.obj (.text)
                  00008e00    00000048     driverlib.lib : chipinfo.obj (.text:ChipInfo_GetChipFamily)
                  00008e48    00000048     icall_api.obj (.text:GAP_UpdateAdvertisingData)
                  00008e90    00000048     I2CCC26XX.obj (.text:I2CCC26XX_initHw)
                  00008ed8    00000048     driverlib.lib : ddi.obj (.text:NOROM_DDI16BitfieldWrite)
                  00008f20    00000048     RF.obj (.text:RF_runCmd)
                  00008f68    00000048     registerservice.obj (.text:Register_setParameter)
                  00008fb0    00000048     drivers_cc26xxware.aem3 : PowerCC26XX.oem3 (.text:notify)
                  00008ff8    00000044     icall_api.obj (.text:GATTServApp_RegisterService)
                  0000903c    00000044     icall.obj (.text:ICall_searchServiceEntity)
                  00009080    00000044     PINCC26XX.obj (.text:PIN_swi)
                  000090c4    00000044     RF.obj (.text:RF_getRssi)
                  00009108    00000044     sensortag_io.obj (.text:SensorTagIO_reset)
                  0000914c    00000044     boot.aem3 : boot.oem3 (.text)
                  00009190    00000044     SensorMpu9250.obj (.text:sensorMpu9250SetBypass)
                  000091d4    00000042     icall.obj (.text:ICall_primCreateTask)
                  00009216    00000002     --HOLE-- [fill = 0]
                  00009218    00000040     ExtFlash.obj (.text:ExtFlash_readInfo)
                  00009258    00000040     peripheral.obj (.text:GAPRole_createTask)
                  00009298    00000040     driverlib.lib : ddi.obj (.text:NOROM_DDI16BitfieldRead)
                  000092d8    00000040     registerservice.obj (.text:Register_getParameter)
                  00009318    00000040     simplekeys.obj (.text:SK_SetParameter)
                  00009358    00000040     simplekeys.obj (.text:SK_readAttrCB)
                  00009398    00000040     SensorMpu9250.obj (.text:SensorMpu9250_magTest)
                  000093d8    00000040     sensortag_buzzer.obj (.text:SensorTagBuzzer_open)
                  00009418    00000040     sensortag_tmp.obj (.text:SensorTagTmp_init)
                  00009458    00000040     SensorTmp007.obj (.text:SensorTmp007_enable)
                  00009498    00000040     SensorMpu9250.obj (.text:sensorMpuSleep)
                  000094d8    00000040     icall_api.obj (.text:waitMatchCS)
                  00009518    0000003e     icall_api.obj (.text:gapSendParamAndPtrCmd)
                  00009556    00000002     --HOLE-- [fill = 0]
                  00009558    0000003c     icall_api.obj (.text:GAP_GetParamValue)
                  00009594    0000003c     icall_api.obj (.text:GAP_TerminateLinkReq)
                  000095d0    0000003c     icall_cc2650.obj (.text:ICallPlatform_pwrConfigACAction)
                  0000960c    0000003c     driverlib.lib : rfc.obj (.text:NOROM_RFCSynthPowerDown)
                  00009648    0000003c                   : osc.obj (.text:OSC_HPOSCRelativeFrequencyOffsetGet)
                  00009684    0000003c     PINCC26XX.obj (.text:PINCC26XX_getConfig)
                  000096c0    0000003c     SensorBmp280.obj (.text:SensorBmp280_init)
                  000096fc    0000003c     SensorBmp280.obj (.text:SensorBmp280_read)
                  00009738    0000003c     SensorI2C.obj (.text:SensorI2C_read)
                  00009774    0000003c     SensorMpu9250.obj (.text:SensorMpu9250_accRead)
                  000097b0    0000003c     SensorMpu9250.obj (.text:SensorMpu9250_accReadRange)
                  000097ec    0000003c     SensorMpu9250.obj (.text:SensorMpu9250_gyroRead)
                  00009828    0000003c     SensorOpt3001.obj (.text:SensorOpt3001_convert)
                  00009864    0000003c     sensortag_bar.obj (.text:SensorTagBar_createTask)
                  000098a0    0000003c     sensortag_hum.obj (.text:SensorTagHum_createTask)
                  000098dc    0000003c     sensortag_tmp.obj (.text:SensorTagTmp_createTask)
                  00009918    0000003c     sensortag.obj (.text:SensorTag_createTask)
                  00009954    0000003c     main.obj (.text:main)
                  00009990    0000003c     RF.obj (.text:postDirImmCmd)
                  000099cc    0000003c     icall_api.obj (.text:sendWaitMatchCS)
                  00009a08    0000003c     icall_api.obj (.text:sendWaitMatchValueCS)
                  00009a44    0000003a     SensorMpu9250.obj (.text:SensorMpu9250_irqStatus)
                  00009a7e    0000003a     icall_api.obj (.text:profileSetParameter)
                  00009ab8    00000038     icall_api.obj (.text:GAPBondMgr_SetParameter)
                  00009af0    00000038     I2C.obj (.text:I2C_init)
                  00009b28    00000038     icall.obj (.text:ICall_dispatch)
[...]
1001c2b9  ti_sysbios_knl_Clock_destruct                                             
1001c2bd  ti_sysbios_knl_Clock_removeI__E                                           
1001c2c1  ti_sysbios_knl_Clock_setTimeout__E                                        
1001c2c5  ti_sysbios_knl_Mailbox_delete                                             
1001c2c9  ti_sysbios_knl_Mailbox_destruct                                           
1001c2cd  ti_sysbios_knl_Queue_delete                                               
1001c2d1  ti_sysbios_knl_Queue_destruct                                             
1001c2d5  ti_sysbios_knl_Queue_head__E                                              
1001c2d9  ti_sysbios_knl_Queue_next__E                                              
1001c2dd  ti_sysbios_knl_Semaphore_delete                                           
1001c2e1  ti_sysbios_knl_Semaphore_destruct                                         
1001c2e5  ti_sysbios_knl_Swi_delete                                                 
1001c2e9  ti_sysbios_knl_Swi_destruct                                               
1001c2ed  ti_sysbios_knl_Swi_postInit__I                                            
1001c2f1  ti_sysbios_knl_Task_SupportProxy_Module__startupDone__S                   
1001c2f5  ti_sysbios_knl_Task_SupportProxy_getStackAlignment__E                     
1001c2f9  ti_sysbios_knl_Task_SupportProxy_start__E                                 
1001c2fd  ti_sysbios_knl_Task_SupportProxy_swap__E                                  
1001c301  ti_sysbios_knl_Task_delete                                                
1001c305  ti_sysbios_knl_Task_destruct                                              
1001c309  ti_sysbios_knl_Task_startup__E                                            
1001c30d  xdc_runtime_Startup_startMods__I                                          
1001c405  xdc_runtime_Core_createObject__I                                          
1001c487  xdc_runtime_Error_policySpin__E                                           
1001c489  xdc_runtime_Memory_alloc__E                                               
1001c4f9  xdc_runtime_Core_deleteObject__I                                          
1001c559  xdc_runtime_Startup_exec__E                                               
1001c5a9  xdc_runtime_Assert_raise__I                                               
1001c5f1  xdc_runtime_Core_assignParams__I                                          
1001c639  xdc_runtime_Core_constructObject__I                                       
1001c681  xdc_runtime_System_atexit__E                                              
1001c6b9  xdc_runtime_System_processAtExit__E                                       
1001c6ed  xdc_runtime_Core_assignLabel__I                                           
1001c71d  xdc_runtime_Text_cordText__E                                              
1001c749  xdc_runtime_System_abort__E                                               
1001c769  xdc_runtime_Error_raiseX__E                                               
1001c785  xdc_runtime_Memory_valloc__E                                              
1001c7a1  xdc_runtime_Core_destructObject__I                                        
1001c7b9  xdc_runtime_Error_check__E                                                
1001c7d1  xdc_runtime_System_exit__E                                                
1001c7e9  xdc_runtime_Text_ropeText__E                                              
1001c801  xdc_runtime_Memory_free__E                                                
1001c811  xdc_runtime_SysCallback_abort__E                                          
1001c821  xdc_runtime_SysCallback_exit__E                                           
1001c831  xdc_runtime_Timestamp_SupportProxy_get32__E                               
1001c831  xdc_runtime_Timestamp_get32__E                                            
1001c841  xdc_runtime_Error_init__E                                                 
1001c84d  xdc_runtime_Memory_calloc__E                                              
1001c859  xdc_runtime_Memory_getMaxDefaultTypeAlign__E                              
1001c879  xdc_runtime_Gate_leaveSystem__E                                           
1001c87f  xdc_runtime_System_Module_startup__E                                      
1001c885  xdc_runtime_Gate_enterSystem__E                                           
1001c889  xdc_runtime_Memory_HeapProxy_alloc__E                                     
1001c88d  xdc_runtime_Memory_HeapProxy_free__E                                      
1001c891  xdc_runtime_System_Module_GateProxy_enter__E                              
1001c895  xdc_runtime_System_Module_GateProxy_leave__E                              
1001c899  xdc_runtime_System_abortSpin__E                                           
1001c89b  xdc_runtime_System_exitSpin__E                                            
1001c89d  ti_sysbios_family_arm_m3_Hwi_dispatch__I                                  
1001c96d  ti_sysbios_family_arm_m3_TaskSupport_buildTaskStack                       
1001c9b9  ti_sysbios_family_arm_m3_Hwi_initStacks__E                                
1001ca01  ti_sysbios_family_arm_m3_Hwi_excHandlerAsm__I                             
1001ca21  ti_sysbios_family_xxx_Hwi_switchAndRunFunc                                
1001ca3f  ti_sysbios_family_arm_m3_Hwi_pendSV__I                                    
1001ca57  ti_sysbios_family_arm_m3_Hwi_return                                       
1001ca59  ti_sysbios_family_arm_m3_TaskSupport_glue                                 
1001ca69  ti_sysbios_family_arm_m3_TaskSupport_swap__E                              
1001ca71  ti_sysbios_knl_Task_swapReturn                                            
1001ca9b  ti_sysbios_rom_cortexm_cc26xx_CC26xx_getRevision__E                       
20000000  ti_sysbios_family_arm_m3_Hwi_ramVectors                                   
20000100  ti_sysbios_knl_Task_Module__state__V                                      
20000144  ti_sysbios_family_arm_m3_Hwi_Module__state__V                             
20000178  ti_sysbios_knl_Clock_Module__state__V                                     
200001a4  ti_sysbios_BIOS_Module__state__V                                          
200001c8  ti_sysbios_knl_Swi_Module__state__V                                       
200001e4  ti_sysbios_family_arm_cc26xx_Timer_Module__state__V                       
200001ec  ti_sysbios_family_arm_cc26xx_TimestampProvider_Module__state__V           
200001f0  xdc_runtime_Startup_Module__state__V                                      
200001f8  xdc_runtime_System_Module__state__V                                       
20000200  xdc_runtime_Memory_Module__state__V                                       
20000520  linkDBNumConns                                                            
20000634  gapRoleTask                                                               
20000684  gapRoleTaskStack                                                          
20000904  gapProfileState                                                           
20000905  selfEntityMain                                                            
2000090c  sem                                                                       
20000910  hGpioPin                                                                  
20000924  pinGpioState                                                              
20001928  ICall_enterCriticalSection                                                
2000192c  ICall_leaveCriticalSection                                                
20001944  HEAPMGR_SIZE                                                              
20001948  ICall_dispatcher                                                          
20001a30  PowerCC26XX_module                                                        
20002044  rfRegTbl                                                                  
200020e0  ti_sysbios_knl_Task_Object__table__V                                      
20002130  ti_sysbios_family_arm_cc26xx_Timer_Object__table__V                       
20002178  ti_sysbios_gates_GateMutex_Object__table__V                               
20002214  ti_sysbios_knl_Swi_Module_State_0_readyQ__A                               
20002244  ti_sysbios_knl_Swi_Object__table__V                                       
20002274  ti_sysbios_knl_Task_Module_State_0_readyQ__A                              
200022fc  user0Cfg                                                                  
20002324  ti_sysbios_knl_Clock_Object__table__V                                     
20002344  ti_sysbios_family_arm_m3_Hwi_Object__table__V                             
2000235c  ti_sysbios_heaps_HeapMem_Object__table__V                                 
20002384  lastAppOpcodeSent                                                         
20002388  pfnBMAlloc                                                                
2000238c  pfnBMFree                                                                 
20002390  __TI_cleanup_ptr                                                          
20002394  __TI_dtors_ptr                                                            
20002398  __TI_enable_exit_profile_output                                           
200023b0  _lock                                                                     
200023b4  _unlock                                                                   
200023c8  ti_sysbios_family_arm_m3_Hwi_Module__root__V                              
200023d0  ti_sysbios_gates_GateHwi_Module__root__V                                  
200023d8  ti_sysbios_gates_GateMutex_Module__root__V                                
200023e0  ti_sysbios_hal_Hwi_Module__root__V                                        
200023e8  ti_sysbios_heaps_HeapMem_Module__root__V                                  
200023f0  ti_sysbios_knl_Clock_Module__root__V                                      
200023f8  ti_sysbios_knl_Mailbox_Module__root__V                                    
20002400  ti_sysbios_knl_Queue_Module__root__V                                      
20002408  ti_sysbios_knl_Semaphore_Module__root__V                                  
20002410  ti_sysbios_knl_Swi_Module__root__V                                        
20002418  ti_sysbios_knl_Task_Module__root__V                                       
20002424  appAssertCback                                                            
20002428  errno                                                                     
2000242c  main_func_sp                                                              
20002434  ti_sysbios_family_arm_m3_Hwi_Module_State_0_excContext__A                 
20002438  ti_sysbios_family_arm_m3_Hwi_Module_State_0_excStack__A                   
2000243c  ti_sysbios_knl_Task_Module_State_0_idleTask__A                            
20002452  ti_sysbios_family_arm_m3_Hwi_Module_State_0_excActive__A                  
20002458  ti_sysbios_heaps_HeapMem_Instance_State_0_buf__A                          
20002ad8  ti_sysbios_knl_Task_Instance_State_0_stack__A                             
20002cd8  spiCC26XXDMAObjects                                                       
20002e90  PIN_NumPins                                                               
20002f24  PIN_HandleTable                                                           
20002fa0  i2cCC26xxObjects                                                          
20003080  ti_sysbios_family_arm_m3_Hwi_dispatchTable                                
200031c0  udmaObjects                                                               
20003231  driverlib_release_0_45566                                                 
20003232  heapStart                                                                 
20004050  __stack                                                                   
20004050  heapEnd                                                                   
20004450  __STACK_END                                                               
20004450  __STACK_TOP                                                               
20004f2c  A4_rw                                                                     
20004f2c  COMMON_RAM_BASE_ADDR                                                      
20004f40  P2_rw                                                                     
20004f40  P2_s0                                                                     
20004f40  eccRom_windowSize                                                         
20004f44  eccRom_workzone                                                           
20004f48  eccRom_param_p                                                            
20004f4c  eccRom_param_r                                                            
20004f50  eccRom_param_a                                                            
20004f54  inScalar                                                                  
20004f58  inPointX                                                                  
20004f5c  inPointY                                                                  
20004f60  outPointX                                                                 
20004f64  outPointY                                                                 
20004f68  SCAL                                                                      
20004f6c  EXPX                                                                      
20004f70  EXPY                                                                      
20004f74  EXPZ                                                                      
20004f78  EXPW                                                                      
20004f7c  ACCX                                                                      
20004f80  ACCY                                                                      
20004f84  ACCZ                                                                      
20004f88  TMP1                                                                      
20004f8c  TMP2                                                                      
20004f90  TMP3                                                                      
20004f94  TMP4                                                                      
20004f98  TMP5                                                                      
20004f9c  TMP6                                                                      
20004fa0  eccRom_param_Gx                                                           
20004fa4  eccRom_param_Gy                                                           
20004fa8  eccRom_param_b                                                            
20004fac  P2_zi                                                                     
20004fac  ratChanInfo                                                               
20004fcc  fwInfoCmd                                                                 
20004fd8  MSBMOD                                                                    
20004fdc  aux64                                                                     
20004fe4  MOD                                                                       
20004fe8  LEN                                                                       
20004ffc  pSspAesEncrypt_Sw                                                         
e000e000  ti_sysbios_family_arm_m3_Hwi_nvic                                         
ffffffff  __TI_pprof_out_hndl                                                       
ffffffff  __TI_prof_data_size                                                       
ffffffff  __TI_prof_data_start                                                      
ffffffff  __binit__                                                                 
ffffffff  __c_args__                                                                
ffffffff  binit                                                                     
UNDEFED   HwiP_restore                                                              
UNDEFED   SHT$$INIT_ARRAY$$Base                                                     
UNDEFED   SHT$$INIT_ARRAY$$Limit                                                    
UNDEFED   ti_sysbios_BIOS_RtsGateProxy_Handle__label__S__mangled__                  
UNDEFED   ti_sysbios_BIOS_RtsGateProxy_Object__delete__S__mangled__                 
UNDEFED   ti_sysbios_BIOS_RtsGateProxy_Params__init__S__mangled__                   
UNDEFED   ti_sysbios_BIOS_RtsGateProxy_query__E__mangled__                          
UNDEFED   ti_sysbios_hal_Hwi_HwiProxy_Module__startupDone__S__mangled__             
UNDEFED   ti_sysbios_hal_Hwi_HwiProxy_Object__delete__S__mangled__                  
UNDEFED   ti_sysbios_hal_Hwi_HwiProxy_Params__init__S__mangled__                    
UNDEFED   ti_sysbios_hal_Hwi_HwiProxy_disableInterrupt__E__mangled__                
UNDEFED   ti_sysbios_hal_Hwi_HwiProxy_enableInterrupt__E__mangled__                 
UNDEFED   ti_sysbios_hal_Hwi_HwiProxy_getStackInfo__E__mangled__                    
UNDEFED   ti_sysbios_hal_Hwi_HwiProxy_startup__E__mangled__                         
UNDEFED   ti_sysbios_hal_Hwi_HwiProxy_switchFromBootStack__E__mangled__             
UNDEFED   ti_sysbios_hal_Hwi_disableInterrupt__E                                    
UNDEFED   ti_sysbios_hal_Hwi_enableInterrupt__E                                     
UNDEFED   ti_sysbios_hal_Hwi_getStackInfo__E                                        
UNDEFED   ti_sysbios_hal_Hwi_startup__E                                             
UNDEFED   ti_sysbios_hal_Hwi_switchFromBootStack__E                                 
UNDEFED   ti_sysbios_heaps_HeapMem_Module_GateProxy_Handle__label__S__mangled__     
UNDEFED   ti_sysbios_heaps_HeapMem_Module_GateProxy_Object__delete__S__mangled__    
UNDEFED   ti_sysbios_heaps_HeapMem_Module_GateProxy_Params__init__S__mangled__      
UNDEFED   ti_sysbios_heaps_HeapMem_Module_GateProxy_query__E__mangled__             
UNDEFED   ti_sysbios_knl_Clock_TimerProxy_Module__startupDone__S__mangled__         
UNDEFED   ti_sysbios_knl_Clock_TimerProxy_startup__E__mangled__                     
UNDEFED   ti_sysbios_knl_Task_SupportProxy_Module__startupDone__S__mangled__        
UNDEFED   ti_sysbios_knl_Task_SupportProxy_getStackAlignment__E__mangled__          
UNDEFED   ti_sysbios_knl_Task_SupportProxy_start__E__mangled__                      
UNDEFED   ti_sysbios_knl_Task_SupportProxy_swap__E__mangled__                       
UNDEFED   xdc_runtime_Main_Module_GateProxy_Handle__label__S                        
UNDEFED   xdc_runtime_Main_Module_GateProxy_Object__delete__S                       
UNDEFED   xdc_runtime_Main_Module_GateProxy_query__E                                
UNDEFED   xdc_runtime_Memory_HeapProxy_Handle__label__S__mangled__                  
UNDEFED   xdc_runtime_Memory_HeapProxy_Object__delete__S__mangled__                 
UNDEFED   xdc_runtime_System_Module_GateProxy_Handle__label__S__mangled__           
UNDEFED   xdc_runtime_System_Module_GateProxy_Object__delete__S__mangled__          
UNDEFED   xdc_runtime_System_Module_GateProxy_query__E__mangled__                   
UNDEFED   xdc_runtime_System_SupportProxy_abort__E                                  
UNDEFED   xdc_runtime_System_SupportProxy_exit__E                                   
UNDEFED   xdc_runtime_Timestamp_SupportProxy_get64__E__mangled__                    
UNDEFED   xdc_runtime_Timestamp_SupportProxy_getFreq__E__mangled__                  
UNDEFED   xdc_runtime_Timestamp_get32__E                                            
UNDEFED   xdc_runtime_Timestamp_get64__E                                            
UNDEFED   xdc_runtime_Timestamp_getFreq__E                                          

[1207 symbols]
