******************************************************************************
                  TI ARM Linker Unix v15.12.3                  
******************************************************************************
>> Linked Wed May 31 16:24:22 2017

OUTPUT FILE NAME:   <sensortag_reporter.out>
ENTRY POINT SYMBOL: "ResetISR"  address: 0000c875


MEMORY CONFIGURATION

         name            origin    length      used     unused   attr    fill
----------------------  --------  ---------  --------  --------  ----  --------
  FLASH                 00000000   00011000  000106d4  0000092c  R  X
  FLASH_LAST_PAGE       0001f000   00001000  00000a9c  00000564  R  X
  SRAM                  20000000   00004428  000030ca  0000135e  RW X


SEGMENT ALLOCATION MAP

run origin  load origin   length   init length attrs members
----------  ----------- ---------- ----------- ----- -------
00000000    00000000    000106da   000106da    r-x
  00000000    00000000    0000003c   0000003c    r-- .resetVecs
  0000003c    0000003c    000000c4   000000c4    r-x .text.1
  00000100    00000100    0000003c   0000003c    r-- .const:ti_sysbios_knl_Task_Object__PARAMS__C
  0000013c    0000013c    00000034   00000034    r-- .const:ti_sysbios_knl_Mailbox_Object__PARAMS__C
  00000170    00000170    00000030   00000030    r-- .const:ti_sysbios_family_arm_m3_Hwi_Object__PARAMS__C
  000001a0    000001a0    0000002c   0000002c    r-- .const:ti_sysbios_hal_Hwi_Object__PARAMS__C
  000001cc    000001cc    00000028   00000028    r-- .const:ti_sysbios_heaps_HeapMem_Module__FXNS__C
  000001f4    000001f4    00000028   00000028    r-- .const:ti_sysbios_knl_Swi_Object__PARAMS__C
  0000021c    0000021c    00000024   00000024    r-- .const:ti_sysbios_gates_GateHwi_Module__FXNS__C
  00000240    00000240    00000024   00000024    r-- .const:ti_sysbios_gates_GateMutex_Module__FXNS__C
  00000264    00000264    00000024   00000024    r-- .const:ti_sysbios_heaps_HeapMem_Object__PARAMS__C
  00000288    00000288    00000024   00000024    r-- .const:ti_sysbios_knl_Clock_Object__PARAMS__C
  000002ac    000002ac    00000024   00000024    r-- .const:ti_sysbios_knl_Semaphore_Object__PARAMS__C
  000002d0    000002d0    00000020   00000020    r-- .const:ti_sysbios_family_arm_m3_Hwi_Object__DESC__C
  000002f0    000002f0    00000020   00000020    r-- .const:ti_sysbios_gates_GateHwi_Object__DESC__C
  00000310    00000310    00000020   00000020    r-- .const:ti_sysbios_gates_GateMutex_Object__DESC__C
  00000330    00000330    00000020   00000020    r-- .const:ti_sysbios_hal_Hwi_Object__DESC__C
  00000350    00000350    00000020   00000020    r-- .const:ti_sysbios_heaps_HeapMem_Object__DESC__C
  00000370    00000370    00000020   00000020    r-- .const:ti_sysbios_knl_Clock_Object__DESC__C
  00000390    00000390    00000020   00000020    r-- .const:ti_sysbios_knl_Mailbox_Object__DESC__C
  000003b0    000003b0    00000020   00000020    r-- .const:ti_sysbios_knl_Queue_Object__DESC__C
  000003d0    000003d0    00000020   00000020    r-- .const:ti_sysbios_knl_Semaphore_Object__DESC__C
  000003f0    000003f0    00000020   00000020    r-- .const:ti_sysbios_knl_Swi_Object__DESC__C
  00000410    00000410    00000020   00000020    r-- .const:ti_sysbios_knl_Task_Object__DESC__C
  00000430    00000430    00000018   00000018    r-- .const:ti_sysbios_gates_GateHwi_Object__PARAMS__C
  00000448    00000448    00000018   00000018    r-- .const:ti_sysbios_gates_GateMutex_Object__PARAMS__C
  00000460    00000460    00000018   00000018    r-- .const:ti_sysbios_knl_Queue_Object__PARAMS__C
  00000478    00000478    00000008   00000008    r-- .const:ti_sysbios_knl_Idle_funcList__C
  00000480    00000480    00000004   00000004    r-x .text.2
  00000484    00000484    00000004   00000004    r-- .const:ti_sysbios_family_arm_cc26xx_Timer_startupNeeded__C
  00000488    00000488    00000004   00000004    r-- .const:ti_sysbios_family_arm_m3_Hwi_E_alreadyDefined__C
  0000048c    0000048c    00000004   00000004    r-- .const:ti_sysbios_family_arm_m3_Hwi_E_hwiLimitExceeded__C
  00000490    00000490    00000004   00000004    r-- .const:ti_sysbios_family_arm_m3_Hwi_NUM_INTERRUPTS__C
  00000494    00000494    00000004   00000004    r-- .const:ti_sysbios_family_arm_m3_Hwi_Object__count__C
  00000498    00000498    00000004   00000004    r-- .const:ti_sysbios_family_arm_m3_Hwi_Object__table__C
  0000049c    0000049c    00000004   00000004    r-- .const:ti_sysbios_family_arm_m3_Hwi_ccr__C
  000004a0    000004a0    00000004   00000004    r-- .const:ti_sysbios_family_arm_m3_Hwi_excHandlerFunc__C
  000004a4    000004a4    00000004   00000004    r-- .const:ti_sysbios_family_arm_m3_Hwi_nullIsrFunc__C
  000004a8    000004a8    00000004   00000004    r-- .const:ti_sysbios_family_arm_m3_Hwi_numSparseInterrupts__C
  000004ac    000004ac    00000004   00000004    r-- .const:ti_sysbios_family_arm_m3_Hwi_priGroup__C
  000004b0    000004b0    00000004   00000004    r-- .const:ti_sysbios_family_arm_m3_TaskSupport_stackAlignment__C
  000004b4    000004b4    00000004   00000004    r-- .const:ti_sysbios_heaps_HeapMem_E_memory__C
  000004b8    000004b8    00000004   00000004    r-- .const:ti_sysbios_heaps_HeapMem_Module__gateObj__C
  000004bc    000004bc    00000004   00000004    r-- .const:ti_sysbios_heaps_HeapMem_Object__count__C
  000004c0    000004c0    00000004   00000004    r-- .const:ti_sysbios_heaps_HeapMem_Object__table__C
  000004c4    000004c4    00000004   00000004    r-- .const:ti_sysbios_heaps_HeapMem_reqAlign__C
  000004c8    000004c8    00000004   00000004    r-- .const:ti_sysbios_knl_Clock_serviceMargin__C
  000004cc    000004cc    00000004   00000004    r-- .const:ti_sysbios_knl_Mailbox_Object__count__C
  000004d0    000004d0    00000004   00000004    r-- .const:ti_sysbios_knl_Mailbox_Object__table__C
  000004d4    000004d4    00000004   00000004    r-- .const:ti_sysbios_knl_Queue_Object__count__C
  000004d8    000004d8    00000004   00000004    r-- .const:ti_sysbios_knl_Queue_Object__table__C
  000004dc    000004dc    00000004   00000004    r-- .const:ti_sysbios_knl_Swi_Object__count__C
  000004e0    000004e0    00000004   00000004    r-- .const:ti_sysbios_knl_Swi_Object__table__C
  000004e4    000004e4    00000004   00000004    r-- .const:ti_sysbios_knl_Swi_numPriorities__C
  000004e8    000004e8    00000004   00000004    r-- .const:ti_sysbios_knl_Task_Object__count__C
  000004ec    000004ec    00000004   00000004    r-- .const:ti_sysbios_knl_Task_Object__table__C
  000004f0    000004f0    00000004   00000004    r-- .const:ti_sysbios_knl_Task_allBlockedFunc__C
  000004f4    000004f4    00000004   00000004    r-- .const:ti_sysbios_knl_Task_defaultStackHeap__C
  000004f8    000004f8    00000004   00000004    r-- .const:ti_sysbios_knl_Task_defaultStackSize__C
  000004fc    000004fc    00000004   00000004    r-- .const:ti_sysbios_knl_Task_numConstructedTasks__C
  00000500    00000500    00000002   00000002    r-x .text.3
  00000502    00000502    00000002   00000002    r-- .const:ti_sysbios_family_arm_cc26xx_Timer_Module__id__C
  00000504    00000504    00000002   00000002    r-- .const:ti_sysbios_family_arm_cc26xx_TimestampProvider_useClockTimer__C
  00000506    00000506    00000002   00000002    r-- .const:ti_sysbios_family_arm_m3_Hwi_Module__id__C
  00000508    00000508    00000002   00000002    r-- .const:ti_sysbios_gates_GateHwi_Module__id__C
  0000050a    0000050a    00000002   00000002    r-- .const:ti_sysbios_gates_GateMutex_Module__id__C
  0000050c    0000050c    00000002   00000002    r-- .const:ti_sysbios_heaps_HeapMem_Module__id__C
  0000050e    0000050e    00000002   00000002    r-- .const:ti_sysbios_knl_Task_initStackFlag__C
  00000510    00000510    00000001   00000001    r-- .const:ti_sysbios_knl_Clock_tickMode__C
  00000514    00000514    00000008   00000008    r-- .const:xdc_runtime_Startup_firstFxns__C
  0000051c    0000051c    00000008   00000008    r-- .const:xdc_runtime_Startup_lastFxns__C
  00000524    00000524    00000004   00000004    r-- .const:xdc_runtime_Assert_E_assertFailed__C
  00000528    00000528    00000004   00000004    r-- .const:xdc_runtime_Error_E_memory__C
  0000052c    0000052c    00000004   00000004    r-- .const:xdc_runtime_Error_policyFxn__C
  00000530    00000530    00000004   00000004    r-- .const:xdc_runtime_IGateProvider_Interface__BASE__C
  00000534    00000534    00000004   00000004    r-- .const:xdc_runtime_IHeap_Interface__BASE__C
  00000538    00000538    00000004   00000004    r-- .const:xdc_runtime_IModule_Interface__BASE__C
  0000053c    0000053c    00000004   00000004    r-- .const:xdc_runtime_Main_Module__diagsEnabled__C
  00000540    00000540    00000004   00000004    r-- .const:xdc_runtime_Main_Module__diagsIncluded__C
  00000544    00000544    00000004   00000004    r-- .const:xdc_runtime_Main_Module__diagsMask__C
  00000548    00000548    00000004   00000004    r-- .const:xdc_runtime_Memory_defaultHeapInstance__C
  0000054c    0000054c    00000004   00000004    r-- .const:xdc_runtime_Startup_execImpl__C
  00000550    00000550    00000004   00000004    r-- .const:xdc_runtime_Startup_maxPasses__C
  00000554    00000554    00000004   00000004    r-- .const:xdc_runtime_Startup_sfxnRts__C
  00000558    00000558    00000004   00000004    r-- .const:xdc_runtime_Startup_sfxnTab__C
  0000055c    0000055c    00000004   00000004    r-- .const:xdc_runtime_Startup_startModsFxn__C
  00000560    00000560    00000004   00000004    r-- .const:xdc_runtime_SysCallback_abortFxn__C
  00000564    00000564    00000004   00000004    r-- .const:xdc_runtime_SysCallback_exitFxn__C
  00000568    00000568    00000004   00000004    r-- .const:xdc_runtime_System_abortFxn__C
  0000056c    0000056c    00000004   00000004    r-- .const:xdc_runtime_System_exitFxn__C
  00000570    00000570    00000004   00000004    r-- .const:xdc_runtime_System_maxAtexitHandlers__C
  00000574    00000574    00000004   00000004    r-- .const:xdc_runtime_Text_charTab__C
  00000578    00000578    00000004   00000004    r-- .const:xdc_runtime_Text_nameEmpty__C
  0000057c    0000057c    00000004   00000004    r-- .const:xdc_runtime_Text_nameStatic__C
  00000580    00000580    00000004   00000004    r-- .const:xdc_runtime_Text_nameUnknown__C
  00000584    00000584    00000002   00000002    r-- .const:xdc_runtime_Main_Module__id__C
  00000586    00000586    00000002   00000002    r-- .const:xdc_runtime_Memory_Module__id__C
  00000588    00000588    00000002   00000002    r-- .const:xdc_runtime_Text_charCnt__C
  0000058a    0000058a    00000002   00000002    r-- .const:xdc_runtime_Text_isLoaded__C
  0000058c    0000058c    00000001   00000001    r-- .const:xdc_runtime_Error_policy__C
  00000590    00000590    00000004   00000004    r-- .const:ti_sysbios_rom_ROM_AONRTCChannelEnable
  00000594    00000594    00000004   00000004    r-- .const:ti_sysbios_rom_ROM_AONRTCCompareValueSet
  00000598    00000598    00000004   00000004    r-- .const:ti_sysbios_rom_ROM_AONRTCCurrentCompareValueGet
  0000059c    0000059c    00000004   00000004    r-- .const:ti_sysbios_rom_ROM_AONRTCEventClear
  000005a0    000005a0    00000004   00000004    r-- .const:ti_sysbios_rom_ROM_ti_sysbios_family_arm_cc26xx_Timer_getCount64__E
  000005a4    000005a4    00000004   00000004    r-- .const:ti_sysbios_rom_ROM_ti_sysbios_family_arm_cc26xx_Timer_getCurrentTick__E
  000005a8    000005a8    00000004   00000004    r-- .const:ti_sysbios_rom_ROM_ti_sysbios_family_arm_cc26xx_Timer_getMaxTicks__E
  000005ac    000005ac    00000004   00000004    r-- .const:ti_sysbios_rom_ROM_ti_sysbios_family_arm_cc26xx_Timer_initDevice__I
  000005b0    000005b0    00000004   00000004    r-- .const:ti_sysbios_rom_ROM_ti_sysbios_family_arm_cc26xx_Timer_setNextTick__E
  000005b4    000005b4    00000004   00000004    r-- .const:ti_sysbios_rom_ROM_ti_sysbios_family_arm_cc26xx_Timer_setThreshold__I
  000005b8    000005b8    00000004   00000004    r-- .const:ti_sysbios_rom_ROM_ti_sysbios_family_arm_cc26xx_Timer_start__E
  000005bc    000005bc    00000004   00000004    r-- .const:ti_sysbios_rom_ROM_ti_sysbios_family_arm_cc26xx_TimestampProvider_get32__E
  000005c0    000005c0    00000004   00000004    r-- .const:ti_sysbios_rom_ROM_xdc_runtime_Startup_getState__I
  000005c4    000005c4    00000004   00000004    r-- .const:ti_sysbios_rom_ROM_xdc_runtime_System_SupportProxy_abort__E
  000005c8    000005c8    00000004   00000004    r-- .const:ti_sysbios_rom_ROM_xdc_runtime_System_SupportProxy_exit__E
  000005cc    000005cc    00000004   00000004    r-- .const:ti_sysbios_gates_GateMutex_Instance_State_sem__O
  000005d0    000005d0    00000004   00000004    r-- .const:ti_sysbios_knl_Clock_Module_State_clockQ__O
  000005d4    000005d4    00000004   00000004    r-- .const:ti_sysbios_knl_Mailbox_Instance_State_dataQue__O
  000005d8    000005d8    00000004   00000004    r-- .const:ti_sysbios_knl_Mailbox_Instance_State_dataSem__O
  000005dc    000005dc    00000004   00000004    r-- .const:ti_sysbios_knl_Mailbox_Instance_State_freeQue__O
  000005e0    000005e0    00000004   00000004    r-- .const:ti_sysbios_knl_Mailbox_Instance_State_freeSem__O
  000005e4    000005e4    00000004   00000004    r-- .const:ti_sysbios_knl_Semaphore_Instance_State_pendQ__O
  000005e8    000005e8    00000004   00000004    r-- .const:ti_sysbios_knl_Task_Module_State_inactiveQ__O
  000005ec    000005ec    0000fa4c   0000fa4c    r-x .text.4
  00010038    00010038    000006a2   000006a2    r-- .const
0001f000    0001f000    00000a44   00000a44    r--
  0001f000    0001f000    00000a44   00000a44    r-- .cinit
0001ffa8    0001ffa8    00000058   00000058    r--
  0001ffa8    0001ffa8    00000058   00000058    r-- .ccfg
20000100    20000100    00000104   00000000    rw-
  20000100    20000100    00000044   00000000    rw- .data:ti_sysbios_knl_Task_Module__state__V
  20000144    20000144    00000034   00000000    rw- .data:ti_sysbios_family_arm_m3_Hwi_Module__state__V
  20000178    20000178    0000002c   00000000    rw- .data:ti_sysbios_knl_Clock_Module__state__V
  200001a4    200001a4    00000024   00000000    rw- .data:ti_sysbios_BIOS_Module__state__V
  200001c8    200001c8    0000001c   00000000    rw- .data:ti_sysbios_knl_Swi_Module__state__V
  200001e4    200001e4    00000008   00000000    rw- .data:ti_sysbios_family_arm_cc26xx_Timer_Module__state__V
  200001ec    200001ec    00000004   00000000    rw- .data:ti_sysbios_family_arm_cc26xx_TimestampProvider_Module__state__V
  200001f0    200001f0    00000008   00000000    rw- .data:xdc_runtime_Startup_Module__state__V
  200001f8    200001f8    00000008   00000000    rw- .data:xdc_runtime_System_Module__state__V
  20000200    20000200    00000004   00000000    rw- .data:xdc_runtime_Memory_Module__state__V
20000430    20000430    00000010   00000000    rw-
  20000430    20000430    00000010   00000000    rw- .TI.bound:dmaSpi0RxControlTableEntry
20000440    20000440    00000010   00000000    rw-
  20000440    20000440    00000010   00000000    rw- .TI.bound:dmaSpi0TxControlTableEntry
20000500    20000500    00000010   00000000    rw-
  20000500    20000500    00000010   00000000    rw- .TI.bound:dmaSpi1RxControlTableEntry
20000510    20000510    00002ace   00000000    rw-
  20000510    20000510    00000010   00000000    rw- .TI.bound:dmaSpi1TxControlTableEntry
  20000520    20000520    00000ab0   00000000    rw- .data
  20000fd0    20000fd0    0000200e   00000000    rw- .bss
20004028    20004028    00000400   00000000    rw-
  20004028    20004028    00000400   00000000    rw- .stack


SECTION ALLOCATION MAP

 output                                  attributes/
section   page    origin      length       input sections
--------  ----  ----------  ----------   ----------------
.const:ti_sysbios_knl_Task_Object__PARAMS__C 
*          0    00000100    0000003c     
                  00000100    0000003c     app_ble_pem3.oem3 (.const:ti_sysbios_knl_Task_Object__PARAMS__C)

.const:ti_sysbios_knl_Mailbox_Object__PARAMS__C 
*          0    0000013c    00000034     
                  0000013c    00000034     app_ble_pem3.oem3 (.const:ti_sysbios_knl_Mailbox_Object__PARAMS__C)

.const:ti_sysbios_family_arm_m3_Hwi_Object__PARAMS__C 
*          0    00000170    00000030     
                  00000170    00000030     app_ble_pem3.oem3 (.const:ti_sysbios_family_arm_m3_Hwi_Object__PARAMS__C)

.const:ti_sysbios_hal_Hwi_Object__PARAMS__C 
*          0    000001a0    0000002c     
                  000001a0    0000002c     app_ble_pem3.oem3 (.const:ti_sysbios_hal_Hwi_Object__PARAMS__C)

.const:ti_sysbios_heaps_HeapMem_Module__FXNS__C 
*          0    000001cc    00000028     
                  000001cc    00000028     app_ble_pem3.oem3 (.const:ti_sysbios_heaps_HeapMem_Module__FXNS__C)

.const:ti_sysbios_knl_Swi_Object__PARAMS__C 
*          0    000001f4    00000028     
                  000001f4    00000028     app_ble_pem3.oem3 (.const:ti_sysbios_knl_Swi_Object__PARAMS__C)

.const:ti_sysbios_gates_GateHwi_Module__FXNS__C 
*          0    0000021c    00000024     
                  0000021c    00000024     app_ble_pem3.oem3 (.const:ti_sysbios_gates_GateHwi_Module__FXNS__C)

.const:ti_sysbios_gates_GateMutex_Module__FXNS__C 
*          0    00000240    00000024     
                  00000240    00000024     app_ble_pem3.oem3 (.const:ti_sysbios_gates_GateMutex_Module__FXNS__C)

.const:ti_sysbios_heaps_HeapMem_Object__PARAMS__C 
*          0    00000264    00000024     
                  00000264    00000024     app_ble_pem3.oem3 (.const:ti_sysbios_heaps_HeapMem_Object__PARAMS__C)

.const:ti_sysbios_knl_Clock_Object__PARAMS__C 
*          0    00000288    00000024     
                  00000288    00000024     app_ble_pem3.oem3 (.const:ti_sysbios_knl_Clock_Object__PARAMS__C)

.const:ti_sysbios_knl_Semaphore_Object__PARAMS__C 
*          0    000002ac    00000024     
                  000002ac    00000024     app_ble_pem3.oem3 (.const:ti_sysbios_knl_Semaphore_Object__PARAMS__C)

.const:ti_sysbios_family_arm_m3_Hwi_Object__DESC__C 
*          0    000002d0    00000020     
                  000002d0    00000020     app_ble_pem3.oem3 (.const:ti_sysbios_family_arm_m3_Hwi_Object__DESC__C)

.const:ti_sysbios_gates_GateHwi_Object__DESC__C 
*          0    000002f0    00000020     
                  000002f0    00000020     app_ble_pem3.oem3 (.const:ti_sysbios_gates_GateHwi_Object__DESC__C)

.const:ti_sysbios_gates_GateMutex_Object__DESC__C 
*          0    00000310    00000020     
                  00000310    00000020     app_ble_pem3.oem3 (.const:ti_sysbios_gates_GateMutex_Object__DESC__C)

.const:ti_sysbios_hal_Hwi_Object__DESC__C 
*          0    00000330    00000020     
                  00000330    00000020     app_ble_pem3.oem3 (.const:ti_sysbios_hal_Hwi_Object__DESC__C)

.const:ti_sysbios_heaps_HeapMem_Object__DESC__C 
*          0    00000350    00000020     
                  00000350    00000020     app_ble_pem3.oem3 (.const:ti_sysbios_heaps_HeapMem_Object__DESC__C)

.const:ti_sysbios_knl_Clock_Object__DESC__C 
*          0    00000370    00000020     
                  00000370    00000020     app_ble_pem3.oem3 (.const:ti_sysbios_knl_Clock_Object__DESC__C)

.const:ti_sysbios_knl_Mailbox_Object__DESC__C 
*          0    00000390    00000020     
                  00000390    00000020     app_ble_pem3.oem3 (.const:ti_sysbios_knl_Mailbox_Object__DESC__C)

.const:ti_sysbios_knl_Queue_Object__DESC__C 
*          0    000003b0    00000020     
                  000003b0    00000020     app_ble_pem3.oem3 (.const:ti_sysbios_knl_Queue_Object__DESC__C)

.const:ti_sysbios_knl_Semaphore_Object__DESC__C 
*          0    000003d0    00000020     
                  000003d0    00000020     app_ble_pem3.oem3 (.const:ti_sysbios_knl_Semaphore_Object__DESC__C)

.const:ti_sysbios_knl_Swi_Object__DESC__C 
*          0    000003f0    00000020     
                  000003f0    00000020     app_ble_pem3.oem3 (.const:ti_sysbios_knl_Swi_Object__DESC__C)

.const:ti_sysbios_knl_Task_Object__DESC__C 
*          0    00000410    00000020     
                  00000410    00000020     app_ble_pem3.oem3 (.const:ti_sysbios_knl_Task_Object__DESC__C)

.const:ti_sysbios_gates_GateHwi_Object__PARAMS__C 
*          0    00000430    00000018     
                  00000430    00000018     app_ble_pem3.oem3 (.const:ti_sysbios_gates_GateHwi_Object__PARAMS__C)

.const:ti_sysbios_gates_GateMutex_Object__PARAMS__C 
*          0    00000448    00000018     
                  00000448    00000018     app_ble_pem3.oem3 (.const:ti_sysbios_gates_GateMutex_Object__PARAMS__C)

.const:ti_sysbios_knl_Queue_Object__PARAMS__C 
*          0    00000460    00000018     
                  00000460    00000018     app_ble_pem3.oem3 (.const:ti_sysbios_knl_Queue_Object__PARAMS__C)

.const:ti_sysbios_knl_Idle_funcList__C 
*          0    00000478    00000008     
                  00000478    00000008     app_ble_pem3.oem3 (.const:ti_sysbios_knl_Idle_funcList__C)

.const:ti_sysbios_family_arm_cc26xx_Timer_startupNeeded__C 
*          0    00000484    00000004     
                  00000484    00000004     app_ble_pem3.oem3 (.const:ti_sysbios_family_arm_cc26xx_Timer_startupNeeded__C)

.const:ti_sysbios_family_arm_m3_Hwi_E_alreadyDefined__C 
*          0    00000488    00000004     
                  00000488    00000004     app_ble_pem3.oem3 (.const:ti_sysbios_family_arm_m3_Hwi_E_alreadyDefined__C)

.const:ti_sysbios_family_arm_m3_Hwi_E_hwiLimitExceeded__C 
*          0    0000048c    00000004     
                  0000048c    00000004     app_ble_pem3.oem3 (.const:ti_sysbios_family_arm_m3_Hwi_E_hwiLimitExceeded__C)

.const:ti_sysbios_family_arm_m3_Hwi_NUM_INTERRUPTS__C 
*          0    00000490    00000004     
                  00000490    00000004     app_ble_pem3.oem3 (.const:ti_sysbios_family_arm_m3_Hwi_NUM_INTERRUPTS__C)

.const:ti_sysbios_family_arm_m3_Hwi_Object__count__C 
*          0    00000494    00000004     
                  00000494    00000004     app_ble_pem3.oem3 (.const:ti_sysbios_family_arm_m3_Hwi_Object__count__C)

.const:ti_sysbios_family_arm_m3_Hwi_Object__table__C 
*          0    00000498    00000004     
                  00000498    00000004     app_ble_pem3.oem3 (.const:ti_sysbios_family_arm_m3_Hwi_Object__table__C)

.const:ti_sysbios_family_arm_m3_Hwi_ccr__C 
*          0    0000049c    00000004     
                  0000049c    00000004     app_ble_pem3.oem3 (.const:ti_sysbios_family_arm_m3_Hwi_ccr__C)

.const:ti_sysbios_family_arm_m3_Hwi_excHandlerFunc__C 
*          0    000004a0    00000004     
                  000004a0    00000004     app_ble_pem3.oem3 (.const:ti_sysbios_family_arm_m3_Hwi_excHandlerFunc__C)

.const:ti_sysbios_family_arm_m3_Hwi_nullIsrFunc__C 
*          0    000004a4    00000004     
                  000004a4    00000004     app_ble_pem3.oem3 (.const:ti_sysbios_family_arm_m3_Hwi_nullIsrFunc__C)

.const:ti_sysbios_family_arm_m3_Hwi_numSparseInterrupts__C 
*          0    000004a8    00000004     
                  000004a8    00000004     app_ble_pem3.oem3 (.const:ti_sysbios_family_arm_m3_Hwi_numSparseInterrupts__C)

.const:ti_sysbios_family_arm_m3_Hwi_priGroup__C 
*          0    000004ac    00000004     
                  000004ac    00000004     app_ble_pem3.oem3 (.const:ti_sysbios_family_arm_m3_Hwi_priGroup__C)

.const:ti_sysbios_family_arm_m3_TaskSupport_stackAlignment__C 
*          0    000004b0    00000004     
                  000004b0    00000004     app_ble_pem3.oem3 (.const:ti_sysbios_family_arm_m3_TaskSupport_stackAlignment__C)

.const:ti_sysbios_heaps_HeapMem_E_memory__C 
*          0    000004b4    00000004     
                  000004b4    00000004     app_ble_pem3.oem3 (.const:ti_sysbios_heaps_HeapMem_E_memory__C)

.const:ti_sysbios_heaps_HeapMem_Module__gateObj__C 
*          0    000004b8    00000004     
                  000004b8    00000004     app_ble_pem3.oem3 (.const:ti_sysbios_heaps_HeapMem_Module__gateObj__C)

.const:ti_sysbios_heaps_HeapMem_Object__count__C 
*          0    000004bc    00000004     
                  000004bc    00000004     app_ble_pem3.oem3 (.const:ti_sysbios_heaps_HeapMem_Object__count__C)

.const:ti_sysbios_heaps_HeapMem_Object__table__C 
*          0    000004c0    00000004     
                  000004c0    00000004     app_ble_pem3.oem3 (.const:ti_sysbios_heaps_HeapMem_Object__table__C)

.const:ti_sysbios_heaps_HeapMem_reqAlign__C 
*          0    000004c4    00000004     
                  000004c4    00000004     app_ble_pem3.oem3 (.const:ti_sysbios_heaps_HeapMem_reqAlign__C)

.const:ti_sysbios_knl_Clock_serviceMargin__C 
*          0    000004c8    00000004     
                  000004c8    00000004     app_ble_pem3.oem3 (.const:ti_sysbios_knl_Clock_serviceMargin__C)

.const:ti_sysbios_knl_Mailbox_Object__count__C 
*          0    000004cc    00000004     
                  000004cc    00000004     app_ble_pem3.oem3 (.const:ti_sysbios_knl_Mailbox_Object__count__C)

.const:ti_sysbios_knl_Mailbox_Object__table__C 
*          0    000004d0    00000004     
                  000004d0    00000004     app_ble_pem3.oem3 (.const:ti_sysbios_knl_Mailbox_Object__table__C)

.const:ti_sysbios_knl_Queue_Object__count__C 
*          0    000004d4    00000004     
                  000004d4    00000004     app_ble_pem3.oem3 (.const:ti_sysbios_knl_Queue_Object__count__C)

.const:ti_sysbios_knl_Queue_Object__table__C 
*          0    000004d8    00000004     
                  000004d8    00000004     app_ble_pem3.oem3 (.const:ti_sysbios_knl_Queue_Object__table__C)

.const:ti_sysbios_knl_Swi_Object__count__C 
*          0    000004dc    00000004     
                  000004dc    00000004     app_ble_pem3.oem3 (.const:ti_sysbios_knl_Swi_Object__count__C)

.const:ti_sysbios_knl_Swi_Object__table__C 
*          0    000004e0    00000004     
                  000004e0    00000004     app_ble_pem3.oem3 (.const:ti_sysbios_knl_Swi_Object__table__C)

.const:ti_sysbios_knl_Swi_numPriorities__C 
*          0    000004e4    00000004     
                  000004e4    00000004     app_ble_pem3.oem3 (.const:ti_sysbios_knl_Swi_numPriorities__C)

.const:ti_sysbios_knl_Task_Object__count__C 
*          0    000004e8    00000004     
                  000004e8    00000004     app_ble_pem3.oem3 (.const:ti_sysbios_knl_Task_Object__count__C)

.const:ti_sysbios_knl_Task_Object__table__C 
*          0    000004ec    00000004     
                  000004ec    00000004     app_ble_pem3.oem3 (.const:ti_sysbios_knl_Task_Object__table__C)

.const:ti_sysbios_knl_Task_allBlockedFunc__C 
*          0    000004f0    00000004     
                  000004f0    00000004     app_ble_pem3.oem3 (.const:ti_sysbios_knl_Task_allBlockedFunc__C)

.const:ti_sysbios_knl_Task_defaultStackHeap__C 
*          0    000004f4    00000004     
                  000004f4    00000004     app_ble_pem3.oem3 (.const:ti_sysbios_knl_Task_defaultStackHeap__C)

.const:ti_sysbios_knl_Task_defaultStackSize__C 
*          0    000004f8    00000004     
                  000004f8    00000004     app_ble_pem3.oem3 (.const:ti_sysbios_knl_Task_defaultStackSize__C)

.const:ti_sysbios_knl_Task_numConstructedTasks__C 
*          0    000004fc    00000004     
                  000004fc    00000004     app_ble_pem3.oem3 (.const:ti_sysbios_knl_Task_numConstructedTasks__C)

.const:ti_sysbios_family_arm_cc26xx_Timer_Module__id__C 
*          0    00000502    00000002     
                  00000502    00000002     app_ble_pem3.oem3 (.const:ti_sysbios_family_arm_cc26xx_Timer_Module__id__C)

.const:ti_sysbios_family_arm_cc26xx_TimestampProvider_useClockTimer__C 
*          0    00000504    00000002     
                  00000504    00000002     app_ble_pem3.oem3 (.const:ti_sysbios_family_arm_cc26xx_TimestampProvider_useClockTimer__C)

.const:ti_sysbios_family_arm_m3_Hwi_Module__id__C 
*          0    00000506    00000002     
                  00000506    00000002     app_ble_pem3.oem3 (.const:ti_sysbios_family_arm_m3_Hwi_Module__id__C)

.const:ti_sysbios_gates_GateHwi_Module__id__C 
*          0    00000508    00000002     
                  00000508    00000002     app_ble_pem3.oem3 (.const:ti_sysbios_gates_GateHwi_Module__id__C)

.const:ti_sysbios_gates_GateMutex_Module__id__C 
*          0    0000050a    00000002     
                  0000050a    00000002     app_ble_pem3.oem3 (.const:ti_sysbios_gates_GateMutex_Module__id__C)

.const:ti_sysbios_heaps_HeapMem_Module__id__C 
*          0    0000050c    00000002     
                  0000050c    00000002     app_ble_pem3.oem3 (.const:ti_sysbios_heaps_HeapMem_Module__id__C)

.const:ti_sysbios_knl_Task_initStackFlag__C 
*          0    0000050e    00000002     
                  0000050e    00000002     app_ble_pem3.oem3 (.const:ti_sysbios_knl_Task_initStackFlag__C)

.const:ti_sysbios_knl_Clock_tickMode__C 
*          0    00000510    00000001     
                  00000510    00000001     app_ble_pem3.oem3 (.const:ti_sysbios_knl_Clock_tickMode__C)

.const:xdc_runtime_Startup_firstFxns__C 
*          0    00000514    00000008     
                  00000514    00000008     app_ble_pem3.oem3 (.const:xdc_runtime_Startup_firstFxns__C)

.const:xdc_runtime_Startup_lastFxns__C 
*          0    0000051c    00000008     
                  0000051c    00000008     app_ble_pem3.oem3 (.const:xdc_runtime_Startup_lastFxns__C)

.const:xdc_runtime_Assert_E_assertFailed__C 
*          0    00000524    00000004     
                  00000524    00000004     app_ble_pem3.oem3 (.const:xdc_runtime_Assert_E_assertFailed__C)

.const:xdc_runtime_Error_E_memory__C 
*          0    00000528    00000004     
                  00000528    00000004     app_ble_pem3.oem3 (.const:xdc_runtime_Error_E_memory__C)

.const:xdc_runtime_Error_policyFxn__C 
*          0    0000052c    00000004     
                  0000052c    00000004     app_ble_pem3.oem3 (.const:xdc_runtime_Error_policyFxn__C)

.const:xdc_runtime_IGateProvider_Interface__BASE__C 
*          0    00000530    00000004     
                  00000530    00000004     app_ble_pem3.oem3 (.const:xdc_runtime_IGateProvider_Interface__BASE__C)

.const:xdc_runtime_IHeap_Interface__BASE__C 
*          0    00000534    00000004     
                  00000534    00000004     app_ble_pem3.oem3 (.const:xdc_runtime_IHeap_Interface__BASE__C)

.const:xdc_runtime_IModule_Interface__BASE__C 
*          0    00000538    00000004     
                  00000538    00000004     app_ble_pem3.oem3 (.const:xdc_runtime_IModule_Interface__BASE__C)

.const:xdc_runtime_Main_Module__diagsEnabled__C 
*          0    0000053c    00000004     
                  0000053c    00000004     app_ble_pem3.oem3 (.const:xdc_runtime_Main_Module__diagsEnabled__C)

.const:xdc_runtime_Main_Module__diagsIncluded__C 
*          0    00000540    00000004     
                  00000540    00000004     app_ble_pem3.oem3 (.const:xdc_runtime_Main_Module__diagsIncluded__C)

.const:xdc_runtime_Main_Module__diagsMask__C 
*          0    00000544    00000004     
                  00000544    00000004     app_ble_pem3.oem3 (.const:xdc_runtime_Main_Module__diagsMask__C)

.const:xdc_runtime_Memory_defaultHeapInstance__C 
*          0    00000548    00000004     
                  00000548    00000004     app_ble_pem3.oem3 (.const:xdc_runtime_Memory_defaultHeapInstance__C)

.const:xdc_runtime_Startup_execImpl__C 
*          0    0000054c    00000004     
                  0000054c    00000004     app_ble_pem3.oem3 (.const:xdc_runtime_Startup_execImpl__C)

.const:xdc_runtime_Startup_maxPasses__C 
*          0    00000550    00000004     
                  00000550    00000004     app_ble_pem3.oem3 (.const:xdc_runtime_Startup_maxPasses__C)

.const:xdc_runtime_Startup_sfxnRts__C 
*          0    00000554    00000004     
                  00000554    00000004     app_ble_pem3.oem3 (.const:xdc_runtime_Startup_sfxnRts__C)

.const:xdc_runtime_Startup_sfxnTab__C 
*          0    00000558    00000004     
                  00000558    00000004     app_ble_pem3.oem3 (.const:xdc_runtime_Startup_sfxnTab__C)

.const:xdc_runtime_Startup_startModsFxn__C 
*          0    0000055c    00000004     
                  0000055c    00000004     app_ble_pem3.oem3 (.const:xdc_runtime_Startup_startModsFxn__C)

.const:xdc_runtime_SysCallback_abortFxn__C 
*          0    00000560    00000004     
                  00000560    00000004     app_ble_pem3.oem3 (.const:xdc_runtime_SysCallback_abortFxn__C)

.const:xdc_runtime_SysCallback_exitFxn__C 
*          0    00000564    00000004     
                  00000564    00000004     app_ble_pem3.oem3 (.const:xdc_runtime_SysCallback_exitFxn__C)

.const:xdc_runtime_System_abortFxn__C 
*          0    00000568    00000004     
                  00000568    00000004     app_ble_pem3.oem3 (.const:xdc_runtime_System_abortFxn__C)

.const:xdc_runtime_System_exitFxn__C 
*          0    0000056c    00000004     
                  0000056c    00000004     app_ble_pem3.oem3 (.const:xdc_runtime_System_exitFxn__C)

.const:xdc_runtime_System_maxAtexitHandlers__C 
*          0    00000570    00000004     
                  00000570    00000004     app_ble_pem3.oem3 (.const:xdc_runtime_System_maxAtexitHandlers__C)

.const:xdc_runtime_Text_charTab__C 
*          0    00000574    00000004     
                  00000574    00000004     app_ble_pem3.oem3 (.const:xdc_runtime_Text_charTab__C)

.const:xdc_runtime_Text_nameEmpty__C 
*          0    00000578    00000004     
                  00000578    00000004     app_ble_pem3.oem3 (.const:xdc_runtime_Text_nameEmpty__C)

.const:xdc_runtime_Text_nameStatic__C 
*          0    0000057c    00000004     
                  0000057c    00000004     app_ble_pem3.oem3 (.const:xdc_runtime_Text_nameStatic__C)

.const:xdc_runtime_Text_nameUnknown__C 
*          0    00000580    00000004     
                  00000580    00000004     app_ble_pem3.oem3 (.const:xdc_runtime_Text_nameUnknown__C)

.const:xdc_runtime_Main_Module__id__C 
*          0    00000584    00000002     
                  00000584    00000002     app_ble_pem3.oem3 (.const:xdc_runtime_Main_Module__id__C)

.const:xdc_runtime_Memory_Module__id__C 
*          0    00000586    00000002     
                  00000586    00000002     app_ble_pem3.oem3 (.const:xdc_runtime_Memory_Module__id__C)

.const:xdc_runtime_Text_charCnt__C 
*          0    00000588    00000002     
                  00000588    00000002     app_ble_pem3.oem3 (.const:xdc_runtime_Text_charCnt__C)

.const:xdc_runtime_Text_isLoaded__C 
*          0    0000058a    00000002     
                  0000058a    00000002     app_ble_pem3.oem3 (.const:xdc_runtime_Text_isLoaded__C)

.const:xdc_runtime_Error_policy__C 
*          0    0000058c    00000001     
                  0000058c    00000001     app_ble_pem3.oem3 (.const:xdc_runtime_Error_policy__C)

.const:ti_sysbios_rom_ROM_AONRTCChannelEnable 
*          0    00000590    00000004     
                  00000590    00000004     app_ble_pem3.oem3 (.const:ti_sysbios_rom_ROM_AONRTCChannelEnable)

.const:ti_sysbios_rom_ROM_AONRTCCompareValueSet 
*          0    00000594    00000004     
                  00000594    00000004     app_ble_pem3.oem3 (.const:ti_sysbios_rom_ROM_AONRTCCompareValueSet)

.const:ti_sysbios_rom_ROM_AONRTCCurrentCompareValueGet 
*          0    00000598    00000004     
                  00000598    00000004     app_ble_pem3.oem3 (.const:ti_sysbios_rom_ROM_AONRTCCurrentCompareValueGet)

.const:ti_sysbios_rom_ROM_AONRTCEventClear 
*          0    0000059c    00000004     
                  0000059c    00000004     app_ble_pem3.oem3 (.const:ti_sysbios_rom_ROM_AONRTCEventClear)

.const:ti_sysbios_rom_ROM_ti_sysbios_family_arm_cc26xx_Timer_getCount64__E 
*          0    000005a0    00000004     
                  000005a0    00000004     app_ble_pem3.oem3 (.const:ti_sysbios_rom_ROM_ti_sysbios_family_arm_cc26xx_Timer_getCount64__E)

.const:ti_sysbios_rom_ROM_ti_sysbios_family_arm_cc26xx_Timer_getCurrentTick__E 
*          0    000005a4    00000004     
                  000005a4    00000004     app_ble_pem3.oem3 (.const:ti_sysbios_rom_ROM_ti_sysbios_family_arm_cc26xx_Timer_getCurrentTick__E)

.const:ti_sysbios_rom_ROM_ti_sysbios_family_arm_cc26xx_Timer_getMaxTicks__E 
*          0    000005a8    00000004     
                  000005a8    00000004     app_ble_pem3.oem3 (.const:ti_sysbios_rom_ROM_ti_sysbios_family_arm_cc26xx_Timer_getMaxTicks__E)

.const:ti_sysbios_rom_ROM_ti_sysbios_family_arm_cc26xx_Timer_initDevice__I 
*          0    000005ac    00000004     
                  000005ac    00000004     app_ble_pem3.oem3 (.const:ti_sysbios_rom_ROM_ti_sysbios_family_arm_cc26xx_Timer_initDevice__I)

.const:ti_sysbios_rom_ROM_ti_sysbios_family_arm_cc26xx_Timer_setNextTick__E 
*          0    000005b0    00000004     
                  000005b0    00000004     app_ble_pem3.oem3 (.const:ti_sysbios_rom_ROM_ti_sysbios_family_arm_cc26xx_Timer_setNextTick__E)

.const:ti_sysbios_rom_ROM_ti_sysbios_family_arm_cc26xx_Timer_setThreshold__I 
*          0    000005b4    00000004     
                  000005b4    00000004     app_ble_pem3.oem3 (.const:ti_sysbios_rom_ROM_ti_sysbios_family_arm_cc26xx_Timer_setThreshold__I)

.const:ti_sysbios_rom_ROM_ti_sysbios_family_arm_cc26xx_Timer_start__E 
*          0    000005b8    00000004     
                  000005b8    00000004     app_ble_pem3.oem3 (.const:ti_sysbios_rom_ROM_ti_sysbios_family_arm_cc26xx_Timer_start__E)

.const:ti_sysbios_rom_ROM_ti_sysbios_family_arm_cc26xx_TimestampProvider_get32__E 
*          0    000005bc    00000004     
                  000005bc    00000004     app_ble_pem3.oem3 (.const:ti_sysbios_rom_ROM_ti_sysbios_family_arm_cc26xx_TimestampProvider_get32__E)

.const:ti_sysbios_rom_ROM_xdc_runtime_Startup_getState__I 
*          0    000005c0    00000004     
                  000005c0    00000004     app_ble_pem3.oem3 (.const:ti_sysbios_rom_ROM_xdc_runtime_Startup_getState__I)

.const:ti_sysbios_rom_ROM_xdc_runtime_System_SupportProxy_abort__E 
*          0    000005c4    00000004     
                  000005c4    00000004     app_ble_pem3.oem3 (.const:ti_sysbios_rom_ROM_xdc_runtime_System_SupportProxy_abort__E)

.const:ti_sysbios_rom_ROM_xdc_runtime_System_SupportProxy_exit__E 
*          0    000005c8    00000004     
                  000005c8    00000004     app_ble_pem3.oem3 (.const:ti_sysbios_rom_ROM_xdc_runtime_System_SupportProxy_exit__E)

.const:ti_sysbios_gates_GateMutex_Instance_State_sem__O 
*          0    000005cc    00000004     
                  000005cc    00000004     app_ble_pem3.oem3 (.const:ti_sysbios_gates_GateMutex_Instance_State_sem__O)

.const:ti_sysbios_knl_Clock_Module_State_clockQ__O 
*          0    000005d0    00000004     
                  000005d0    00000004     app_ble_pem3.oem3 (.const:ti_sysbios_knl_Clock_Module_State_clockQ__O)

.const:ti_sysbios_knl_Mailbox_Instance_State_dataQue__O 
*          0    000005d4    00000004     
                  000005d4    00000004     app_ble_pem3.oem3 (.const:ti_sysbios_knl_Mailbox_Instance_State_dataQue__O)

.const:ti_sysbios_knl_Mailbox_Instance_State_dataSem__O 
*          0    000005d8    00000004     
                  000005d8    00000004     app_ble_pem3.oem3 (.const:ti_sysbios_knl_Mailbox_Instance_State_dataSem__O)

.const:ti_sysbios_knl_Mailbox_Instance_State_freeQue__O 
*          0    000005dc    00000004     
                  000005dc    00000004     app_ble_pem3.oem3 (.const:ti_sysbios_knl_Mailbox_Instance_State_freeQue__O)

.const:ti_sysbios_knl_Mailbox_Instance_State_freeSem__O 
*          0    000005e0    00000004     
                  000005e0    00000004     app_ble_pem3.oem3 (.const:ti_sysbios_knl_Mailbox_Instance_State_freeSem__O)

.const:ti_sysbios_knl_Semaphore_Instance_State_pendQ__O 
*          0    000005e4    00000004     
                  000005e4    00000004     app_ble_pem3.oem3 (.const:ti_sysbios_knl_Semaphore_Instance_State_pendQ__O)

.const:ti_sysbios_knl_Task_Module_State_inactiveQ__O 
*          0    000005e8    00000004     
                  000005e8    00000004     app_ble_pem3.oem3 (.const:ti_sysbios_knl_Task_Module_State_inactiveQ__O)

.cinit     0    0001f000    00000a44     
                  0001f000    00000859     (.cinit..data.load) [load image, compression = rle]
                  0001f859    00000007     --HOLE-- [fill = 0]
                  0001f860    0000002d     (.cinit..data:ti_sysbios_family_arm_m3_Hwi_Module__state__V.load) [load image, compression = rle]
                  0001f88d    00000003     --HOLE-- [fill = 0]
                  0001f890    0000002c     (.cinit..data:ti_sysbios_knl_Task_Module__state__V.load) [load image, compression = rle]
                  0001f8bc    00000004     --HOLE-- [fill = 0]
                  0001f8c0    00000021     (.cinit..data:ti_sysbios_knl_Clock_Module__state__V.load) [load image, compression = rle]
                  0001f8e1    00000007     --HOLE-- [fill = 0]
                  0001f8e8    0000001f     (.cinit..data:ti_sysbios_BIOS_Module__state__V.load) [load image, compression = rle]
                  0001f907    00000001     --HOLE-- [fill = 0]
                  0001f908    00000011     (.cinit..data:ti_sysbios_knl_Swi_Module__state__V.load) [load image, compression = rle]
                  0001f919    00000007     --HOLE-- [fill = 0]
                  0001f920    0000000d     (.cinit..data:ti_sysbios_family_arm_cc26xx_Timer_Module__state__V.load) [load image, compression = rle]
                  0001f92d    00000003     --HOLE-- [fill = 0]
                  0001f930    0000000b     (.cinit..bss.load) [load image, compression = rle]
                  0001f93b    00000005     --HOLE-- [fill = 0]
                  0001f940    0000000a     (.cinit..data:xdc_runtime_Memory_Module__state__V.load) [load image, compression = rle]
                  0001f94a    00000006     --HOLE-- [fill = 0]
                  0001f950    00000009     (.cinit..TI.bound:dmaSpi0RxControlTableEntry.load) [load image, compression = rle]
                  0001f959    00000007     --HOLE-- [fill = 0]
                  0001f960    00000009     (.cinit..TI.bound:dmaSpi0TxControlTableEntry.load) [load image, compression = rle]
                  0001f969    00000007     --HOLE-- [fill = 0]
                  0001f970    00000009     (.cinit..TI.bound:dmaSpi1RxControlTableEntry.load) [load image, compression = rle]
                  0001f979    00000007     --HOLE-- [fill = 0]
                  0001f980    00000009     (.cinit..TI.bound:dmaSpi1TxControlTableEntry.load) [load image, compression = rle]
                  0001f989    00000007     --HOLE-- [fill = 0]
                  0001f990    00000009     (.cinit..data:ti_sysbios_family_arm_cc26xx_TimestampProvider_Module__state__V.load) [load image, compression = rle]
                  0001f999    00000007     --HOLE-- [fill = 0]
                  0001f9a0    00000009     (.cinit..data:xdc_runtime_Startup_Module__state__V.load) [load image, compression = rle]
                  0001f9a9    00000007     --HOLE-- [fill = 0]
                  0001f9b0    00000009     (.cinit..data:xdc_runtime_System_Module__state__V.load) [load image, compression = rle]
                  0001f9b9    00000003     --HOLE-- [fill = 0]
                  0001f9bc    00000008     (__TI_handler_table)
                  0001f9c4    00000080     (__TI_cinit_table)

.init_array 
*          0    00000000    00000000     UNINITIALIZED

.ccfg      0    0001ffa8    00000058     
                  0001ffa8    00000058     ccfg_app_ble.obj (.ccfg:retain)

.data:ti_sysbios_knl_Task_Module__state__V 
*          0    20000100    00000044     UNINITIALIZED
                  20000100    00000044     app_ble_pem3.oem3 (.data:ti_sysbios_knl_Task_Module__state__V)

.data:ti_sysbios_family_arm_m3_Hwi_Module__state__V 
*          0    20000144    00000034     UNINITIALIZED
                  20000144    00000034     app_ble_pem3.oem3 (.data:ti_sysbios_family_arm_m3_Hwi_Module__state__V)

.data:ti_sysbios_knl_Clock_Module__state__V 
*          0    20000178    0000002c     UNINITIALIZED
                  20000178    0000002c     app_ble_pem3.oem3 (.data:ti_sysbios_knl_Clock_Module__state__V)

.data:ti_sysbios_BIOS_Module__state__V 
*          0    200001a4    00000024     UNINITIALIZED
                  200001a4    00000024     app_ble_pem3.oem3 (.data:ti_sysbios_BIOS_Module__state__V)

.data:ti_sysbios_knl_Swi_Module__state__V 
*          0    200001c8    0000001c     UNINITIALIZED
                  200001c8    0000001c     app_ble_pem3.oem3 (.data:ti_sysbios_knl_Swi_Module__state__V)

.data:ti_sysbios_family_arm_cc26xx_Timer_Module__state__V 
*          0    200001e4    00000008     UNINITIALIZED
                  200001e4    00000008     app_ble_pem3.oem3 (.data:ti_sysbios_family_arm_cc26xx_Timer_Module__state__V)

.data:ti_sysbios_family_arm_cc26xx_TimestampProvider_Module__state__V 
*          0    200001ec    00000004     UNINITIALIZED
                  200001ec    00000004     app_ble_pem3.oem3 (.data:ti_sysbios_family_arm_cc26xx_TimestampProvider_Module__state__V)

.data:xdc_runtime_Startup_Module__state__V 
*          0    200001f0    00000008     UNINITIALIZED
                  200001f0    00000008     app_ble_pem3.oem3 (.data:xdc_runtime_Startup_Module__state__V)

.data:xdc_runtime_System_Module__state__V 
*          0    200001f8    00000008     UNINITIALIZED
                  200001f8    00000008     app_ble_pem3.oem3 (.data:xdc_runtime_System_Module__state__V)

.data:xdc_runtime_Memory_Module__state__V 
*          0    20000200    00000004     UNINITIALIZED
                  20000200    00000004     app_ble_pem3.oem3 (.data:xdc_runtime_Memory_Module__state__V)

.TI.bound:dmaSpi0RxControlTableEntry 
*          0    20000430    00000010     UNINITIALIZED
                  20000430    00000010     SPICC26XXDMA.obj (.TI.bound:dmaSpi0RxControlTableEntry)

.TI.bound:dmaSpi1RxControlTableEntry 
*          0    20000500    00000010     UNINITIALIZED
                  20000500    00000010     SPICC26XXDMA.obj (.TI.bound:dmaSpi1RxControlTableEntry)

.data      0    20000520    00000ab0     UNINITIALIZED
                  20000520    00000130     devinfoservice.obj (.data:devInfoAttrTbl)
                  20000650    00000110     drivers_cc26xxware.aem3 : PowerCC26XX.oem3 (.data:PowerCC26XX_module)
                  20000760    00000080     barometerservice.obj (.data:sensorAttrTable)
                  200007e0    00000080     humidityservice.obj (.data:sensorAttrTable)
                  20000860    00000080     irtempservice.obj (.data:sensorAttrTable)
                  200008e0    00000080     movementservice.obj (.data:sensorAttrTable)
                  20000960    00000080     opticservice.obj (.data:sensorAttrTable)
                  200009e0    00000060     battservice.obj (.data:battAttrTbl)
                  20000a40    00000050     ioservice.obj (.data:ioAttrTbl)
                  20000a90    00000050     ble_user_config.obj (.data:rfRegTbl)
                  20000ae0    0000004c     app_ble_pem3.oem3 (.data:ti_sysbios_knl_Task_Object__table__V)
                  20000b2c    00000004     I2C.obj (.data)
                  20000b30    00000048     app_ble_pem3.oem3 (.data:ti_sysbios_family_arm_cc26xx_Timer_Object__table__V)
                  20000b78    00000038     app_ble_pem3.oem3 (.data:ti_sysbios_gates_GateMutex_Object__table__V)
                  20000bb0    00000030     app_ble_pem3.oem3 (.data:ti_sysbios_knl_Swi_Module_State_0_readyQ__A)
                  20000be0    00000030     app_ble_pem3.oem3 (.data:ti_sysbios_knl_Swi_Object__table__V)
                  20000c10    00000030     app_ble_pem3.oem3 (.data:ti_sysbios_knl_Task_Module_State_0_readyQ__A)
                  20000c40    00000030     main.obj (.data:user0Cfg)
                  20000c70    00000028     ExtFlash.obj (.data:flashInfo)
                  20000c98    00000020     app_ble_pem3.oem3 (.data:ti_sysbios_knl_Clock_Object__table__V)
                  20000cb8    0000001f     peripheral.obj (.data:gapRole_AdvertData)
                  20000cd7    0000001f     peripheral.obj (.data:gapRole_ScanRspData)
                  20000cf6    00000002     RFCC26XX_singleMode.obj (.data)
                  20000cf8    0000001c     sensortag.obj (.data:SensortagAppPinTable)
                  20000d14    0000001c     peripheral.obj (.data)
                  20000d30    0000001b     sensortag.obj (.data:scanRspData)
                  20000d4b    00000001     TRNGCC26XX.obj (.data)
                  20000d4c    00000018     app_ble_pem3.oem3 (.data:ti_sysbios_family_arm_m3_Hwi_Object__table__V)
                  20000d64    00000018     app_ble_pem3.oem3 (.data:ti_sysbios_heaps_HeapMem_Object__table__V)
                  20000d7c    00000015     devinfoservice.obj (.data:devInfoFirmwareRev)
                  20000d91    00000015     devinfoservice.obj (.data:devInfoHardwareRev)
                  20000da6    00000015     devinfoservice.obj (.data:devInfoMfrName)
                  20000dbb    00000015     devinfoservice.obj (.data:devInfoModelNumber)
                  20000dd0    00000015     devinfoservice.obj (.data:devInfoSerialNumber)
                  20000de5    00000015     devinfoservice.obj (.data:devInfoSoftwareRev)
                  20000dfa    00000012     movementservice.obj (.data:sensorData)
                  20000e0c    0000000e     sensortag.obj (.data:advertData)
                  20000e1a    00000002     battservice.obj (.data:hidReportRefBattLevel)
                  20000e1c    0000000e     battservice.obj (.data)
                  20000e2a    0000000e     devinfoservice.obj (.data:defaultDevInfo11073Cert)
                  20000e38    0000000e     devinfoservice.obj (.data)
                  20000e46    00000002     opticservice.obj (.data:sensorData)
                  20000e48    0000000c     rtsv7M3_T_le_eabi.lib : exit.obj (.data:$O1$$)
                  20000e54    0000000c     ExtFlash.obj (.data)
                  20000e60    0000000c     SensorMpu9250.obj (.data:MpuPinTable)
                  20000e6c    0000000c     icall.obj (.data)
                  20000e78    0000000c     icall_api.obj (.data)
                  20000e84    0000000c     sensortag.obj (.data)
                  20000e90    0000000a     peripheral.obj (.data:gapRole_updateConnParams)
                  20000e9a    00000002     app_ble_pem3.oem3 (.data:ti_sysbios_family_arm_m3_Hwi_Module_State_0_excActive__A)
                  20000e9c    00000009     SensorMpu9250.obj (.data)
                  20000ea5    00000003     --HOLE--
                  20000ea8    00000009     barometerservice.obj (.data)
                  20000eb1    00000003     --HOLE--
                  20000eb4    00000009     humidityservice.obj (.data)
                  20000ebd    00000003     --HOLE--
                  20000ec0    00000009     irtempservice.obj (.data)
                  20000ec9    00000003     --HOLE--
                  20000ecc    00000009     opticservice.obj (.data)
                  20000ed5    00000003     --HOLE--
                  20000ed8    00000008     rtsv7M3_T_le_eabi.lib : _lock.obj (.data:$O1$$)
                  20000ee0    00000008     ExtFlash.obj (.data:BoardFlashPinTable)
                  20000ee8    00000008     battservice.obj (.data:battLevelPresentation)
                  20000ef0    00000008     devinfoservice.obj (.data:devInfoSystemId)
                  20000ef8    00000008     icall_cc2650.obj (.data)
                  20000f00    00000008     ioservice.obj (.data)
                  20000f08    00000008     movementservice.obj (.data)
                  20000f10    00000008     sensortag.obj (.data:sensorTag_bondMgrCBs)
                  20000f18    00000008     app_ble_pem3.oem3 (.data:ti_sysbios_family_arm_m3_Hwi_Module__root__V)
                  20000f20    00000008     app_ble_pem3.oem3 (.data:ti_sysbios_gates_GateHwi_Module__root__V)
                  20000f28    00000008     app_ble_pem3.oem3 (.data:ti_sysbios_gates_GateMutex_Module__root__V)
                  20000f30    00000008     app_ble_pem3.oem3 (.data:ti_sysbios_hal_Hwi_Module__root__V)
                  20000f38    00000008     app_ble_pem3.oem3 (.data:ti_sysbios_heaps_HeapMem_Module__root__V)
                  20000f40    00000008     app_ble_pem3.oem3 (.data:ti_sysbios_knl_Clock_Module__root__V)
                  20000f48    00000008     app_ble_pem3.oem3 (.data:ti_sysbios_knl_Mailbox_Module__root__V)
                  20000f50    00000008     app_ble_pem3.oem3 (.data:ti_sysbios_knl_Queue_Module__root__V)
                  20000f58    00000008     app_ble_pem3.oem3 (.data:ti_sysbios_knl_Semaphore_Module__root__V)
                  20000f60    00000008     app_ble_pem3.oem3 (.data:ti_sysbios_knl_Swi_Module__root__V)
                  20000f68    00000008     app_ble_pem3.oem3 (.data:ti_sysbios_knl_Task_Module__root__V)
                  20000f70    00000007     devinfoservice.obj (.data:devInfoPnpId)
                  20000f77    00000006     peripheral.obj (.data:gapRole_AdvDirectAddr)
                  20000f7d    00000006     peripheral.obj (.data:gapRole_ConnectedDevAddr)
                  20000f83    00000006     barometerservice.obj (.data:sensorData)
                  20000f89    00000003     --HOLE--
                  20000f8c    00000004     icall.obj (.data:ICall_initParams)
                  20000f90    00000004     SPI.obj (.data)
                  20000f94    00000004     ble_user_config.obj (.data)
                  20000f98    00000004     rtsv7M3_T_le_eabi.lib : stkdepth_vars.obj (.data)
                  20000f9c    00000004     sensortag_bar.obj (.data:sensorCallbacks)
                  20000fa0    00000004     sensortag_hum.obj (.data:sensorCallbacks)
                  20000fa4    00000004     sensortag_mov.obj (.data:sensorCallbacks)
                  20000fa8    00000004     sensortag_opt.obj (.data:sensorCallbacks)
                  20000fac    00000004     sensortag_tmp.obj (.data:sensorCallbacks)
                  20000fb0    00000004     humidityservice.obj (.data:sensorData)
                  20000fb4    00000004     irtempservice.obj (.data:sensorData)
                  20000fb8    00000004     sensortag.obj (.data:sensorTag_gapRoleCBs)
                  20000fbc    00000004     sensortag_io.obj (.data:sensorTag_ioCBs)
                  20000fc0    00000004     sensortag_buzzer.obj (.data)
                  20000fc4    00000004     app_ble_pem3.oem3 (.data:ti_sysbios_family_arm_m3_Hwi_Module_State_0_excContext__A)
                  20000fc8    00000004     app_ble_pem3.oem3 (.data:ti_sysbios_family_arm_m3_Hwi_Module_State_0_excStack__A)
                  20000fcc    00000004     app_ble_pem3.oem3 (.data:ti_sysbios_knl_Task_Module_State_0_idleTask__A)

.bss       0    20000fd0    0000200e     UNINITIALIZED
                  20000fd0    00000680     (.common:ti_sysbios_heaps_HeapMem_Instance_State_0_buf__A)
                  20001650    000002bc     sensortag.obj (.bss:sensorTagTaskStack)
                  2000190c    00000258     sensortag_bar.obj (.bss:sensorTaskStack)
                  20001b64    00000258     sensortag_hum.obj (.bss:sensorTaskStack)
                  20001dbc    00000258     sensortag_tmp.obj (.bss:sensorTaskStack)
                  20002014    00000004     PINCC26XX.obj (.bss)
                  20002018    00000200     app_ble_pem3.oem3 (.bss:taskStackSection)
                  20002218    000001b8     (.common:gapRoleTaskStack)
                  200023d0    000001b8     (.common:spiCC26XXDMAObjects)
                  20002588    00000100     RFCC26XX_singleMode.obj (.bss:aCmdPool)
                  20002688    000000e0     (.common:i2cCC26xxObjects)
                  20002768    000000c8     (.common:ti_sysbios_family_arm_m3_Hwi_dispatchTable)
                  20002830    00000084     icall.obj (.bss:ICall_entities)
                  200028b4    0000007c     (.common:PIN_HandleTable)
                  20002930    00000060     icall.obj (.bss:ICall_tasks)
                  20002990    00000050     sensortag.obj (.bss:sensorTagTask)
                  200029e0    00000050     sensortag_bar.obj (.bss:sensorTask)
                  20002a30    00000050     sensortag_hum.obj (.bss:sensorTask)
                  20002a80    00000050     sensortag_tmp.obj (.bss:sensorTask)
                  20002ad0    00000050     (.common:gapRoleTask)
                  20002b20    00000034     PINCC26XX.obj (.bss:PinSwi)
                  20002b54    00000034     RFCC26XX_singleMode.obj (.bss:swiFsm)
                  20002b88    00000034     RFCC26XX_singleMode.obj (.bss:swiHw)
                  20002bbc    0000002a     RFCC26XX_singleMode.obj (.bss)
                  20002be6    00000002     SensorTmp007.obj (.bss)
                  20002be8    00000024     RFCC26XX_singleMode.obj (.bss:clkPowerUp)
                  20002c0c    00000024     sensortag.obj (.bss:periodicClock)
                  20002c30    00000024     sensortag_batt.obj (.bss:periodicClock)
                  20002c54    00000024     sensortag_mov.obj (.bss:periodicClock)
                  20002c78    00000024     sensortag_opt.obj (.bss:periodicClock)
                  20002c9c    00000024     peripheral.obj (.bss:startAdvClock)
                  20002cc0    00000024     peripheral.obj (.bss:startUpdateClock)
                  20002ce4    00000024     peripheral.obj (.bss:updateTimeoutClock)
                  20002d08    00000020     PINCC26XX.obj (.bss:PinGpioConfigTable)
                  20002d28    00000020     SensorI2C.obj (.bss:buffer)
                  20002d48    00000020     RFCC26XX_singleMode.obj (.bss:cmdDirImm)
                  20002d68    00000020     ExtFlash.obj (.bss:spiParams)
                  20002d88    00000020     (.common:udmaObjects)
                  20002da8    0000001c     PINCC26XX.obj (.bss:PinHwi)
                  20002dc4    0000001c     PINCC26XX.obj (.bss:PinSem)
                  20002de0    0000001c     RFCC26XX_singleMode.obj (.bss:hwiCpe0)
                  20002dfc    0000001c     RFCC26XX_singleMode.obj (.bss:hwiHw)
                  20002e18    0000001c     SensorI2C.obj (.bss:mutex)
                  20002e34    00000018     SensorBmp280.obj (.bss:calData)
                  20002e4c    00000014     RFCC26XX_singleMode.obj (.bss:cmdQ)
                  20002e60    00000014     icall.obj (.bss)
                  20002e74    00000014     RFCC26XX_singleMode.obj (.bss:opRatSync)
                  20002e88    00000014     driverlib.lib : osc.obj (.bss:oscHfGlobals)
                  20002e9c    00000014     peripheral.obj (.bss)
                  20002eb0    00000014     sensortag_mov.obj (.bss:sensorData)
                  20002ec4    00000010     SensorMpu9250.obj (.bss)
                  20002ed4    00000010     peripheral.obj (.bss:gapRole_IRK)
                  20002ee4    00000010     peripheral.obj (.bss:gapRole_SRK)
                  20002ef4    00000010     SensorI2C.obj (.bss:i2cParams)
                  20002f04    00000010     sensortag_mov.obj (.bss)
                  20002f14    0000000c     sensortag.obj (.bss:appMsg)
                  20002f20    0000000c     battservice.obj (.bss)
                  20002f2c    0000000c     SensorMpu9250.obj (.bss:pinGpioState)
                  20002f38    0000000c     ExtFlash.obj (.bss:pinState)
                  20002f44    0000000c     sensortag_bar.obj (.bss)
                  20002f50    0000000c     sensortag_hum.obj (.bss)
                  20002f5c    0000000c     sensortag_tmp.obj (.bss)
                  20002f68    0000000c     (.common:pinGpioState)
                  20002f74    00000008     peripheral.obj (.bss:gapRole_bdAddr)
                  20002f7c    00000008     driverlib.lib : sys_ctrl.obj (.bss:powerQualGlobals)
                  20002f84    00000007     sensortag.obj (.bss)
                  20002f8b    00000001     SensorHdc1000.obj (.bss)
                  20002f8c    00000006     SensorI2C.obj (.bss)
                  20002f92    00000005     sensortag_opt.obj (.bss)
                  20002f97    00000001     SensorTagTest.obj (.bss)
                  20002f98    00000004     barometerservice.obj (.bss)
                  20002f9c    00000004     SensorTmp007.obj (.bss:buf)
                  20002fa0    00000004     SensorHdc1000.obj (.bss:data)
                  20002fa4    00000004     humidityservice.obj (.bss)
                  20002fa8    00000004     ExtFlash.obj (.bss:infoBuf)
                  20002fac    00000004     ioservice.obj (.bss)
                  20002fb0    00000004     irtempservice.obj (.bss)
                  20002fb4    00000004     movementservice.obj (.bss)
                  20002fb8    00000004     opticservice.obj (.bss)
                  20002fbc    00000004     SensorMpu9250.obj (.bss:rawData$2)
                  20002fc0    00000004     movementservice.obj (.bss:sensorCfg)
                  20002fc4    00000004     (.common:HEAPMGR_SIZE)
                  20002fc8    00000004     (.common:PIN_NumPins)
                  20002fcc    00000004     (.common:hGpioPin)
                  20002fd0    00000004     (.common:sem)
                  20002fd4    00000004     (.common:trngCC26XXObjects)
                  20002fd8    00000002     sensortag_io.obj (.bss)
                  20002fda    00000001     sensortag_batt.obj (.bss)
                  20002fdb    00000001     (.common:driverlib_release_0_46593)
                  20002fdc    00000001     (.common:linkDBNumConns)
                  20002fdd    00000001     (.common:selfEntityMain)

.vtable    0    20002fde    00000000     UNINITIALIZED

.vtable_ram 
*          0    20002fde    00000000     UNINITIALIZED

vtable_ram 
*          0    20002fde    00000000     UNINITIALIZED

.sysmem    0    20002fde    00000000     UNINITIALIZED

.nonretenvar 
*          0    20002fde    00000000     UNINITIALIZED

.stack     0    20004028    00000400     UNINITIALIZED
                  20004028    00000400     --HOLE--

.bootVecs 
*          0    00000000    00000008     DSECT
                  00000000    00000008     boot.aem3 : boot.oem3 (.bootVecs)

.resetVecs 
*          0    00000000    0000003c     
                  00000000    0000003c     app_ble_pem3.oem3 (.resetVecs)

.vecs      0    20000000    000000c8     NOLOAD SECTION
                  20000000    000000c8     app_ble_pem3.oem3 (.vecs)

xdc.meta   0    00000000    0000010b     COPY SECTION
                  00000000    0000010b     app_ble_pem3.oem3 (xdc.meta)

xdc.noload 
*          0    00000000    00000000     COPY SECTION

.TI.bound:dmaSpi0TxControlTableEntry 
*          0    20000440    00000010     UNINITIALIZED
                  20000440    00000010     SPICC26XXDMA.obj (.TI.bound:dmaSpi0TxControlTableEntry)

.TI.bound:dmaSpi1TxControlTableEntry 
*          0    20000510    00000010     UNINITIALIZED
                  20000510    00000010     SPICC26XXDMA.obj (.TI.bound:dmaSpi1TxControlTableEntry)

.text.1    0    0000003c    000000c4     
                  0000003c    000000c4     barometerservice.obj (.text:Barometer_setParameter)

.text.2    0    00000480    00000004     
                  00000480    00000004     drivers_cc26xxware.aem3 : List.oem3 (.text:List_head)

.text.3    0    00000500    00000002     
                  00000500    00000002     driverlib.lib : rfc.obj (.text:NOROM_RFCAdi3VcoLdoVoltageMode)

.text.4    0    000005ec    0000fa4c     
                  000005ec    0000052c     peripheral.obj (.text:GAPRole_SetParameter)
                  00000b18    000004fc     RFCC26XX_singleMode.obj (.text:fsmActiveState)
                  00001014    000004e4     peripheral.obj (.text:gapRole_processGAPMsg)
                  000014f8    00000270     RFCC26XX_singleMode.obj (.text:abortCmd)
                  00001768    0000026c     peripheral.obj (.text:GAPRole_GetParameter)
                  000019d4    00000248     RFCC26XX_singleMode.obj (.text:RF_postCmd)
                  00001c1c    00000244     PINCC26XX.obj (.text:PIN_init)
                  00001e60    00000240     SPICC26XXDMA.obj (.text:SPICC26XXDMA_initIO)
                  000020a0    0000023c     sensortag.obj (.text:SensorTag_init)
                  000022dc    00000228     drivers_cc26xxware.aem3 : PowerCC26XX.oem3 (.text:Power_sleep)
                  00002504    00000204     driverlib.lib : sys_ctrl.obj (.text:NOROM_SysCtrlSetRechargeBeforePowerDown)
                  00002708    000001f8     devinfoservice.obj (.text:DevInfo_SetParameter)
                  00002900    000001f4     rtsv7M3_T_le_eabi.lib : ull_div_t2.obj (.text)
                  00002af4    000001d0     drivers_cc26xxware.aem3 : PowerCC26XX_calibrateRCOSC.oem3 (.text:calibrateRcoscHf1)
                  00002cc4    000001c4     I2CCC26XX.obj (.text:I2CCC26XX_hwiFxn)
                  00002e88    000001a0     devinfoservice.obj (.text:devInfo_ReadAttrCB)
                  00003028    00000194     SPICC26XXDMA.obj (.text:SPICC26XXDMA_open)
                  000031bc    00000194     SensorBmp280.obj (.text:SensorBmp280_convert)
                  00003350    0000018c     sensortag_mov.obj (.text:SensorTagMov_processSensorEvent)
                  000034dc    00000184     drivers_cc26xxware.aem3 : PowerCC26XX_calibrateRCOSC.oem3 (.text:PowerCC26XX_doCalibrate)
                  00003660    0000017c     RFCC26XX_singleMode.obj (.text:fsmSetupState)
                  000037dc    0000016c     peripheral.obj (.text:gapRole_taskFxn)
                  00003948    00000164     RFCC26XX_singleMode.obj (.text:hwiFxnCpe0Active)
                  00003aac    00000158     SensorMpu9250.obj (.text:SensorMpu9250_magRead)
                  00003c04    0000014c     icall.obj (.text:ICall_heapMalloc)
                  00003d50    00000148     SPICC26XXDMA.obj (.text:SPICC26XXDMA_configDMA)
                  00003e98    00000140     SensorMpu9250.obj (.text:SensorMpu9250_enableWom)
                  00003fd8    00000140     barometerservice.obj (.text:sensor_WriteAttrCB)
                  00004118    00000140     humidityservice.obj (.text:sensor_WriteAttrCB)
                  00004258    00000140     irtempservice.obj (.text:sensor_WriteAttrCB)
                  00004398    00000140     opticservice.obj (.text:sensor_WriteAttrCB)
                  000044d8    0000013e     icall.obj (.text:ICall_primWaitMatch)
                  00004616    00000002     driverlib.lib : rfc.obj (.text:NOROM_RFCRTrim)
                  00004618    0000013c     RFCC26XX_singleMode.obj (.text:rf_init)
                  00004754    0000013c     movementservice.obj (.text:sensor_WriteAttrCB)
                  00004890    00000130     driverlib.lib : setup.obj (.text:NOROM_SetupAfterColdResetWakeupFromShutDownCfg3)
                  000049c0    0000012c     PINCC26XX.obj (.text:PINCC26XX_setIoCfg)
                  00004aec    00000124     ioservice.obj (.text:io_WriteAttrCB)
                  00004c10    00000122     I2CCC26XX.obj (.text:I2CCC26XX_transfer)
                  00004d32    00000002     drivers_cc26xxware.aem3 : PowerCC26XX.oem3 (.text:emptyClockFunc)
                  00004d34    00000120     I2CCC26XX.obj (.text:I2CCC26XX_open)
                  00004e54    0000011c     drivers_cc26xxware.aem3 : PowerCC26XX.oem3 (.text:Power_init)
                  00004f70    00000118     PINCC26XX.obj (.text:PIN_open)
                  00005088    00000118     RFCC26XX_singleMode.obj (.text:fsmPowerUpState)
                  000051a0    00000110     SPICC26XXDMA.obj (.text:SPICC26XXDMA_control)
                  000052b0    00000108     RFCC26XX_singleMode.obj (.text:swiFxnHw)
                  000053b8    00000104     SensorTmp007.obj (.text:SensorTmp007_test)
                  000054bc    00000100     sensortag.obj (.text:SensorTag_processStateChangeEvt)
                  000055bc    000000fc     SPICC26XXDMA.obj (.text:SPICC26XXDMA_transferCancel)
                  000056b8    000000fc     rtsv7M3_T_le_eabi.lib : fd_mul_t2.obj (.text)
                  000057b4    000000fa                           : fs_add_t2.obj (.text)
                  000058ae    00000002     rom_sysbios.aem3 : rom_sysbios.obj (.text:ti_sysbios_BIOS_linkedWithIncorrectBootLibrary__E)
                  000058b0    000000f8     peripheral.obj (.text:gapRole_init)
                  000059a8    000000f0     RFCC26XX_singleMode.obj (.text:RF_open)
                  00005a98    000000f0     sensortag_bar.obj (.text:sensorTaskFxn)
                  00005b88    000000e8     I2CCC26XX.obj (.text:I2CCC26XX_primeTransfer)
                  00005c70    000000e8     sensortag_io.obj (.text:SensorTagIO_processCharChangeEvt)
                  00005d58    000000e4     driverlib.lib : setup.obj (.text:NOROM_SetupAfterColdResetWakeupFromShutDownCfg2)
                  00005e3c    000000dc     gattservapp_util.obj (.text:GATTServApp_ProcessCharCfg)
                  00005f18    000000dc     sensortag_mov.obj (.text:SensorTagMov_processCharChangeEvt)
                  00005ff4    000000d8     SPICC26XXDMA.obj (.text:SPICC26XXDMA_hwiFxn)
                  000060cc    000000d8     SensorBmp280.obj (.text:SensorBmp280_test)
                  000061a4    000000d4     I2CCC26XX.obj (.text:I2CCC26XX_initIO)
                  00006278    000000d4     drivers_cc26xxware.aem3 : PowerCC26XX.oem3 (.text:Power_releaseDependency)
                  0000634c    000000d0     irtempservice.obj (.text:IRTemp_setParameter)
                  0000641c    000000d0     drivers_cc26xxware.aem3 : PowerCC26XX.oem3 (.text:Power_setDependency)
                  000064ec    000000d0     sensortag.obj (.text:SensorTag_taskFxn)
                  000065bc    000000d0     sensortag_tmp.obj (.text:sensorTaskFxn)
                  0000668c    000000cc     icall.obj (.text:ICall_primEnroll)
                  00006758    000000cc     SPICC26XXDMA.obj (.text:SPICC26XXDMA_transfer)
                  00006824    000000cc     SensorTmp007.obj (.text:SensorTmp007_read)
                  000068f0    000000cc     driverlib.lib : setup.obj (.text:TrimAfterColdResetWakeupFromShutDown)
                  000069bc    000000c8     sensortag_hum.obj (.text:sensorTaskFxn)
                  00006a84    000000c4     icall.obj (.text:ICall_primSetTimer)
                  00006b48    000000c4     movementservice.obj (.text:Movement_setParameter)
                  00006c0c    000000c0     humidityservice.obj (.text:Humidity_setParameter)
                  00006ccc    000000c0     icall.obj (.text:ICall_heapInit)
                  00006d8c    000000c0     opticservice.obj (.text:Optic_setParameter)
                  00006e4c    000000c0     SensorTagTest.obj (.text:SensorTag_testExecute)
                  00006f0c    000000bc     I2CCC26XX.obj (.text:I2CCC26XX_cancel)
                  00006fc8    000000bc     power_cc26xx_tirtos.aem3 : PowerCC26XX_tirtos.oem3 (.text:PowerCC26XX_standbyPolicy)
                  00007084    000000bc     peripheral.obj (.text:gapRole_startConnUpdate)
                  00007140    000000b8     sensortag_opt.obj (.text:SensorTagOpt_processCharChangeEvt)
                  000071f8    000000b4     sensortag_bar.obj (.text:SensorTagBar_processCharChangeEvt)
                  000072ac    000000b4     sensortag_mov.obj (.text:appStateSet)
                  00007360    000000b0     icall.obj (.text:ICall_primRegisterApp)
                  00007410    000000b0     battservice.obj (.text:battWriteAttrCB)
                  000074c0    000000ac     gattservapp_util.obj (.text:gattServApp_SendNotiInd)
                  0000756c    000000a8     icall.obj (.text:ICall_primThreadServes)
                  00007614    000000a8     sensortag_buzzer.obj (.text:SensorTagBuzzer_setFrequency)
                  000076bc    000000a8     sensortag_tmp.obj (.text:SensorTagTmp_processCharChangeEvt)
                  00007764    000000a8     TRNGCC26XX.obj (.text:TRNGCC26XX_getNumber)
                  0000780c    000000a8     battservice.obj (.text:battReadAttrCB)
                  000078b4    000000a4     icall_cc2650.obj (.text:ICallPlatform_pwrRegisterNotify)
                  00007958    000000a4     icall.obj (.text:ICall_newTask)
                  000079fc    000000a4     driverlib.lib : setup.obj (.text:NOROM_SetupTrimDevice)
                  00007aa0    000000a4     sensortag_hum.obj (.text:SensorTagHum_processCharChangeEvt)
                  00007b44    000000a4     SensorMpu9250.obj (.text:sensorMagInit)
                  00007be8    000000a2     I2CCC26XX.obj (.text:I2CCC26XX_swiFxn)
                  00007c8a    00000002     app_ble_pem3.oem3 (.text:ti_sysbios_BIOS_nullFunc__I)
                  00007c8c    000000a0     SensorI2C.obj (.text:SensorI2C_select)
                  00007d2c    000000a0     auto_init.aem3 : auto_init.oem3 (.text)
                  00007dcc    000000a0     rom_sysbios.aem3 : rom_sysbios.obj (.text:ti_sysbios_knl_Task_setPri__E)
                  00007e6c    0000009c     icall.obj (.text:ICall_createRemoteTasks)
                  00007f08    0000009c     ioservice.obj (.text:Io_setParameter)
                  00007fa4    0000009c     RFCC26XX_singleMode.obj (.text:RF_pendCmd)
                  00008040    0000009c     rtsv7M3_T_le_eabi.lib : memcpy_t2.obj (.text)
                  000080dc    0000009c     movementservice.obj (.text:sensor_ReadAttrCB)
                  00008178    0000009a     sensortag.obj (.text:SensorTag_processCharValueChangeEvt)
                  00008212    00000002     rom_sysbios.aem3 : rom_sysbios.obj (.text:ti_sysbios_knl_Clock_triggerFunc__I)
                  00008214    00000098     icall_cc2650.obj (.text:ICallPlatform_pwrUpdActivityCounter)
                  000082ac    00000098     icall.obj (.text:ICall_primSend)
                  00008344    00000098     PINCC26XX.obj (.text:PIN_remove)
                  000083dc    00000098     rom_sysbios.aem3 : rom_sysbios.obj (.text:ti_sysbios_knl_Clock_workFuncDynamic__E)
                  00008474    00000096     gattservapp_util.obj (.text:GATTServApp_ProcessCCCWriteReq)
                  0000850a    00000002     app_ble_pem3.oem3 (.text:ti_sysbios_rom_cortexm_cc26xx_CC26xx_badRomRevision__E)
                  0000850c    00000094     PINCC26XX.obj (.text:PIN_add)
                  000085a0    00000094     RFCC26XX_singleMode.obj (.text:RF_getCurrentTime)
                  00008634    00000090     icall.obj (.text:ICall_primGetEntityId)
                  000086c4    00000090     RFCC26XX_singleMode.obj (.text:RF_getInfo)
                  00008754    00000090     SensorHdc1000.obj (.text:SensorHdc1000_test)
                  000087e4    00000090     SensorMpu9250.obj (.text:SensorMpu9250_reset)
                  00008874    00000090     drivers_cc26xxware.aem3 : PowerCC26XX.oem3 (.text:switchXOSCHFclockFunc)
                  00008904    0000008c     driverlib.lib : osc.obj (.text:NOROM_OSCHF_GetStartupTime)
                  00008990    0000008c     barometerservice.obj (.text:sensor_ReadAttrCB)
                  00008a1c    00000088     SensorMpu9250.obj (.text:sensorMpu9250WakeUp)
                  00008aa4    00000088     humidityservice.obj (.text:sensor_ReadAttrCB)
                  00008b2c    00000088     irtempservice.obj (.text:sensor_ReadAttrCB)
                  00008bb4    00000088     opticservice.obj (.text:sensor_ReadAttrCB)
                  00008c3c    00000086     rtsv7M3_T_le_eabi.lib : fd_cmp_t2.obj (.text:__aeabi_cdrcmple)
                  00008cc2    00000084     icall.obj (.text:ICall_primWait)
                  00008d46    00000002     rom_sysbios.aem3 : rom_sysbios.obj (.text:xdc_runtime_SysCallback_defaultAbort)
                  00008d48    00000084     sensortag_mov.obj (.text:SensorTagMov_init)
                  00008dcc    00000084     RFCC26XX_singleMode.obj (.text:fsmPowerDownState)
                  00008e50    0000007c     I2CCC26XX.obj (.text:I2CCC26XX_close)
                  00008ecc    0000007c     SensorHdc1000.obj (.text:SensorHdc1000_read)
                  00008f48    0000007c     SensorMpu9250.obj (.text:SensorMpu9250_magReset)
                  00008fc4    0000007c     RFCC26XX_singleMode.obj (.text:applyRfCorePatch)
                  00009040    0000007c     RFCC26XX_singleMode.obj (.text:decActiveClientCnt)
                  000090bc    0000007c     drivers_cc26xxware.aem3 : PowerCC26XX.oem3 (.text:disableLFClockQualifiers)
                  00009138    0000007a     rtsv7M3_T_le_eabi.lib : memset_t2.obj (.text)
                  000091b2    00000002     rom_sysbios.aem3 : rom_sysbios.obj (.text:xdc_runtime_SysCallback_defaultExit)
                  000091b4    00000078     driverlib.lib : setup.obj (.text:NOROM_SetupAfterColdResetWakeupFromShutDownCfg1)
                  0000922c    00000078     SPICC26XXDMA.obj (.text:SPICC26XXDMA_initHw)
                  000092a4    00000076     SPICC26XXDMA.obj (.text:SPICC26XXDMA_close)
                  0000931a    00000076     SensorOpt3001.obj (.text:SensorOpt3001_read)
                  00009390    00000076     icall_api.obj (.text:sendWaitMatchValueCS)
                  00009406    00000002     --HOLE-- [fill = 0]
                  00009408    00000074     gattservapp_util.obj (.text:GATTServApp_InitCharCfg)
                  0000947c    00000074     PINCC26XX.obj (.text:PIN_swi)
                  000094f0    00000074     drivers_cc26xxware.aem3 : PowerCC26XX_calibrateRCOSC.oem3 (.text:PowerCC26XX_auxISR)
                  00009564    00000074     SensorMpu9250.obj (.text:SensorMpu9250_test)
                  000095d8    00000074     SensorOpt3001.obj (.text:SensorOpt3001_convert)
                  0000964c    00000074     battservice.obj (.text:battNotify)
                  000096c0    00000074     drivers_cc26xxware.aem3 : PowerCC26XX_calibrateRCOSC.oem3 (.text:calibrateRcoscHf2)
                  00009734    00000074     RFCC26XX_singleMode.obj (.text:hwiFxnHw)
                  000097a8    00000074     RFCC26XX_singleMode.obj (.text:syncCb)
                  0000981c    00000070     driverlib.lib : chipinfo.obj (.text:NOROM_ChipInfo_GetHwRevision)
                  0000988c    00000070     PINCC26XX.obj (.text:PINCC26XX_getConfig)
                  000098fc    00000070     SensorI2C.obj (.text:SensorI2C_open)
                  0000996c    00000070     sensortag_io.obj (.text:SensorTagIO_blinkLed)
                  000099dc    00000070     UDMACC26XX.obj (.text:UDMACC26XX_open)
                  00009a4c    00000070     peripheral.obj (.text:gapRole_processStackMsg)
                  00009abc    00000070     ioservice.obj (.text:io_ReadAttrCB)
                  00009b2c    00000070     st_util.obj (.text:utilExtractUuid16)
                  00009b9c    0000006e     rtsv7M3_T_le_eabi.lib : fd_tos_t2.obj (.text)
                  00009c0a    00000002     --HOLE-- [fill = 0]
                  00009c0c    0000006c     icall_api.obj (.text:GAP_DeviceInit)
                  00009c78    0000006c     icall_api.obj (.text:GAP_UpdateAdvertisingData)
                  00009ce4    0000006c     icall.obj (.text:ICall_init)
                  00009d50    0000006c     driverlib.lib : setup.obj (.text:NOROM_SetupGetTrimForAmpcompCtrl)
                  00009dbc    0000006c     drivers_cc26xxware.aem3 : PowerCC26XX.oem3 (.text:PowerCC26XX_calibrate)
                  00009e28    0000006c     SensorI2C.obj (.text:SensorI2C_writeReg)
                  00009e94    0000006c     SensorMpu9250.obj (.text:SensorMpu9250_accSetRange)
                  00009f00    0000006a     rtsv7M3_T_le_eabi.lib : copy_decompress_rle.obj (.text)
                  00009f6a    00000002     --HOLE-- [fill = 0]
                  00009f6c    00000068     driverlib.lib : setup.obj (.text:NOROM_SetupGetTrimForAnabypassValue1)
[...]
1001c2b9  ti_sysbios_knl_Clock_destruct                                             
1001c2bd  ti_sysbios_knl_Clock_removeI__E                                           
1001c2c1  ti_sysbios_knl_Clock_setTimeout__E                                        
1001c2c5  ti_sysbios_knl_Mailbox_delete                                             
1001c2c9  ti_sysbios_knl_Mailbox_destruct                                           
1001c2cd  ti_sysbios_knl_Queue_delete                                               
1001c2d1  ti_sysbios_knl_Queue_destruct                                             
1001c2d5  ti_sysbios_knl_Queue_head__E                                              
1001c2d9  ti_sysbios_knl_Queue_next__E                                              
1001c2dd  ti_sysbios_knl_Semaphore_delete                                           
1001c2e1  ti_sysbios_knl_Semaphore_destruct                                         
1001c2e5  ti_sysbios_knl_Swi_delete                                                 
1001c2e9  ti_sysbios_knl_Swi_destruct                                               
1001c2ed  ti_sysbios_knl_Swi_postInit__I                                            
1001c2f1  ti_sysbios_knl_Task_SupportProxy_Module__startupDone__S                   
1001c2f5  ti_sysbios_knl_Task_SupportProxy_getStackAlignment__E                     
1001c2f9  ti_sysbios_knl_Task_SupportProxy_start__E                                 
1001c2fd  ti_sysbios_knl_Task_SupportProxy_swap__E                                  
1001c301  ti_sysbios_knl_Task_delete                                                
1001c305  ti_sysbios_knl_Task_destruct                                              
1001c309  ti_sysbios_knl_Task_startup__E                                            
1001c30d  xdc_runtime_Startup_startMods__I                                          
1001c405  xdc_runtime_Core_createObject__I                                          
1001c487  xdc_runtime_Error_policySpin__E                                           
1001c489  xdc_runtime_Memory_alloc__E                                               
1001c4f9  xdc_runtime_Core_deleteObject__I                                          
1001c559  xdc_runtime_Startup_exec__E                                               
1001c5a9  xdc_runtime_Assert_raise__I                                               
1001c5f1  xdc_runtime_Core_assignParams__I                                          
1001c639  xdc_runtime_Core_constructObject__I                                       
1001c681  xdc_runtime_System_atexit__E                                              
1001c6b9  xdc_runtime_System_processAtExit__E                                       
1001c6ed  xdc_runtime_Core_assignLabel__I                                           
1001c71d  xdc_runtime_Text_cordText__E                                              
1001c749  xdc_runtime_System_abort__E                                               
1001c769  xdc_runtime_Error_raiseX__E                                               
1001c785  xdc_runtime_Memory_valloc__E                                              
1001c7a1  xdc_runtime_Core_destructObject__I                                        
1001c7b9  xdc_runtime_Error_check__E                                                
1001c7d1  xdc_runtime_System_exit__E                                                
1001c7e9  xdc_runtime_Text_ropeText__E                                              
1001c801  xdc_runtime_Memory_free__E                                                
1001c811  xdc_runtime_SysCallback_abort__E                                          
1001c821  xdc_runtime_SysCallback_exit__E                                           
1001c831  xdc_runtime_Timestamp_SupportProxy_get32__E                               
1001c831  xdc_runtime_Timestamp_get32__E                                            
1001c841  xdc_runtime_Error_init__E                                                 
1001c84d  xdc_runtime_Memory_calloc__E                                              
1001c859  xdc_runtime_Memory_getMaxDefaultTypeAlign__E                              
1001c879  xdc_runtime_Gate_leaveSystem__E                                           
1001c87f  xdc_runtime_System_Module_startup__E                                      
1001c885  xdc_runtime_Gate_enterSystem__E                                           
1001c889  xdc_runtime_Memory_HeapProxy_alloc__E                                     
1001c88d  xdc_runtime_Memory_HeapProxy_free__E                                      
1001c891  xdc_runtime_System_Module_GateProxy_enter__E                              
1001c895  xdc_runtime_System_Module_GateProxy_leave__E                              
1001c899  xdc_runtime_System_abortSpin__E                                           
1001c89b  xdc_runtime_System_exitSpin__E                                            
1001c89d  ti_sysbios_family_arm_m3_Hwi_dispatch__I                                  
1001c96d  ti_sysbios_family_arm_m3_TaskSupport_buildTaskStack                       
1001c9b9  ti_sysbios_family_arm_m3_Hwi_initStacks__E                                
1001ca01  ti_sysbios_family_arm_m3_Hwi_excHandlerAsm__I                             
1001ca21  ti_sysbios_family_xxx_Hwi_switchAndRunFunc                                
1001ca3f  ti_sysbios_family_arm_m3_Hwi_pendSV__I                                    
1001ca57  ti_sysbios_family_arm_m3_Hwi_return                                       
1001ca59  ti_sysbios_family_arm_m3_TaskSupport_glue                                 
1001ca69  ti_sysbios_family_arm_m3_TaskSupport_swap__E                              
1001ca71  ti_sysbios_knl_Task_swapReturn                                            
1001ca9b  ti_sysbios_rom_cortexm_cc26xx_CC26xx_getRevision__E                       
20000000  ti_sysbios_family_arm_m3_Hwi_ramVectors                                   
20000100  ti_sysbios_knl_Task_Module__state__V                                      
20000144  ti_sysbios_family_arm_m3_Hwi_Module__state__V                             
20000178  ti_sysbios_knl_Clock_Module__state__V                                     
200001a4  ti_sysbios_BIOS_Module__state__V                                          
200001c8  ti_sysbios_knl_Swi_Module__state__V                                       
200001e4  ti_sysbios_family_arm_cc26xx_Timer_Module__state__V                       
200001ec  ti_sysbios_family_arm_cc26xx_TimestampProvider_Module__state__V           
200001f0  xdc_runtime_Startup_Module__state__V                                      
200001f8  xdc_runtime_System_Module__state__V                                       
20000200  xdc_runtime_Memory_Module__state__V                                       
20000650  PowerCC26XX_module                                                        
20000a90  rfRegTbl                                                                  
20000ae0  ti_sysbios_knl_Task_Object__table__V                                      
20000b30  ti_sysbios_family_arm_cc26xx_Timer_Object__table__V                       
20000b78  ti_sysbios_gates_GateMutex_Object__table__V                               
20000bb0  ti_sysbios_knl_Swi_Module_State_0_readyQ__A                               
20000be0  ti_sysbios_knl_Swi_Object__table__V                                       
20000c10  ti_sysbios_knl_Task_Module_State_0_readyQ__A                              
20000c40  user0Cfg                                                                  
20000c98  ti_sysbios_knl_Clock_Object__table__V                                     
20000d4c  ti_sysbios_family_arm_m3_Hwi_Object__table__V                             
20000d64  ti_sysbios_heaps_HeapMem_Object__table__V                                 
20000e48  __TI_cleanup_ptr                                                          
20000e4c  __TI_dtors_ptr                                                            
20000e50  __TI_enable_exit_profile_output                                           
20000e6c  ICall_enterCriticalSection                                                
20000e70  ICall_leaveCriticalSection                                                
20000e74  ICall_dispatcher                                                          
20000e78  lastAppOpcodeSent                                                         
20000e7c  pfnBMAlloc                                                                
20000e80  pfnBMFree                                                                 
20000e84  gapProfileState                                                           
20000e9a  ti_sysbios_family_arm_m3_Hwi_Module_State_0_excActive__A                  
20000ed8  _lock                                                                     
20000edc  _unlock                                                                   
20000f18  ti_sysbios_family_arm_m3_Hwi_Module__root__V                              
20000f20  ti_sysbios_gates_GateHwi_Module__root__V                                  
20000f28  ti_sysbios_gates_GateMutex_Module__root__V                                
20000f30  ti_sysbios_hal_Hwi_Module__root__V                                        
20000f38  ti_sysbios_heaps_HeapMem_Module__root__V                                  
20000f40  ti_sysbios_knl_Clock_Module__root__V                                      
20000f48  ti_sysbios_knl_Mailbox_Module__root__V                                    
20000f50  ti_sysbios_knl_Queue_Module__root__V                                      
20000f58  ti_sysbios_knl_Semaphore_Module__root__V                                  
20000f60  ti_sysbios_knl_Swi_Module__root__V                                        
20000f68  ti_sysbios_knl_Task_Module__root__V                                       
20000f94  appAssertCback                                                            
20000f98  main_func_sp                                                              
20000fc4  ti_sysbios_family_arm_m3_Hwi_Module_State_0_excContext__A                 
20000fc8  ti_sysbios_family_arm_m3_Hwi_Module_State_0_excStack__A                   
20000fcc  ti_sysbios_knl_Task_Module_State_0_idleTask__A                            
20000fd0  ti_sysbios_heaps_HeapMem_Instance_State_0_buf__A                          
20002018  ti_sysbios_knl_Task_Instance_State_0_stack__A                             
20002218  gapRoleTaskStack                                                          
200023d0  spiCC26XXDMAObjects                                                       
20002688  i2cCC26xxObjects                                                          
20002768  ti_sysbios_family_arm_m3_Hwi_dispatchTable                                
200028b4  PIN_HandleTable                                                           
20002ad0  gapRoleTask                                                               
20002d88  udmaObjects                                                               
20002f68  pinGpioState                                                              
20002fc4  HEAPMGR_SIZE                                                              
20002fc8  PIN_NumPins                                                               
20002fcc  hGpioPin                                                                  
20002fd0  sem                                                                       
20002fd4  trngCC26XXObjects                                                         
20002fdb  driverlib_release_0_46593                                                 
20002fdc  linkDBNumConns                                                            
20002fdd  selfEntityMain                                                            
20002fde  heapStart                                                                 
20004028  __stack                                                                   
20004028  heapEnd                                                                   
20004428  __STACK_END                                                               
20004428  __STACK_TOP                                                               
20004f2c  A4_rw                                                                     
20004f2c  COMMON_RAM_BASE_ADDR                                                      
20004f40  P2_rw                                                                     
20004f40  P2_s0                                                                     
20004f40  eccRom_windowSize                                                         
20004f44  eccRom_workzone                                                           
20004f48  eccRom_param_p                                                            
20004f4c  eccRom_param_r                                                            
20004f50  eccRom_param_a                                                            
20004f54  inScalar                                                                  
20004f58  inPointX                                                                  
20004f5c  inPointY                                                                  
20004f60  outPointX                                                                 
20004f64  outPointY                                                                 
20004f68  SCAL                                                                      
20004f6c  EXPX                                                                      
20004f70  EXPY                                                                      
20004f74  EXPZ                                                                      
20004f78  EXPW                                                                      
20004f7c  ACCX                                                                      
20004f80  ACCY                                                                      
20004f84  ACCZ                                                                      
20004f88  TMP1                                                                      
20004f8c  TMP2                                                                      
20004f90  TMP3                                                                      
20004f94  TMP4                                                                      
20004f98  TMP5                                                                      
20004f9c  TMP6                                                                      
20004fa0  eccRom_param_Gx                                                           
20004fa4  eccRom_param_Gy                                                           
20004fa8  eccRom_param_b                                                            
20004fac  P2_zi                                                                     
20004fac  ratChanInfo                                                               
20004fcc  fwInfoCmd                                                                 
20004fd8  MSBMOD                                                                    
20004fdc  aux64                                                                     
20004fe4  MOD                                                                       
20004fe8  LEN                                                                       
20004ffc  pSspAesEncrypt_Sw                                                         
e000e000  ti_sysbios_family_arm_m3_Hwi_nvic                                         
ffffffff  __TI_pprof_out_hndl                                                       
ffffffff  __TI_prof_data_size                                                       
ffffffff  __TI_prof_data_start                                                      
ffffffff  __binit__                                                                 
ffffffff  __c_args__                                                                
ffffffff  binit                                                                     
UNDEFED   HwiP_restore                                                              
UNDEFED   SHT$$INIT_ARRAY$$Base                                                     
UNDEFED   SHT$$INIT_ARRAY$$Limit                                                    
UNDEFED   ti_sysbios_BIOS_RtsGateProxy_Handle__label__S__mangled__                  
UNDEFED   ti_sysbios_BIOS_RtsGateProxy_Object__delete__S__mangled__                 
UNDEFED   ti_sysbios_BIOS_RtsGateProxy_Params__init__S__mangled__                   
UNDEFED   ti_sysbios_BIOS_RtsGateProxy_query__E__mangled__                          
UNDEFED   ti_sysbios_hal_Hwi_HwiProxy_Module__startupDone__S__mangled__             
UNDEFED   ti_sysbios_hal_Hwi_HwiProxy_Object__delete__S__mangled__                  
UNDEFED   ti_sysbios_hal_Hwi_HwiProxy_Params__init__S__mangled__                    
UNDEFED   ti_sysbios_hal_Hwi_HwiProxy_disableInterrupt__E__mangled__                
UNDEFED   ti_sysbios_hal_Hwi_HwiProxy_enableInterrupt__E__mangled__                 
UNDEFED   ti_sysbios_hal_Hwi_HwiProxy_getStackInfo__E__mangled__                    
UNDEFED   ti_sysbios_hal_Hwi_HwiProxy_startup__E__mangled__                         
UNDEFED   ti_sysbios_hal_Hwi_HwiProxy_switchFromBootStack__E__mangled__             
UNDEFED   ti_sysbios_hal_Hwi_disableInterrupt__E                                    
UNDEFED   ti_sysbios_hal_Hwi_enableInterrupt__E                                     
UNDEFED   ti_sysbios_hal_Hwi_getStackInfo__E                                        
UNDEFED   ti_sysbios_hal_Hwi_startup__E                                             
UNDEFED   ti_sysbios_hal_Hwi_switchFromBootStack__E                                 
UNDEFED   ti_sysbios_heaps_HeapMem_Module_GateProxy_Handle__label__S__mangled__     
UNDEFED   ti_sysbios_heaps_HeapMem_Module_GateProxy_Object__delete__S__mangled__    
UNDEFED   ti_sysbios_heaps_HeapMem_Module_GateProxy_Params__init__S__mangled__      
UNDEFED   ti_sysbios_heaps_HeapMem_Module_GateProxy_query__E__mangled__             
UNDEFED   ti_sysbios_knl_Clock_TimerProxy_Module__startupDone__S__mangled__         
UNDEFED   ti_sysbios_knl_Clock_TimerProxy_startup__E__mangled__                     
UNDEFED   ti_sysbios_knl_Task_SupportProxy_Module__startupDone__S__mangled__        
UNDEFED   ti_sysbios_knl_Task_SupportProxy_getStackAlignment__E__mangled__          
UNDEFED   ti_sysbios_knl_Task_SupportProxy_start__E__mangled__                      
UNDEFED   ti_sysbios_knl_Task_SupportProxy_swap__E__mangled__                       
UNDEFED   xdc_runtime_Main_Module_GateProxy_Handle__label__S                        
UNDEFED   xdc_runtime_Main_Module_GateProxy_Object__delete__S                       
UNDEFED   xdc_runtime_Main_Module_GateProxy_query__E                                
UNDEFED   xdc_runtime_Memory_HeapProxy_Handle__label__S__mangled__                  
UNDEFED   xdc_runtime_Memory_HeapProxy_Object__delete__S__mangled__                 
UNDEFED   xdc_runtime_System_Module_GateProxy_Handle__label__S__mangled__           
UNDEFED   xdc_runtime_System_Module_GateProxy_Object__delete__S__mangled__          
UNDEFED   xdc_runtime_System_Module_GateProxy_query__E__mangled__                   
UNDEFED   xdc_runtime_System_SupportProxy_abort__E                                  
UNDEFED   xdc_runtime_System_SupportProxy_exit__E                                   
UNDEFED   xdc_runtime_Timestamp_SupportProxy_get64__E__mangled__                    
UNDEFED   xdc_runtime_Timestamp_SupportProxy_getFreq__E__mangled__                  
UNDEFED   xdc_runtime_Timestamp_get32__E                                            
UNDEFED   xdc_runtime_Timestamp_get64__E                                            
UNDEFED   xdc_runtime_Timestamp_getFreq__E                                          

[1196 symbols]
